../Src/main.c:35:6:Bootloader_Print	16	static
../Src/main.c:43:6:CRC_Init	16	static
../Src/main.c:51:10:Calculate_CRC32	104	static
../Src/main.c:85:9:Bootloader_ApplicationValid	16	static
../Src/main.c:97:6:Bootloader_JumpToApplication	24	static,ignoring_inline_asm
../Src/main.c:120:9:Bootloader_EraseFlash	32	static
../Src/main.c:148:9:Bootloader_WriteFlash	40	static
../Src/main.c:178:9:Bootloader_ReceiveFirmware	248	static
../Src/main.c:291:9:Bootloader_CheckForUpdate	32	static
../Src/main.c:332:5:main	24	static
../Src/main.c:410:6:LED_GPIO_Init	32	static
../Src/main.c:421:6:UART2_GPIO_Init	32	static
../Src/main.c:433:6:UART2_Init	16	static
../Src/main.c:446:6:SystemClock_Config	80	static
../Src/main.c:476:6:SysTick_Handler	8	static
../Src/main.c:481:6:HardFault_Handler	16	static
