Archive member included to satisfy reference by file (symbol)

C:/ST/STM32CubeIDE_2.1.1/STM32CubeIDE/plugins/com.st.stm32cube.ide.mcu.externaltools.gnu-tools-for-stm32.14.3.rel1.win32_1.0.100.202602081740/tools/bin/../lib/gcc/arm-none-eabi/14.3.1/../../../../arm-none-eabi/lib/thumb/v7e-m+fp/hard\libc_nano.a(libc_a-exit.o)
                              C:/ST/STM32CubeIDE_2.1.1/STM32CubeIDE/plugins/com.st.stm32cube.ide.mcu.externaltools.gnu-tools-for-stm32.14.3.rel1.win32_1.0.100.202602081740/tools/bin/../lib/gcc/arm-none-eabi/14.3.1/../../../../arm-none-eabi/lib/thumb/v7e-m+fp/hard/crt0.o (exit)
C:/ST/STM32CubeIDE_2.1.1/STM32CubeIDE/plugins/com.st.stm32cube.ide.mcu.externaltools.gnu-tools-for-stm32.14.3.rel1.win32_1.0.100.202602081740/tools/bin/../lib/gcc/arm-none-eabi/14.3.1/../../../../arm-none-eabi/lib/thumb/v7e-m+fp/hard\libc_nano.a(libc_a-findfp.o)
                              C:/ST/STM32CubeIDE_2.1.1/STM32CubeIDE/plugins/com.st.stm32cube.ide.mcu.externaltools.gnu-tools-for-stm32.14.3.rel1.win32_1.0.100.202602081740/tools/bin/../lib/gcc/arm-none-eabi/14.3.1/../../../../arm-none-eabi/lib/thumb/v7e-m+fp/hard\libc_nano.a(libc_a-exit.o) (__stdio_exit_handler)
C:/ST/STM32CubeIDE_2.1.1/STM32CubeIDE/plugins/com.st.stm32cube.ide.mcu.externaltools.gnu-tools-for-stm32.14.3.rel1.win32_1.0.100.202602081740/tools/bin/../lib/gcc/arm-none-eabi/14.3.1/../../../../arm-none-eabi/lib/thumb/v7e-m+fp/hard\libc_nano.a(libc_a-fwalk.o)
                              C:/ST/STM32CubeIDE_2.1.1/STM32CubeIDE/plugins/com.st.stm32cube.ide.mcu.externaltools.gnu-tools-for-stm32.14.3.rel1.win32_1.0.100.202602081740/tools/bin/../lib/gcc/arm-none-eabi/14.3.1/../../../../arm-none-eabi/lib/thumb/v7e-m+fp/hard\libc_nano.a(libc_a-findfp.o) (_fwalk_sglue)
C:/ST/STM32CubeIDE_2.1.1/STM32CubeIDE/plugins/com.st.stm32cube.ide.mcu.externaltools.gnu-tools-for-stm32.14.3.rel1.win32_1.0.100.202602081740/tools/bin/../lib/gcc/arm-none-eabi/14.3.1/../../../../arm-none-eabi/lib/thumb/v7e-m+fp/hard\libc_nano.a(libc_a-sprintf.o)
                              ./Src/main.o (sprintf)
C:/ST/STM32CubeIDE_2.1.1/STM32CubeIDE/plugins/com.st.stm32cube.ide.mcu.externaltools.gnu-tools-for-stm32.14.3.rel1.win32_1.0.100.202602081740/tools/bin/../lib/gcc/arm-none-eabi/14.3.1/../../../../arm-none-eabi/lib/thumb/v7e-m+fp/hard\libc_nano.a(libc_a-stdio.o)
                              C:/ST/STM32CubeIDE_2.1.1/STM32CubeIDE/plugins/com.st.stm32cube.ide.mcu.externaltools.gnu-tools-for-stm32.14.3.rel1.win32_1.0.100.202602081740/tools/bin/../lib/gcc/arm-none-eabi/14.3.1/../../../../arm-none-eabi/lib/thumb/v7e-m+fp/hard\libc_nano.a(libc_a-findfp.o) (__sread)
C:/ST/STM32CubeIDE_2.1.1/STM32CubeIDE/plugins/com.st.stm32cube.ide.mcu.externaltools.gnu-tools-for-stm32.14.3.rel1.win32_1.0.100.202602081740/tools/bin/../lib/gcc/arm-none-eabi/14.3.1/../../../../arm-none-eabi/lib/thumb/v7e-m+fp/hard\libc_nano.a(libc_a-memset.o)
                              C:/ST/STM32CubeIDE_2.1.1/STM32CubeIDE/plugins/com.st.stm32cube.ide.mcu.externaltools.gnu-tools-for-stm32.14.3.rel1.win32_1.0.100.202602081740/tools/bin/../lib/gcc/arm-none-eabi/14.3.1/../../../../arm-none-eabi/lib/thumb/v7e-m+fp/hard/crt0.o (memset)
C:/ST/STM32CubeIDE_2.1.1/STM32CubeIDE/plugins/com.st.stm32cube.ide.mcu.externaltools.gnu-tools-for-stm32.14.3.rel1.win32_1.0.100.202602081740/tools/bin/../lib/gcc/arm-none-eabi/14.3.1/../../../../arm-none-eabi/lib/thumb/v7e-m+fp/hard\libc_nano.a(libc_a-closer.o)
                              C:/ST/STM32CubeIDE_2.1.1/STM32CubeIDE/plugins/com.st.stm32cube.ide.mcu.externaltools.gnu-tools-for-stm32.14.3.rel1.win32_1.0.100.202602081740/tools/bin/../lib/gcc/arm-none-eabi/14.3.1/../../../../arm-none-eabi/lib/thumb/v7e-m+fp/hard\libc_nano.a(libc_a-stdio.o) (_close_r)
C:/ST/STM32CubeIDE_2.1.1/STM32CubeIDE/plugins/com.st.stm32cube.ide.mcu.externaltools.gnu-tools-for-stm32.14.3.rel1.win32_1.0.100.202602081740/tools/bin/../lib/gcc/arm-none-eabi/14.3.1/../../../../arm-none-eabi/lib/thumb/v7e-m+fp/hard\libc_nano.a(libc_a-reent.o)
                              C:/ST/STM32CubeIDE_2.1.1/STM32CubeIDE/plugins/com.st.stm32cube.ide.mcu.externaltools.gnu-tools-for-stm32.14.3.rel1.win32_1.0.100.202602081740/tools/bin/../lib/gcc/arm-none-eabi/14.3.1/../../../../arm-none-eabi/lib/thumb/v7e-m+fp/hard\libc_nano.a(libc_a-closer.o) (errno)
C:/ST/STM32CubeIDE_2.1.1/STM32CubeIDE/plugins/com.st.stm32cube.ide.mcu.externaltools.gnu-tools-for-stm32.14.3.rel1.win32_1.0.100.202602081740/tools/bin/../lib/gcc/arm-none-eabi/14.3.1/../../../../arm-none-eabi/lib/thumb/v7e-m+fp/hard\libc_nano.a(libc_a-impure.o)
                              C:/ST/STM32CubeIDE_2.1.1/STM32CubeIDE/plugins/com.st.stm32cube.ide.mcu.externaltools.gnu-tools-for-stm32.14.3.rel1.win32_1.0.100.202602081740/tools/bin/../lib/gcc/arm-none-eabi/14.3.1/../../../../arm-none-eabi/lib/thumb/v7e-m+fp/hard\libc_nano.a(libc_a-sprintf.o) (_impure_ptr)
[...]
Memory Configuration

Name             Origin             Length             Attributes
RAM              0x20000000         0x00020000         xrw
FLASH            0x08000000         0x00080000         xr
*default*        0x00000000         0xffffffff

Linker script and memory map

LOAD C:/ST/STM32CubeIDE_2.1.1/STM32CubeIDE/plugins/com.st.stm32cube.ide.mcu.externaltools.gnu-tools-for-stm32.14.3.rel1.win32_1.0.100.202602081740/tools/bin/../lib/gcc/arm-none-eabi/14.3.1/thumb/v7e-m+fp/hard/crti.o
LOAD C:/ST/STM32CubeIDE_2.1.1/STM32CubeIDE/plugins/com.st.stm32cube.ide.mcu.externaltools.gnu-tools-for-stm32.14.3.rel1.win32_1.0.100.202602081740/tools/bin/../lib/gcc/arm-none-eabi/14.3.1/thumb/v7e-m+fp/hard/crtbegin.o
LOAD C:/ST/STM32CubeIDE_2.1.1/STM32CubeIDE/plugins/com.st.stm32cube.ide.mcu.externaltools.gnu-tools-for-stm32.14.3.rel1.win32_1.0.100.202602081740/tools/bin/../lib/gcc/arm-none-eabi/14.3.1/../../../../arm-none-eabi/lib/thumb/v7e-m+fp/hard/crt0.o
LOAD ./Src/FreeRTOS/list.o
LOAD ./Src/FreeRTOS/queue.o
LOAD ./Src/FreeRTOS/tasks.o
LOAD ./Src/FreeRTOS/timers.o
LOAD ./Src/FreeRTOS/portable/GCC/ARM_CM4F/port.o
LOAD ./Src/FreeRTOS/portable/MemMang/heap_4.o
LOAD ./Src/main.o
LOAD ./Src/stm32f4xx_hal.o
LOAD ./Src/stm32f4xx_hal_cortex.o
LOAD ./Src/stm32f4xx_hal_dma.o
LOAD ./Src/stm32f4xx_hal_gpio.o
LOAD ./Src/stm32f4xx_hal_pwr.o
LOAD ./Src/stm32f4xx_hal_pwr_ex.o
LOAD ./Src/stm32f4xx_hal_rcc.o
LOAD ./Src/stm32f4xx_hal_rcc_ex.o
LOAD ./Src/stm32f4xx_hal_tim.o
LOAD ./Src/stm32f4xx_hal_tim_ex.o
LOAD ./Src/stm32f4xx_hal_uart.o
LOAD ./Src/syscalls.o
LOAD ./Src/sysmem.o
LOAD ./Src/system_stm32f4xx.o
LOAD ./Startup/startup_stm32f411retx.o
START GROUP
LOAD C:/ST/STM32CubeIDE_2.1.1/STM32CubeIDE/plugins/com.st.stm32cube.ide.mcu.externaltools.gnu-tools-for-stm32.14.3.rel1.win32_1.0.100.202602081740/tools/bin/../lib/gcc/arm-none-eabi/14.3.1/../../../../arm-none-eabi/lib/thumb/v7e-m+fp/hard\libc_nano.a
LOAD C:/ST/STM32CubeIDE_2.1.1/STM32CubeIDE/plugins/com.st.stm32cube.ide.mcu.externaltools.gnu-tools-for-stm32.14.3.rel1.win32_1.0.100.202602081740/tools/bin/../lib/gcc/arm-none-eabi/14.3.1/../../../../arm-none-eabi/lib/thumb/v7e-m+fp/hard\libm.a
END GROUP
START GROUP
LOAD C:/ST/STM32CubeIDE_2.1.1/STM32CubeIDE/plugins/com.st.stm32cube.ide.mcu.externaltools.gnu-tools-for-stm32.14.3.rel1.win32_1.0.100.202602081740/tools/bin/../lib/gcc/arm-none-eabi/14.3.1/thumb/v7e-m+fp/hard\libgcc.a
LOAD C:/ST/STM32CubeIDE_2.1.1/STM32CubeIDE/plugins/com.st.stm32cube.ide.mcu.externaltools.gnu-tools-for-stm32.14.3.rel1.win32_1.0.100.202602081740/tools/bin/../lib/gcc/arm-none-eabi/14.3.1/../../../../arm-none-eabi/lib/thumb/v7e-m+fp/hard\libc_nano.a
END GROUP
START GROUP
LOAD C:/ST/STM32CubeIDE_2.1.1/STM32CubeIDE/plugins/com.st.stm32cube.ide.mcu.externaltools.gnu-tools-for-stm32.14.3.rel1.win32_1.0.100.202602081740/tools/bin/../lib/gcc/arm-none-eabi/14.3.1/thumb/v7e-m+fp/hard\libgcc.a
LOAD C:/ST/STM32CubeIDE_2.1.1/STM32CubeIDE/plugins/com.st.stm32cube.ide.mcu.externaltools.gnu-tools-for-stm32.14.3.rel1.win32_1.0.100.202602081740/tools/bin/../lib/gcc/arm-none-eabi/14.3.1/../../../../arm-none-eabi/lib/thumb/v7e-m+fp/hard\libc_nano.a
LOAD C:/ST/STM32CubeIDE_2.1.1/STM32CubeIDE/plugins/com.st.stm32cube.ide.mcu.externaltools.gnu-tools-for-stm32.14.3.rel1.win32_1.0.100.202602081740/tools/bin/../lib/gcc/arm-none-eabi/14.3.1/../../../../arm-none-eabi/lib/thumb/v7e-m+fp/hard\libnosys.a
END GROUP
START GROUP
LOAD C:/ST/STM32CubeIDE_2.1.1/STM32CubeIDE/plugins/com.st.stm32cube.ide.mcu.externaltools.gnu-tools-for-stm32.14.3.rel1.win32_1.0.100.202602081740/tools/bin/../lib/gcc/arm-none-eabi/14.3.1/thumb/v7e-m+fp/hard\libgcc.a
LOAD C:/ST/STM32CubeIDE_2.1.1/STM32CubeIDE/plugins/com.st.stm32cube.ide.mcu.externaltools.gnu-tools-for-stm32.14.3.rel1.win32_1.0.100.202602081740/tools/bin/../lib/gcc/arm-none-eabi/14.3.1/../../../../arm-none-eabi/lib/thumb/v7e-m+fp/hard\libc_nano.a
LOAD C:/ST/STM32CubeIDE_2.1.1/STM32CubeIDE/plugins/com.st.stm32cube.ide.mcu.externaltools.gnu-tools-for-stm32.14.3.rel1.win32_1.0.100.202602081740/tools/bin/../lib/gcc/arm-none-eabi/14.3.1/../../../../arm-none-eabi/lib/thumb/v7e-m+fp/hard\libnosys.a
END GROUP
LOAD C:/ST/STM32CubeIDE_2.1.1/STM32CubeIDE/plugins/com.st.stm32cube.ide.mcu.externaltools.gnu-tools-for-stm32.14.3.rel1.win32_1.0.100.202602081740/tools/bin/../lib/gcc/arm-none-eabi/14.3.1/thumb/v7e-m+fp/hard/crtend.o
LOAD C:/ST/STM32CubeIDE_2.1.1/STM32CubeIDE/plugins/com.st.stm32cube.ide.mcu.externaltools.gnu-tools-for-stm32.14.3.rel1.win32_1.0.100.202602081740/tools/bin/../lib/gcc/arm-none-eabi/14.3.1/thumb/v7e-m+fp/hard/crtn.o
                0x20020000                        _estack = (ORIGIN (RAM) + LENGTH (RAM))
                0x00000200                        _Min_Heap_Size = 0x200
                0x00000400                        _Min_Stack_Size = 0x400

.isr_vector     0x08000000      0x198
                0x08000000                        . = ALIGN (0x4)
 *(.isr_vector)
 .isr_vector    0x08000000      0x198 ./Startup/startup_stm32f411retx.o
                0x08000000                g_pfnVectors
                0x08000198                        . = ALIGN (0x4)

.text           0x080001a0     0x3b80
                0x080001a0                        . = ALIGN (0x4)
 *(.text)
 .text          0x080001a0       0x40 C:/ST/STM32CubeIDE_2.1.1/STM32CubeIDE/plugins/com.st.stm32cube.ide.mcu.externaltools.gnu-tools-for-stm32.14.3.rel1.win32_1.0.100.202602081740/tools/bin/../lib/gcc/arm-none-eabi/14.3.1/thumb/v7e-m+fp/hard/crtbegin.o
 .text          0x080001e0       0x10 C:/ST/STM32CubeIDE_2.1.1/STM32CubeIDE/plugins/com.st.stm32cube.ide.mcu.externaltools.gnu-tools-for-stm32.14.3.rel1.win32_1.0.100.202602081740/tools/bin/../lib/gcc/arm-none-eabi/14.3.1/../../../../arm-none-eabi/lib/thumb/v7e-m+fp/hard\libc_nano.a(libc_a-strlen.o)
                0x080001e0                strlen
 .text          0x080001f0       0xa0 C:/ST/STM32CubeIDE_2.1.1/STM32CubeIDE/plugins/com.st.stm32cube.ide.mcu.externaltools.gnu-tools-for-stm32.14.3.rel1.win32_1.0.100.202602081740/tools/bin/../lib/gcc/arm-none-eabi/14.3.1/../../../../arm-none-eabi/lib/thumb/v7e-m+fp/hard\libc_nano.a(libc_a-memchr.o)
                0x080001f0                memchr
 .text          0x08000290       0x30 C:/ST/STM32CubeIDE_2.1.1/STM32CubeIDE/plugins/com.st.stm32cube.ide.mcu.externaltools.gnu-tools-for-stm32.14.3.rel1.win32_1.0.100.202602081740/tools/bin/../lib/gcc/arm-none-eabi/14.3.1/thumb/v7e-m+fp/hard\libgcc.a(_aeabi_uldivmod.o)
                0x08000290                __aeabi_uldivmod
 .text          0x080002c0      0x2f8 C:/ST/STM32CubeIDE_2.1.1/STM32CubeIDE/plugins/com.st.stm32cube.ide.mcu.externaltools.gnu-tools-for-stm32.14.3.rel1.win32_1.0.100.202602081740/tools/bin/../lib/gcc/arm-none-eabi/14.3.1/thumb/v7e-m+fp/hard\libgcc.a(_udivmoddi4.o)
                0x080002c0                __udivmoddi4
 .text          0x080005b8        0x4 C:/ST/STM32CubeIDE_2.1.1/STM32CubeIDE/plugins/com.st.stm32cube.ide.mcu.externaltools.gnu-tools-for-stm32.14.3.rel1.win32_1.0.100.202602081740/tools/bin/../lib/gcc/arm-none-eabi/14.3.1/thumb/v7e-m+fp/hard\libgcc.a(_dvmd_tls.o)
                0x080005b8                __aeabi_idiv0
                0x080005b8                __aeabi_ldiv0
 *(.text*)
 .text.vListInitialise
                0x080005bc       0x40 ./Src/FreeRTOS/list.o
                0x080005bc                vListInitialise
 .text.vListInitialiseItem
                0x080005fc       0x1a ./Src/FreeRTOS/list.o
                0x080005fc                vListInitialiseItem
 .text.vListInsert
                0x08000616       0x72 ./Src/FreeRTOS/list.o
                0x08000616                vListInsert
 .text.uxListRemove
                0x08000688       0x54 ./Src/FreeRTOS/list.o
                0x08000688                uxListRemove
 .text.prvCreateTask
                0x080006dc       0x78 ./Src/FreeRTOS/tasks.o
 .text.xTaskCreate
                0x08000754       0x46 ./Src/FreeRTOS/tasks.o
                0x08000754                xTaskCreate
 .text.prvInitialiseNewTask
                0x0800079a       0xe0 ./Src/FreeRTOS/tasks.o
 *fill*         0x0800087a        0x2 
 .text.prvAddNewTaskToReadyList
                0x0800087c      0x128 ./Src/FreeRTOS/tasks.o
 .text.vTaskDelay
                0x080009a4       0x48 ./Src/FreeRTOS/tasks.o
                0x080009a4                vTaskDelay
 .text.prvCreateIdleTasks
                0x080009ec       0x94 ./Src/FreeRTOS/tasks.o
 .text.vTaskStartScheduler
                0x08000a80       0x5c ./Src/FreeRTOS/tasks.o
                0x08000a80                vTaskStartScheduler
 .text.vTaskSuspendAll
                0x08000adc       0x1c ./Src/FreeRTOS/tasks.o
                0x08000adc                vTaskSuspendAll
 .text.xTaskResumeAll
                0x08000af8      0x1f0 ./Src/FreeRTOS/tasks.o
                0x08000af8                xTaskResumeAll
 .text.xTaskIncrementTick
                0x08000ce8      0x210 ./Src/FreeRTOS/tasks.o
                0x08000ce8                xTaskIncrementTick
 .text.vTaskSwitchContext
                0x08000ef8       0xdc ./Src/FreeRTOS/tasks.o
                0x08000ef8                vTaskSwitchContext
 .text.prvIdleTask
                0x08000fd4       0x30 ./Src/FreeRTOS/tasks.o
 .text.prvInitialiseTaskLists
                0x08001004       0x80 ./Src/FreeRTOS/tasks.o
 .text.prvCheckTasksWaitingTermination
                0x08001084       0x5c ./Src/FreeRTOS/tasks.o
 .text.prvDeleteTCB
                0x080010e0       0x20 ./Src/FreeRTOS/tasks.o
 .text.prvResetNextTaskUnblockTime
                0x08001100       0x38 ./Src/FreeRTOS/tasks.o
 .text.xTaskGetSchedulerState
                0x08001138       0x3c ./Src/FreeRTOS/tasks.o
                0x08001138                xTaskGetSchedulerState
 .text.prvAddCurrentTaskToDelayedList
                0x08001174      0x104 ./Src/FreeRTOS/tasks.o
 .text.pxPortInitialiseStack
                0x08001278       0x68 ./Src/FreeRTOS/portable/GCC/ARM_CM4F/port.o
                0x08001278                pxPortInitialiseStack
 .text.prvTaskExitError
                0x080012e0       0x34 ./Src/FreeRTOS/portable/GCC/ARM_CM4F/port.o
 *fill*         0x08001314        0xc 
 .text.SVC_Handler
                0x08001320       0x28 ./Src/FreeRTOS/portable/GCC/ARM_CM4F/port.o
                0x08001320                SVC_Handler
 .text.prvPortStartFirstTask
                0x08001348       0x2c ./Src/FreeRTOS/portable/GCC/ARM_CM4F/port.o
 .text.xPortStartScheduler
                0x08001374       0x70 ./Src/FreeRTOS/portable/GCC/ARM_CM4F/port.o
                0x08001374                xPortStartScheduler
 .text.vPortEnterCritical
                0x080013e4       0x34 ./Src/FreeRTOS/portable/GCC/ARM_CM4F/port.o
                0x080013e4                vPortEnterCritical
 .text.vPortExitCritical
                0x08001418       0x34 ./Src/FreeRTOS/portable/GCC/ARM_CM4F/port.o
                0x08001418                vPortExitCritical
 *fill*         0x0800144c        0x4 
 .text.PendSV_Handler
                0x08001450       0x68 ./Src/FreeRTOS/portable/GCC/ARM_CM4F/port.o
                0x08001450                PendSV_Handler
 .text.xPortSysTickHandler
                0x080014b8       0x44 ./Src/FreeRTOS/portable/GCC/ARM_CM4F/port.o
                0x080014b8                xPortSysTickHandler
 .text.vPortSetupTimerInterrupt
                0x080014fc       0x34 ./Src/FreeRTOS/portable/GCC/ARM_CM4F/port.o
                0x080014fc                vPortSetupTimerInterrupt
 .text.vPortEnableVFP
                0x08001530       0x18 ./Src/FreeRTOS/portable/GCC/ARM_CM4F/port.o
 .text.pvPortMalloc
                0x08001548      0x164 ./Src/FreeRTOS/portable/MemMang/heap_4.o
                0x08001548                pvPortMalloc
 .text.vPortFree
                0x080016ac       0x74 ./Src/FreeRTOS/portable/MemMang/heap_4.o
                0x080016ac                vPortFree
 .text.prvHeapInit
                0x08001720       0xb4 ./Src/FreeRTOS/portable/MemMang/heap_4.o
 .text.prvInsertBlockIntoFreeList
                0x080017d4       0xb4 ./Src/FreeRTOS/portable/MemMang/heap_4.o
 .text.LED_Task
                0x08001888       0x20 ./Src/main.o
                0x08001888                LED_Task
 .text.UART_Task
                0x080018a8       0x50 ./Src/main.o
                0x080018a8                UART_Task
 .text.main     0x080018f8       0x94 ./Src/main.o
                0x080018f8                main
 .text.LED_GPIO_Init
                0x0800198c       0x5c ./Src/main.o
                0x0800198c                LED_GPIO_Init
 .text.UART2_GPIO_Init
                0x080019e8       0x60 ./Src/main.o
                0x080019e8                UART2_GPIO_Init
 .text.UART2_Init
                0x08001a48       0x68 ./Src/main.o
                0x08001a48                UART2_Init
 .text.SystemClock_Config
                0x08001ab0       0x64 ./Src/main.o
                0x08001ab0                SystemClock_Config
 .text.SysTick_Handler
                0x08001b14       0x1a ./Src/main.o
                0x08001b14                SysTick_Handler
 *fill*         0x08001b2e        0x2 
 .text.HardFault_Handler
                0x08001b30       0x2c ./Src/main.o
                0x08001b30                HardFault_Handler
 .text.vApplicationStackOverflowHook
                0x08001b5c       0x30 ./Src/main.o
                0x08001b5c                vApplicationStackOverflowHook
 .text.vApplicationMallocFailedHook
                0x08001b8c       0x2c ./Src/main.o
                0x08001b8c                vApplicationMallocFailedHook
 .text.HAL_Init
                0x08001bb8       0x44 ./Src/stm32f4xx_hal.o
                0x08001bb8                HAL_Init
 .text.HAL_MspInit
                0x08001bfc        0xe ./Src/stm32f4xx_hal.o
                0x08001bfc                HAL_MspInit
 *fill*         0x08001c0a        0x2 
 .text.HAL_InitTick
                0x08001c0c       0x60 ./Src/stm32f4xx_hal.o
                0x08001c0c                HAL_InitTick
 .text.HAL_IncTick
                0x08001c6c       0x28 ./Src/stm32f4xx_hal.o
                0x08001c6c                HAL_IncTick
 .text.HAL_GetTick
                0x08001c94       0x18 ./Src/stm32f4xx_hal.o
                0x08001c94                HAL_GetTick
 .text.HAL_Delay
                0x08001cac       0x48 ./Src/stm32f4xx_hal.o
                0x08001cac                HAL_Delay
 .text.__NVIC_SetPriorityGrouping
                0x08001cf4       0x48 ./Src/stm32f4xx_hal_cortex.o
 .text.__NVIC_GetPriorityGrouping
                0x08001d3c       0x1c ./Src/stm32f4xx_hal_cortex.o
 .text.__NVIC_SetPriority
                0x08001d58       0x54 ./Src/stm32f4xx_hal_cortex.o
 .text.NVIC_EncodePriority
                0x08001dac       0x66 ./Src/stm32f4xx_hal_cortex.o
 *fill*         0x08001e12        0x2 
 .text.SysTick_Config
                0x08001e14       0x44 ./Src/stm32f4xx_hal_cortex.o
 .text.HAL_NVIC_SetPriorityGrouping
                0x08001e58       0x16 ./Src/stm32f4xx_hal_cortex.o
                0x08001e58                HAL_NVIC_SetPriorityGrouping
 .text.HAL_NVIC_SetPriority
                0x08001e6e       0x38 ./Src/stm32f4xx_hal_cortex.o
                0x08001e6e                HAL_NVIC_SetPriority
 .text.HAL_SYSTICK_Config
                0x08001ea6       0x18 ./Src/stm32f4xx_hal_cortex.o
                0x08001ea6                HAL_SYSTICK_Config
 *fill*         0x08001ebe        0x2 
 .text.HAL_GPIO_Init
                0x08001ec0      0x308 ./Src/stm32f4xx_hal_gpio.o
                0x08001ec0                HAL_GPIO_Init
 .text.HAL_GPIO_TogglePin
                0x080021c8       0x34 ./Src/stm32f4xx_hal_gpio.o
                0x080021c8                HAL_GPIO_TogglePin
 .text.HAL_RCC_OscConfig
                0x080021fc      0x4f0 ./Src/stm32f4xx_hal_rcc.o
                0x080021fc                HAL_RCC_OscConfig
 .text.HAL_RCC_ClockConfig
                0x080026ec      0x1cc ./Src/stm32f4xx_hal_rcc.o
                0x080026ec                HAL_RCC_ClockConfig
 .text.HAL_RCC_GetSysClockFreq
                0x080028b8      0x188 ./Src/stm32f4xx_hal_rcc.o
                0x080028b8                HAL_RCC_GetSysClockFreq
 .text.HAL_RCC_GetHCLKFreq
                0x08002a40       0x18 ./Src/stm32f4xx_hal_rcc.o
                0x08002a40                HAL_RCC_GetHCLKFreq
 .text.HAL_RCC_GetPCLK1Freq
                0x08002a58       0x28 ./Src/stm32f4xx_hal_rcc.o
                0x08002a58                HAL_RCC_GetPCLK1Freq
 .text.HAL_RCC_GetPCLK2Freq
                0x08002a80       0x28 ./Src/stm32f4xx_hal_rcc.o
                0x08002a80                HAL_RCC_GetPCLK2Freq
 .text.HAL_UART_Init
                0x08002aa8       0xa0 ./Src/stm32f4xx_hal_uart.o
                0x08002aa8                HAL_UART_Init
 .text.HAL_UART_MspInit
                0x08002b48       0x14 ./Src/stm32f4xx_hal_uart.o
                0x08002b48                HAL_UART_MspInit
 .text.HAL_UART_Transmit
                0x08002b5c      0x116 ./Src/stm32f4xx_hal_uart.o
                0x08002b5c                HAL_UART_Transmit
 .text.UART_WaitOnFlagUntilTimeout
                0x08002c72       0xb2 ./Src/stm32f4xx_hal_uart.o
 .text.UART_EndRxTransfer
                0x08002d24       0xc6 ./Src/stm32f4xx_hal_uart.o
 *fill*         0x08002dea        0x2 
 .text.UART_SetConfig
                0x08002dec      0x4e8 ./Src/stm32f4xx_hal_uart.o
 .text._sbrk    0x080032d4       0x6c ./Src/sysmem.o
                0x080032d4                _sbrk
 .text.SystemInit
                0x08003340       0x24 ./Src/system_stm32f4xx.o
                0x08003340                SystemInit
 .text.Reset_Handler
                0x08003364       0x50 ./Startup/startup_stm32f411retx.o
                0x08003364                Reset_Handler
 .text.Default_Handler
                0x080033b4        0x2 ./Startup/startup_stm32f411retx.o
                0x080033b4                RTC_Alarm_IRQHandler
                0x080033b4                EXTI2_IRQHandler
                0x080033b4                DebugMon_Handler
                0x080033b4                SPI4_IRQHandler
                0x080033b4                TIM1_CC_IRQHandler
                0x080033b4                DMA2_Stream5_IRQHandler
                0x080033b4                DMA1_Stream5_IRQHandler
                0x080033b4                PVD_IRQHandler
                0x080033b4                SDIO_IRQHandler
                0x080033b4                TAMP_STAMP_IRQHandler
                0x080033b4                NMI_Handler
                0x080033b4                EXTI3_IRQHandler
                0x080033b4                TIM1_UP_TIM10_IRQHandler
                0x080033b4                I2C3_ER_IRQHandler
                0x080033b4                EXTI0_IRQHandler
                0x080033b4                I2C2_EV_IRQHandler
                0x080033b4                DMA1_Stream2_IRQHandler
                0x080033b4                UsageFault_Handler
                0x080033b4                DMA2_Stream2_IRQHandler
                0x080033b4                SPI1_IRQHandler
                0x080033b4                TIM1_BRK_TIM9_IRQHandler
                0x080033b4                DMA2_Stream3_IRQHandler
                0x080033b4                USART6_IRQHandler
                0x080033b4                DMA2_Stream0_IRQHandler
                0x080033b4                TIM4_IRQHandler
                0x080033b4                I2C1_EV_IRQHandler
                0x080033b4                DMA1_Stream6_IRQHandler
                0x080033b4                DMA1_Stream1_IRQHandler
                0x080033b4                TIM3_IRQHandler
                0x080033b4                RCC_IRQHandler
                0x080033b4                Default_Handler
                0x080033b4                EXTI15_10_IRQHandler
                0x080033b4                ADC_IRQHandler
                0x080033b4                DMA1_Stream7_IRQHandler
                0x080033b4                SPI5_IRQHandler
                0x080033b4                TIM5_IRQHandler
                0x080033b4                DMA2_Stream7_IRQHandler
                0x080033b4                I2C3_EV_IRQHandler
                0x080033b4                EXTI9_5_IRQHandler
                0x080033b4                RTC_WKUP_IRQHandler
                0x080033b4                SPI2_IRQHandler
                0x080033b4                MemManage_Handler
                0x080033b4                DMA1_Stream0_IRQHandler
                0x080033b4                EXTI4_IRQHandler
                0x080033b4                WWDG_IRQHandler
                0x080033b4                TIM2_IRQHandler
                0x080033b4                OTG_FS_WKUP_IRQHandler
                0x080033b4                TIM1_TRG_COM_TIM11_IRQHandler
                0x080033b4                EXTI1_IRQHandler
                0x080033b4                USART2_IRQHandler
                0x080033b4                I2C2_ER_IRQHandler
                0x080033b4                DMA2_Stream1_IRQHandler
                0x080033b4                FLASH_IRQHandler
                0x080033b4                DMA2_Stream4_IRQHandler
                0x080033b4                BusFault_Handler
                0x080033b4                USART1_IRQHandler
                0x080033b4                OTG_FS_IRQHandler
                0x080033b4                SPI3_IRQHandler
                0x080033b4                DMA1_Stream4_IRQHandler
                0x080033b4                I2C1_ER_IRQHandler
                0x080033b4                DMA2_Stream6_IRQHandler
                0x080033b4                DMA1_Stream3_IRQHandler
 *fill*         0x080033b6        0x2 
 .text.sprintf  0x080033b8       0x44 C:/ST/STM32CubeIDE_2.1.1/STM32CubeIDE/plugins/com.st.stm32cube.ide.mcu.externaltools.gnu-tools-for-stm32.14.3.rel1.win32_1.0.100.202602081740/tools/bin/../lib/gcc/arm-none-eabi/14.3.1/../../../../arm-none-eabi/lib/thumb/v7e-m+fp/hard\libc_nano.a(libc_a-sprintf.o)
                0x080033b8                siprintf
                0x080033b8                sprintf
 .text.memset   0x080033fc       0x10 C:/ST/STM32CubeIDE_2.1.1/STM32CubeIDE/plugins/com.st.stm32cube.ide.mcu.externaltools.gnu-tools-for-stm32.14.3.rel1.win32_1.0.100.202602081740/tools/bin/../lib/gcc/arm-none-eabi/14.3.1/../../../../arm-none-eabi/lib/thumb/v7e-m+fp/hard\libc_nano.a(libc_a-memset.o)
                0x080033fc                memset
 .text.__errno  0x0800340c        0xc C:/ST/STM32CubeIDE_2.1.1/STM32CubeIDE/plugins/com.st.stm32cube.ide.mcu.externaltools.gnu-tools-for-stm32.14.3.rel1.win32_1.0.100.202602081740/tools/bin/../lib/gcc/arm-none-eabi/14.3.1/../../../../arm-none-eabi/lib/thumb/v7e-m+fp/hard\libc_nano.a(libc_a-errno.o)
                0x0800340c                __errno
 .text.__libc_init_array
                0x08003418       0x48 C:/ST/STM32CubeIDE_2.1.1/STM32CubeIDE/plugins/com.st.stm32cube.ide.mcu.externaltools.gnu-tools-for-stm32.14.3.rel1.win32_1.0.100.202602081740/tools/bin/../lib/gcc/arm-none-eabi/14.3.1/../../../../arm-none-eabi/lib/thumb/v7e-m+fp/hard\libc_nano.a(libc_a-init.o)
                0x08003418                __libc_init_array
 .text.__retarget_lock_acquire_recursive
                0x08003460        0x2 C:/ST/STM32CubeIDE_2.1.1/STM32CubeIDE/plugins/com.st.stm32cube.ide.mcu.externaltools.gnu-tools-for-stm32.14.3.rel1.win32_1.0.100.202602081740/tools/bin/../lib/gcc/arm-none-eabi/14.3.1/../../../../arm-none-eabi/lib/thumb/v7e-m+fp/hard\libc_nano.a(libc_a-lock.o)
                0x08003460                __retarget_lock_acquire_recursive
 .text.__retarget_lock_release_recursive
                0x08003462        0x2 C:/ST/STM32CubeIDE_2.1.1/STM32CubeIDE/plugins/com.st.stm32cube.ide.mcu.externaltools.gnu-tools-for-stm32.14.3.rel1.win32_1.0.100.202602081740/tools/bin/../lib/gcc/arm-none-eabi/14.3.1/../../../../arm-none-eabi/lib/thumb/v7e-m+fp/hard\libc_nano.a(libc_a-lock.o)
                0x08003462                __retarget_lock_release_recursive
 .text.memcpy   0x08003464       0x1c C:/ST/STM32CubeIDE_2.1.1/STM32CubeIDE/plugins/com.st.stm32cube.ide.mcu.externaltools.gnu-tools-for-stm32.14.3.rel1.win32_1.0.100.202602081740/tools/bin/../lib/gcc/arm-none-eabi/14.3.1/../../../../arm-none-eabi/lib/thumb/v7e-m+fp/hard\libc_nano.a(libc_a-memcpy-stub.o)
                0x08003464                memcpy
 .text._free_r  0x08003480       0x94 C:/ST/STM32CubeIDE_2.1.1/STM32CubeIDE/plugins/com.st.stm32cube.ide.mcu.externaltools.gnu-tools-for-stm32.14.3.rel1.win32_1.0.100.202602081740/tools/bin/../lib/gcc/arm-none-eabi/14.3.1/../../../../arm-none-eabi/lib/thumb/v7e-m+fp/hard\libc_nano.a(libc_a-freer.o)
                0x08003480                _free_r
 .text.sbrk_aligned
                0x08003514       0x44 C:/ST/STM32CubeIDE_2.1.1/STM32CubeIDE/plugins/com.st.stm32cube.ide.mcu.externaltools.gnu-tools-for-stm32.14.3.rel1.win32_1.0.100.202602081740/tools/bin/../lib/gcc/arm-none-eabi/14.3.1/../../../../arm-none-eabi/lib/thumb/v7e-m+fp/hard\libc_nano.a(libc_a-mallocr.o)
 .text._malloc_r
                0x08003558      0x100 C:/ST/STM32CubeIDE_2.1.1/STM32CubeIDE/plugins/com.st.stm32cube.ide.mcu.externaltools.gnu-tools-for-stm32.14.3.rel1.win32_1.0.100.202602081740/tools/bin/../lib/gcc/arm-none-eabi/14.3.1/../../../../arm-none-eabi/lib/thumb/v7e-m+fp/hard\libc_nano.a(libc_a-mallocr.o)
                0x08003558                _malloc_r
 .text.__malloc_lock
                0x08003658        0xc C:/ST/STM32CubeIDE_2.1.1/STM32CubeIDE/plugins/com.st.stm32cube.ide.mcu.externaltools.gnu-tools-for-stm32.14.3.rel1.win32_1.0.100.202602081740/tools/bin/../lib/gcc/arm-none-eabi/14.3.1/../../../../arm-none-eabi/lib/thumb/v7e-m+fp/hard\libc_nano.a(libc_a-mlock.o)
                0x08003658                __malloc_lock
 .text.__malloc_unlock
                0x08003664        0xc C:/ST/STM32CubeIDE_2.1.1/STM32CubeIDE/plugins/com.st.stm32cube.ide.mcu.externaltools.gnu-tools-for-stm32.14.3.rel1.win32_1.0.100.202602081740/tools/bin/../lib/gcc/arm-none-eabi/14.3.1/../../../../arm-none-eabi/lib/thumb/v7e-m+fp/hard\libc_nano.a(libc_a-mlock.o)
                0x08003664                __malloc_unlock
 .text.__ssputs_r
                0x08003670       0xc0 C:/ST/STM32CubeIDE_2.1.1/STM32CubeIDE/plugins/com.st.stm32cube.ide.mcu.externaltools.gnu-tools-for-stm32.14.3.rel1.win32_1.0.100.202602081740/tools/bin/../lib/gcc/arm-none-eabi/14.3.1/../../../../arm-none-eabi/lib/thumb/v7e-m+fp/hard\libc_nano.a(libc_a-nano-svfprintf.o)
                0x08003670                __ssputs_r
 .text._svfprintf_r
                0x08003730      0x1f0 C:/ST/STM32CubeIDE_2.1.1/STM32CubeIDE/plugins/com.st.stm32cube.ide.mcu.externaltools.gnu-tools-for-stm32.14.3.rel1.win32_1.0.100.202602081740/tools/bin/../lib/gcc/arm-none-eabi/14.3.1/../../../../arm-none-eabi/lib/thumb/v7e-m+fp/hard\libc_nano.a(libc_a-nano-svfprintf.o)
                0x08003730                _svfiprintf_r
                0x08003730                _svfprintf_r
 .text._printf_common
                0x08003920       0xda C:/ST/STM32CubeIDE_2.1.1/STM32CubeIDE/plugins/com.st.stm32cube.ide.mcu.externaltools.gnu-tools-for-stm32.14.3.rel1.win32_1.0.100.202602081740/tools/bin/../lib/gcc/arm-none-eabi/14.3.1/../../../../arm-none-eabi/lib/thumb/v7e-m+fp/hard\libc_nano.a(libc_a-nano-vfprintf_i.o)
                0x08003920                _printf_common
 *fill*         0x080039fa        0x2 
 .text._printf_i
                0x080039fc      0x24c C:/ST/STM32CubeIDE_2.1.1/STM32CubeIDE/plugins/com.st.stm32cube.ide.mcu.externaltools.gnu-tools-for-stm32.14.3.rel1.win32_1.0.100.202602081740/tools/bin/../lib/gcc/arm-none-eabi/14.3.1/../../../../arm-none-eabi/lib/thumb/v7e-m+fp/hard\libc_nano.a(libc_a-nano-vfprintf_i.o)
                0x080039fc                _printf_i
 .text.memmove  0x08003c48       0x32 C:/ST/STM32CubeIDE_2.1.1/STM32CubeIDE/plugins/com.st.stm32cube.ide.mcu.externaltools.gnu-tools-for-stm32.14.3.rel1.win32_1.0.100.202602081740/tools/bin/../lib/gcc/arm-none-eabi/14.3.1/../../../../arm-none-eabi/lib/thumb/v7e-m+fp/hard\libc_nano.a(libc_a-memmove.o)
                0x08003c48                memmove
 *fill*         0x08003c7a        0x2 
 .text._sbrk_r  0x08003c7c       0x20 C:/ST/STM32CubeIDE_2.1.1/STM32CubeIDE/plugins/com.st.stm32cube.ide.mcu.externaltools.gnu-tools-for-stm32.14.3.rel1.win32_1.0.100.202602081740/tools/bin/../lib/gcc/arm-none-eabi/14.3.1/../../../../arm-none-eabi/lib/thumb/v7e-m+fp/hard\libc_nano.a(libc_a-sbrkr.o)
                0x08003c7c                _sbrk_r
 .text._realloc_r
                0x08003c9c       0x5c C:/ST/STM32CubeIDE_2.1.1/STM32CubeIDE/plugins/com.st.stm32cube.ide.mcu.externaltools.gnu-tools-for-stm32.14.3.rel1.win32_1.0.100.202602081740/tools/bin/../lib/gcc/arm-none-eabi/14.3.1/../../../../arm-none-eabi/lib/thumb/v7e-m+fp/hard\libc_nano.a(libc_a-reallocr.o)
                0x08003c9c                _realloc_r
 .text._malloc_usable_size_r
                0x08003cf8       0x10 C:/ST/STM32CubeIDE_2.1.1/STM32CubeIDE/plugins/com.st.stm32cube.ide.mcu.externaltools.gnu-tools-for-stm32.14.3.rel1.win32_1.0.100.202602081740/tools/bin/../lib/gcc/arm-none-eabi/14.3.1/../../../../arm-none-eabi/lib/thumb/v7e-m+fp/hard\libc_nano.a(libc_a-msizer.o)
                0x08003cf8                _malloc_usable_size_r
 *(.glue_7)
 .glue_7        0x08003d08        0x0 linker stubs
 *(.glue_7t)
 .glue_7t       0x08003d08        0x0 linker stubs
 *(.eh_frame)
 .eh_frame      0x08003d08        0x0 C:/ST/STM32CubeIDE_2.1.1/STM32CubeIDE/plugins/com.st.stm32cube.ide.mcu.externaltools.gnu-tools-for-stm32.14.3.rel1.win32_1.0.100.202602081740/tools/bin/../lib/gcc/arm-none-eabi/14.3.1/thumb/v7e-m+fp/hard/crtbegin.o
 *(.init)
 .init          0x08003d08        0x4 C:/ST/STM32CubeIDE_2.1.1/STM32CubeIDE/plugins/com.st.stm32cube.ide.mcu.externaltools.gnu-tools-for-stm32.14.3.rel1.win32_1.0.100.202602081740/tools/bin/../lib/gcc/arm-none-eabi/14.3.1/thumb/v7e-m+fp/hard/crti.o
                0x08003d08                _init
 .init          0x08003d0c        0x8 C:/ST/STM32CubeIDE_2.1.1/STM32CubeIDE/plugins/com.st.stm32cube.ide.mcu.externaltools.gnu-tools-for-stm32.14.3.rel1.win32_1.0.100.202602081740/tools/bin/../lib/gcc/arm-none-eabi/14.3.1/thumb/v7e-m+fp/hard/crtn.o
 *(.fini)
 .fini          0x08003d14        0x4 C:/ST/STM32CubeIDE_2.1.1/STM32CubeIDE/plugins/com.st.stm32cube.ide.mcu.externaltools.gnu-tools-for-stm32.14.3.rel1.win32_1.0.100.202602081740/tools/bin/../lib/gcc/arm-none-eabi/14.3.1/thumb/v7e-m+fp/hard/crti.o
                0x08003d14                _fini
 .fini          0x08003d18        0x8 C:/ST/STM32CubeIDE_2.1.1/STM32CubeIDE/plugins/com.st.stm32cube.ide.mcu.externaltools.gnu-tools-for-stm32.14.3.rel1.win32_1.0.100.202602081740/tools/bin/../lib/gcc/arm-none-eabi/14.3.1/thumb/v7e-m+fp/hard/crtn.o
                0x08003d20                        . = ALIGN (0x4)
                0x08003d20                        _etext = .

.vfp11_veneer   0x08003d20        0x0
 .vfp11_veneer  0x08003d20        0x0 linker stubs

.v4_bx          0x08003d20        0x0
 .v4_bx         0x08003d20        0x0 linker stubs

.iplt           0x08003d20        0x0
 .iplt          0x08003d20        0x0 C:/ST/STM32CubeIDE_2.1.1/STM32CubeIDE/plugins/com.st.stm32cube.ide.mcu.externaltools.gnu-tools-for-stm32.14.3.rel1.win32_1.0.100.202602081740/tools/bin/../lib/gcc/arm-none-eabi/14.3.1/thumb/v7e-m+fp/hard/crtbegin.o

.rodata         0x08003d20       0x9c
                0x08003d20                        . = ALIGN (0x4)
 *(.rodata)
 .rodata        0x08003d20        0x5 ./Src/FreeRTOS/tasks.o
 *fill*         0x08003d25        0x3 
 .rodata        0x08003d28       0x44 ./Src/main.o
 *(.rodata*)
 .rodata.uxTopUsedPriority
                0x08003d6c        0x4 ./Src/FreeRTOS/tasks.o
 .rodata.AHBPrescTable
                0x08003d70       0x10 ./Src/system_stm32f4xx.o
                0x08003d70                AHBPrescTable
 .rodata.APBPrescTable
                0x08003d80        0x8 ./Src/system_stm32f4xx.o
                0x08003d80                APBPrescTable
 .rodata._svfprintf_r.str1.1
                0x08003d88       0x33 C:/ST/STM32CubeIDE_2.1.1/STM32CubeIDE/plugins/com.st.stm32cube.ide.mcu.externaltools.gnu-tools-for-stm32.14.3.rel1.win32_1.0.100.202602081740/tools/bin/../lib/gcc/arm-none-eabi/14.3.1/../../../../arm-none-eabi/lib/thumb/v7e-m+fp/hard\libc_nano.a(libc_a-nano-svfprintf.o)
                                 0x11 (size before relaxing)
 .rodata._printf_i.str1.1
                0x08003dbb       0x22 C:/ST/STM32CubeIDE_2.1.1/STM32CubeIDE/plugins/com.st.stm32cube.ide.mcu.externaltools.gnu-tools-for-stm32.14.3.rel1.win32_1.0.100.202602081740/tools/bin/../lib/gcc/arm-none-eabi/14.3.1/../../../../arm-none-eabi/lib/thumb/v7e-m+fp/hard\libc_nano.a(libc_a-nano-vfprintf_i.o)
                0x08003de0                        . = ALIGN (0x4)
 *fill*         0x08003dbb        0x1 

.ARM.extab      0x08003dbc        0x0
                0x08003dbc                        . = ALIGN (0x4)
 *(.ARM.extab* .gnu.linkonce.armextab.*)
                0x08003dbc                        . = ALIGN (0x4)

.ARM            0x08003dbc        0x8
                0x08003dbc                        . = ALIGN (0x4)
                0x08003dbc                        __exidx_start = .
 *(.ARM.exidx*)
 .ARM.exidx     0x08003dbc        0x8 C:/ST/STM32CubeIDE_2.1.1/STM32CubeIDE/plugins/com.st.stm32cube.ide.mcu.externaltools.gnu-tools-for-stm32.14.3.rel1.win32_1.0.100.202602081740/tools/bin/../lib/gcc/arm-none-eabi/14.3.1/../../../../arm-none-eabi/lib/thumb/v7e-m+fp/hard\libc_nano.a(libc_a-strlen.o)
 .ARM.exidx     0x08003dc4        0x0 C:/ST/STM32CubeIDE_2.1.1/STM32CubeIDE/plugins/com.st.stm32cube.ide.mcu.externaltools.gnu-tools-for-stm32.14.3.rel1.win32_1.0.100.202602081740/tools/bin/../lib/gcc/arm-none-eabi/14.3.1/../../../../arm-none-eabi/lib/thumb/v7e-m+fp/hard\libc_nano.a(libc_a-memchr.o)
                                  0x8 (size before relaxing)
 .ARM.exidx     0x08003dc4        0x0 C:/ST/STM32CubeIDE_2.1.1/STM32CubeIDE/plugins/com.st.stm32cube.ide.mcu.externaltools.gnu-tools-for-stm32.14.3.rel1.win32_1.0.100.202602081740/tools/bin/../lib/gcc/arm-none-eabi/14.3.1/thumb/v7e-m+fp/hard\libgcc.a(_udivmoddi4.o)
                                  0x8 (size before relaxing)
                0x08003dc4                        __exidx_end = .
                0x08003dc4                        . = ALIGN (0x4)

.preinit_array  0x08003dc4        0x0
                0x08003dc4                        . = ALIGN (0x4)
                0x08003dc4                        PROVIDE (__preinit_array_start = .)
 *(.preinit_array*)
                0x08003dc4                        PROVIDE (__preinit_array_end = .)
                0x08003dc4                        . = ALIGN (0x4)

.init_array     0x08003dc4        0x4
                0x08003dc4                        . = ALIGN (0x4)
                0x08003dc4                        PROVIDE (__init_array_start = .)
 *(SORT_BY_NAME(.init_array.*))
 *(.init_array*)
 .init_array    0x08003dc4        0x4 C:/ST/STM32CubeIDE_2.1.1/STM32CubeIDE/plugins/com.st.stm32cube.ide.mcu.externaltools.gnu-tools-for-stm32.14.3.rel1.win32_1.0.100.202602081740/tools/bin/../lib/gcc/arm-none-eabi/14.3.1/thumb/v7e-m+fp/hard/crtbegin.o
                0x08003dc8                        PROVIDE (__init_array_end = .)
                0x08003dc8                        . = ALIGN (0x4)

.fini_array     0x08003dc8        0x4
                0x08003dc8                        . = ALIGN (0x4)
                [!provide]                        PROVIDE (__fini_array_start = .)
 *(SORT_BY_NAME(.fini_array.*))
 *(.fini_array*)
 .fini_array    0x08003dc8        0x4 C:/ST/STM32CubeIDE_2.1.1/STM32CubeIDE/plugins/com.st.stm32cube.ide.mcu.externaltools.gnu-tools-for-stm32.14.3.rel1.win32_1.0.100.202602081740/tools/bin/../lib/gcc/arm-none-eabi/14.3.1/thumb/v7e-m+fp/hard/crtbegin.o
                [!provide]                        PROVIDE (__fini_array_end = .)
                0x08003dcc                        . = ALIGN (0x4)
                0x08003dcc                        _sidata = LOADADDR (.data)

.rel.dyn        0x08003dcc        0x0
 .rel.iplt      0x08003dcc        0x0 C:/ST/STM32CubeIDE_2.1.1/STM32CubeIDE/plugins/com.st.stm32cube.ide.mcu.externaltools.gnu-tools-for-stm32.14.3.rel1.win32_1.0.100.202602081740/tools/bin/../lib/gcc/arm-none-eabi/14.3.1/thumb/v7e-m+fp/hard/crtbegin.o

.data           0x20000000       0x60 load address 0x08003dcc
                0x20000000                        . = ALIGN (0x4)
                0x20000000                        _sdata = .
 *(.data)
 *(.data*)
 .data.uxCriticalNesting
                0x20000000        0x4 ./Src/FreeRTOS/portable/GCC/ARM_CM4F/port.o
 .data.uwTickPrio
                0x20000004        0x4 ./Src/stm32f4xx_hal.o
                0x20000004                uwTickPrio
 .data.uwTickFreq
                0x20000008        0x1 ./Src/stm32f4xx_hal.o
                0x20000008                uwTickFreq
 *fill*         0x20000009        0x3 
 .data.SystemCoreClock
                0x2000000c        0x4 ./Src/system_stm32f4xx.o
                0x2000000c                SystemCoreClock
 .data._impure_ptr
                0x20000010        0x4 C:/ST/STM32CubeIDE_2.1.1/STM32CubeIDE/plugins/com.st.stm32cube.ide.mcu.externaltools.gnu-tools-for-stm32.14.3.rel1.win32_1.0.100.202602081740/tools/bin/../lib/gcc/arm-none-eabi/14.3.1/../../../../arm-none-eabi/lib/thumb/v7e-m+fp/hard\libc_nano.a(libc_a-impure.o)
                0x20000010                _impure_ptr
 .data._impure_data
                0x20000014       0x4c C:/ST/STM32CubeIDE_2.1.1/STM32CubeIDE/plugins/com.st.stm32cube.ide.mcu.externaltools.gnu-tools-for-stm32.14.3.rel1.win32_1.0.100.202602081740/tools/bin/../lib/gcc/arm-none-eabi/14.3.1/../../../../arm-none-eabi/lib/thumb/v7e-m+fp/hard\libc_nano.a(libc_a-impure.o)
                0x20000014                _impure_data
 *(.RamFunc)
 *(.RamFunc*)
                0x20000060                        . = ALIGN (0x4)
                0x20000060                        _edata = .

.igot.plt       0x20000060        0x0 load address 0x08003e2c
 .igot.plt      0x20000060        0x0 C:/ST/STM32CubeIDE_2.1.1/STM32CubeIDE/plugins/com.st.stm32cube.ide.mcu.externaltools.gnu-tools-for-stm32.14.3.rel1.win32_1.0.100.202602081740/tools/bin/../lib/gcc/arm-none-eabi/14.3.1/thumb/v7e-m+fp/hard/crtbegin.o
                0x20000060                        . = ALIGN (0x4)

.bss            0x20000060     0x2ad4 load address 0x08003e2c
                0x20000060                        _sbss = .
                0x20000060                        __bss_start__ = _sbss
 *(.bss)
 .bss           0x20000060       0x1c C:/ST/STM32CubeIDE_2.1.1/STM32CubeIDE/plugins/com.st.stm32cube.ide.mcu.externaltools.gnu-tools-for-stm32.14.3.rel1.win32_1.0.100.202602081740/tools/bin/../lib/gcc/arm-none-eabi/14.3.1/thumb/v7e-m+fp/hard/crtbegin.o
 *(.bss*)
 .bss.pxCurrentTCB
                0x2000007c        0x4 ./Src/FreeRTOS/tasks.o
                0x2000007c                pxCurrentTCB
 .bss.pxReadyTasksLists
                0x20000080       0x64 ./Src/FreeRTOS/tasks.o
 .bss.xDelayedTaskList1
                0x200000e4       0x14 ./Src/FreeRTOS/tasks.o
 .bss.xDelayedTaskList2
                0x200000f8       0x14 ./Src/FreeRTOS/tasks.o
 .bss.pxDelayedTaskList
                0x2000010c        0x4 ./Src/FreeRTOS/tasks.o
 .bss.pxOverflowDelayedTaskList
                0x20000110        0x4 ./Src/FreeRTOS/tasks.o
 .bss.xPendingReadyList
                0x20000114       0x14 ./Src/FreeRTOS/tasks.o
 .bss.xTasksWaitingTermination
                0x20000128       0x14 ./Src/FreeRTOS/tasks.o
 .bss.uxDeletedTasksWaitingCleanUp
                0x2000013c        0x4 ./Src/FreeRTOS/tasks.o
 .bss.xSuspendedTaskList
                0x20000140       0x14 ./Src/FreeRTOS/tasks.o
 .bss.uxCurrentNumberOfTasks
                0x20000154        0x4 ./Src/FreeRTOS/tasks.o
 .bss.xTickCount
                0x20000158        0x4 ./Src/FreeRTOS/tasks.o
 .bss.uxTopReadyPriority
                0x2000015c        0x4 ./Src/FreeRTOS/tasks.o
 .bss.xSchedulerRunning
                0x20000160        0x4 ./Src/FreeRTOS/tasks.o
 .bss.xPendedTicks
                0x20000164        0x4 ./Src/FreeRTOS/tasks.o
 .bss.xYieldPendings
                0x20000168        0x4 ./Src/FreeRTOS/tasks.o
 .bss.xNumOfOverflows
                0x2000016c        0x4 ./Src/FreeRTOS/tasks.o
 .bss.uxTaskNumber
                0x20000170        0x4 ./Src/FreeRTOS/tasks.o
 .bss.xNextTaskUnblockTime
                0x20000174        0x4 ./Src/FreeRTOS/tasks.o
 .bss.xIdleTaskHandles
                0x20000178        0x4 ./Src/FreeRTOS/tasks.o
 .bss.uxSchedulerSuspended
                0x2000017c        0x4 ./Src/FreeRTOS/tasks.o
 .bss.ucHeap    0x20000180     0x2800 ./Src/FreeRTOS/portable/MemMang/heap_4.o
 .bss.xStart    0x20002980        0x8 ./Src/FreeRTOS/portable/MemMang/heap_4.o
 .bss.pxEnd     0x20002988        0x4 ./Src/FreeRTOS/portable/MemMang/heap_4.o
 .bss.xFreeBytesRemaining
                0x2000298c        0x4 ./Src/FreeRTOS/portable/MemMang/heap_4.o
 .bss.xMinimumEverFreeBytesRemaining
                0x20002990        0x4 ./Src/FreeRTOS/portable/MemMang/heap_4.o
 .bss.xNumberOfSuccessfulAllocations
                0x20002994        0x4 ./Src/FreeRTOS/portable/MemMang/heap_4.o
 .bss.xNumberOfSuccessfulFrees
                0x20002998        0x4 ./Src/FreeRTOS/portable/MemMang/heap_4.o
 .bss.huart2    0x2000299c       0x48 ./Src/main.o
                0x2000299c                huart2
 .bss.uwTick    0x200029e4        0x4 ./Src/stm32f4xx_hal.o
                0x200029e4                uwTick
 .bss.__sbrk_heap_end
                0x200029e8        0x4 ./Src/sysmem.o
 .bss.__sf      0x200029ec      0x138 C:/ST/STM32CubeIDE_2.1.1/STM32CubeIDE/plugins/com.st.stm32cube.ide.mcu.externaltools.gnu-tools-for-stm32.14.3.rel1.win32_1.0.100.202602081740/tools/bin/../lib/gcc/arm-none-eabi/14.3.1/../../../../arm-none-eabi/lib/thumb/v7e-m+fp/hard\libc_nano.a(libc_a-findfp.o)
                0x200029ec                __sf
 .bss.errno     0x20002b24        0x4 C:/ST/STM32CubeIDE_2.1.1/STM32CubeIDE/plugins/com.st.stm32cube.ide.mcu.externaltools.gnu-tools-for-stm32.14.3.rel1.win32_1.0.100.202602081740/tools/bin/../lib/gcc/arm-none-eabi/14.3.1/../../../../arm-none-eabi/lib/thumb/v7e-m+fp/hard\libc_nano.a(libc_a-reent.o)
                0x20002b24                errno
 .bss.__lock___malloc_recursive_mutex
                0x20002b28        0x1 C:/ST/STM32CubeIDE_2.1.1/STM32CubeIDE/plugins/com.st.stm32cube.ide.mcu.externaltools.gnu-tools-for-stm32.14.3.rel1.win32_1.0.100.202602081740/tools/bin/../lib/gcc/arm-none-eabi/14.3.1/../../../../arm-none-eabi/lib/thumb/v7e-m+fp/hard\libc_nano.a(libc_a-lock.o)
                0x20002b28                __lock___malloc_recursive_mutex
 *fill*         0x20002b29        0x3 
 .bss.__malloc_sbrk_start
                0x20002b2c        0x4 C:/ST/STM32CubeIDE_2.1.1/STM32CubeIDE/plugins/com.st.stm32cube.ide.mcu.externaltools.gnu-tools-for-stm32.14.3.rel1.win32_1.0.100.202602081740/tools/bin/../lib/gcc/arm-none-eabi/14.3.1/../../../../arm-none-eabi/lib/thumb/v7e-m+fp/hard\libc_nano.a(libc_a-mallocr.o)
                0x20002b2c                __malloc_sbrk_start
 .bss.__malloc_free_list
                0x20002b30        0x4 C:/ST/STM32CubeIDE_2.1.1/STM32CubeIDE/plugins/com.st.stm32cube.ide.mcu.externaltools.gnu-tools-for-stm32.14.3.rel1.win32_1.0.100.202602081740/tools/bin/../lib/gcc/arm-none-eabi/14.3.1/../../../../arm-none-eabi/lib/thumb/v7e-m+fp/hard\libc_nano.a(libc_a-mallocr.o)
                0x20002b30                __malloc_free_list
 *(COMMON)
                0x20002b34                        . = ALIGN (0x4)
                0x20002b34                        _ebss = .
                0x20002b34                        __bss_end__ = _ebss

._user_heap_stack
                0x20002b34      0x604 load address 0x08003e2c
                0x20002b38                        . = ALIGN (0x8)
 *fill*         0x20002b34        0x4 
                [!provide]                        PROVIDE (end = .)
                0x20002b38                        PROVIDE (_end = .)
                0x20002d38                        . = (. + _Min_Heap_Size)
 *fill*         0x20002b38      0x200 
                0x20003138                        . = (. + _Min_Stack_Size)
 *fill*         0x20002d38      0x400 
                0x20003138                        . = ALIGN (0x8)

/DISCARD/
 libc.a(*)
 libm.a(*)
 libgcc.a(*)

.ARM.attributes
                0x00000000       0x30
 *(.ARM.attributes)
 .ARM.attributes
                0x00000000       0x22 C:/ST/STM32CubeIDE_2.1.1/STM32CubeIDE/plugins/com.st.stm32cube.ide.mcu.externaltools.gnu-tools-for-stm32.14.3.rel1.win32_1.0.100.202602081740/tools/bin/../lib/gcc/arm-none-eabi/14.3.1/thumb/v7e-m+fp/hard/crti.o
 .ARM.attributes
                0x00000022       0x34 C:/ST/STM32CubeIDE_2.1.1/STM32CubeIDE/plugins/com.st.stm32cube.ide.mcu.externaltools.gnu-tools-for-stm32.14.3.rel1.win32_1.0.100.202602081740/tools/bin/../lib/gcc/arm-none-eabi/14.3.1/thumb/v7e-m+fp/hard/crtbegin.o
 .ARM.attributes
                0x00000056       0x34 ./Src/FreeRTOS/list.o
 .ARM.attributes
                0x0000008a       0x34 ./Src/FreeRTOS/tasks.o
 .ARM.attributes
                0x000000be       0x34 ./Src/FreeRTOS/portable/GCC/ARM_CM4F/port.o
 .ARM.attributes
                0x000000f2       0x34 ./Src/FreeRTOS/portable/MemMang/heap_4.o
 .ARM.attributes
                0x00000126       0x34 ./Src/main.o
 .ARM.attributes
                0x0000015a       0x34 ./Src/stm32f4xx_hal.o
 .ARM.attributes
                0x0000018e       0x34 ./Src/stm32f4xx_hal_cortex.o
 .ARM.attributes
                0x000001c2       0x34 ./Src/stm32f4xx_hal_gpio.o
 .ARM.attributes
                0x000001f6       0x34 ./Src/stm32f4xx_hal_rcc.o
 .ARM.attributes
                0x0000022a       0x34 ./Src/stm32f4xx_hal_uart.o
 .ARM.attributes
                0x0000025e       0x34 ./Src/sysmem.o
 .ARM.attributes
                0x00000292       0x34 ./Src/system_stm32f4xx.o
 .ARM.attributes
                0x000002c6       0x21 ./Startup/startup_stm32f411retx.o
 .ARM.attributes
                0x000002e7       0x34 C:/ST/STM32CubeIDE_2.1.1/STM32CubeIDE/plugins/com.st.stm32cube.ide.mcu.externaltools.gnu-tools-for-stm32.14.3.rel1.win32_1.0.100.202602081740/tools/bin/../lib/gcc/arm-none-eabi/14.3.1/../../../../arm-none-eabi/lib/thumb/v7e-m+fp/hard\libc_nano.a(libc_a-findfp.o)
 .ARM.attributes
                0x0000031b       0x34 C:/ST/STM32CubeIDE_2.1.1/STM32CubeIDE/plugins/com.st.stm32cube.ide.mcu.externaltools.gnu-tools-for-stm32.14.3.rel1.win32_1.0.100.202602081740/tools/bin/../lib/gcc/arm-none-eabi/14.3.1/../../../../arm-none-eabi/lib/thumb/v7e-m+fp/hard\libc_nano.a(libc_a-sprintf.o)
 .ARM.attributes
                0x0000034f       0x34 C:/ST/STM32CubeIDE_2.1.1/STM32CubeIDE/plugins/com.st.stm32cube.ide.mcu.externaltools.gnu-tools-for-stm32.14.3.rel1.win32_1.0.100.202602081740/tools/bin/../lib/gcc/arm-none-eabi/14.3.1/../../../../arm-none-eabi/lib/thumb/v7e-m+fp/hard\libc_nano.a(libc_a-memset.o)
 .ARM.attributes
                0x00000383       0x34 C:/ST/STM32CubeIDE_2.1.1/STM32CubeIDE/plugins/com.st.stm32cube.ide.mcu.externaltools.gnu-tools-for-stm32.14.3.rel1.win32_1.0.100.202602081740/tools/bin/../lib/gcc/arm-none-eabi/14.3.1/../../../../arm-none-eabi/lib/thumb/v7e-m+fp/hard\libc_nano.a(libc_a-reent.o)
 .ARM.attributes
                0x000003b7       0x34 C:/ST/STM32CubeIDE_2.1.1/STM32CubeIDE/plugins/com.st.stm32cube.ide.mcu.externaltools.gnu-tools-for-stm32.14.3.rel1.win32_1.0.100.202602081740/tools/bin/../lib/gcc/arm-none-eabi/14.3.1/../../../../arm-none-eabi/lib/thumb/v7e-m+fp/hard\libc_nano.a(libc_a-impure.o)
 .ARM.attributes
                0x000003eb       0x34 C:/ST/STM32CubeIDE_2.1.1/STM32CubeIDE/plugins/com.st.stm32cube.ide.mcu.externaltools.gnu-tools-for-stm32.14.3.rel1.win32_1.0.100.202602081740/tools/bin/../lib/gcc/arm-none-eabi/14.3.1/../../../../arm-none-eabi/lib/thumb/v7e-m+fp/hard\libc_nano.a(libc_a-errno.o)
 .ARM.attributes
                0x0000041f       0x34 C:/ST/STM32CubeIDE_2.1.1/STM32CubeIDE/plugins/com.st.stm32cube.ide.mcu.externaltools.gnu-tools-for-stm32.14.3.rel1.win32_1.0.100.202602081740/tools/bin/../lib/gcc/arm-none-eabi/14.3.1/../../../../arm-none-eabi/lib/thumb/v7e-m+fp/hard\libc_nano.a(libc_a-init.o)
 .ARM.attributes
                0x00000453       0x34 C:/ST/STM32CubeIDE_2.1.1/STM32CubeIDE/plugins/com.st.stm32cube.ide.mcu.externaltools.gnu-tools-for-stm32.14.3.rel1.win32_1.0.100.202602081740/tools/bin/../lib/gcc/arm-none-eabi/14.3.1/../../../../arm-none-eabi/lib/thumb/v7e-m+fp/hard\libc_nano.a(libc_a-lock.o)
 .ARM.attributes
                0x00000487       0x34 C:/ST/STM32CubeIDE_2.1.1/STM32CubeIDE/plugins/com.st.stm32cube.ide.mcu.externaltools.gnu-tools-for-stm32.14.3.rel1.win32_1.0.100.202602081740/tools/bin/../lib/gcc/arm-none-eabi/14.3.1/../../../../arm-none-eabi/lib/thumb/v7e-m+fp/hard\libc_nano.a(libc_a-memcpy-stub.o)
 .ARM.attributes
                0x000004bb       0x17 C:/ST/STM32CubeIDE_2.1.1/STM32CubeIDE/plugins/com.st.stm32cube.ide.mcu.externaltools.gnu-tools-for-stm32.14.3.rel1.win32_1.0.100.202602081740/tools/bin/../lib/gcc/arm-none-eabi/14.3.1/../../../../arm-none-eabi/lib/thumb/v7e-m+fp/hard\libc_nano.a(libc_a-strlen.o)
 .ARM.attributes
                0x000004d2       0x34 C:/ST/STM32CubeIDE_2.1.1/STM32CubeIDE/plugins/com.st.stm32cube.ide.mcu.externaltools.gnu-tools-for-stm32.14.3.rel1.win32_1.0.100.202602081740/tools/bin/../lib/gcc/arm-none-eabi/14.3.1/../../../../arm-none-eabi/lib/thumb/v7e-m+fp/hard\libc_nano.a(libc_a-freer.o)
 .ARM.attributes
                0x00000506       0x34 C:/ST/STM32CubeIDE_2.1.1/STM32CubeIDE/plugins/com.st.stm32cube.ide.mcu.externaltools.gnu-tools-for-stm32.14.3.rel1.win32_1.0.100.202602081740/tools/bin/../lib/gcc/arm-none-eabi/14.3.1/../../../../arm-none-eabi/lib/thumb/v7e-m+fp/hard\libc_nano.a(libc_a-mallocr.o)
 .ARM.attributes
                0x0000053a       0x34 C:/ST/STM32CubeIDE_2.1.1/STM32CubeIDE/plugins/com.st.stm32cube.ide.mcu.externaltools.gnu-tools-for-stm32.14.3.rel1.win32_1.0.100.202602081740/tools/bin/../lib/gcc/arm-none-eabi/14.3.1/../../../../arm-none-eabi/lib/thumb/v7e-m+fp/hard\libc_nano.a(libc_a-mlock.o)
 .ARM.attributes
                0x0000056e       0x34 C:/ST/STM32CubeIDE_2.1.1/STM32CubeIDE/plugins/com.st.stm32cube.ide.mcu.externaltools.gnu-tools-for-stm32.14.3.rel1.win32_1.0.100.202602081740/tools/bin/../lib/gcc/arm-none-eabi/14.3.1/../../../../arm-none-eabi/lib/thumb/v7e-m+fp/hard\libc_nano.a(libc_a-nano-svfprintf.o)
 .ARM.attributes
                0x000005a2       0x34 C:/ST/STM32CubeIDE_2.1.1/STM32CubeIDE/plugins/com.st.stm32cube.ide.mcu.externaltools.gnu-tools-for-stm32.14.3.rel1.win32_1.0.100.202602081740/tools/bin/../lib/gcc/arm-none-eabi/14.3.1/../../../../arm-none-eabi/lib/thumb/v7e-m+fp/hard\libc_nano.a(libc_a-nano-vfprintf_i.o)
 .ARM.attributes
                0x000005d6       0x34 C:/ST/STM32CubeIDE_2.1.1/STM32CubeIDE/plugins/com.st.stm32cube.ide.mcu.externaltools.gnu-tools-for-stm32.14.3.rel1.win32_1.0.100.202602081740/tools/bin/../lib/gcc/arm-none-eabi/14.3.1/../../../../arm-none-eabi/lib/thumb/v7e-m+fp/hard\libc_nano.a(libc_a-memmove.o)
 .ARM.attributes
                0x0000060a       0x34 C:/ST/STM32CubeIDE_2.1.1/STM32CubeIDE/plugins/com.st.stm32cube.ide.mcu.externaltools.gnu-tools-for-stm32.14.3.rel1.win32_1.0.100.202602081740/tools/bin/../lib/gcc/arm-none-eabi/14.3.1/../../../../arm-none-eabi/lib/thumb/v7e-m+fp/hard\libc_nano.a(libc_a-sbrkr.o)
 .ARM.attributes
                0x0000063e       0x1c C:/ST/STM32CubeIDE_2.1.1/STM32CubeIDE/plugins/com.st.stm32cube.ide.mcu.externaltools.gnu-tools-for-stm32.14.3.rel1.win32_1.0.100.202602081740/tools/bin/../lib/gcc/arm-none-eabi/14.3.1/../../../../arm-none-eabi/lib/thumb/v7e-m+fp/hard\libc_nano.a(libc_a-memchr.o)
 .ARM.attributes
                0x0000065a       0x34 C:/ST/STM32CubeIDE_2.1.1/STM32CubeIDE/plugins/com.st.stm32cube.ide.mcu.externaltools.gnu-tools-for-stm32.14.3.rel1.win32_1.0.100.202602081740/tools/bin/../lib/gcc/arm-none-eabi/14.3.1/../../../../arm-none-eabi/lib/thumb/v7e-m+fp/hard\libc_nano.a(libc_a-reallocr.o)
 .ARM.attributes
                0x0000068e       0x34 C:/ST/STM32CubeIDE_2.1.1/STM32CubeIDE/plugins/com.st.stm32cube.ide.mcu.externaltools.gnu-tools-for-stm32.14.3.rel1.win32_1.0.100.202602081740/tools/bin/../lib/gcc/arm-none-eabi/14.3.1/../../../../arm-none-eabi/lib/thumb/v7e-m+fp/hard\libc_nano.a(libc_a-msizer.o)
 .ARM.attributes
                0x000006c2       0x22 C:/ST/STM32CubeIDE_2.1.1/STM32CubeIDE/plugins/com.st.stm32cube.ide.mcu.externaltools.gnu-tools-for-stm32.14.3.rel1.win32_1.0.100.202602081740/tools/bin/../lib/gcc/arm-none-eabi/14.3.1/thumb/v7e-m+fp/hard\libgcc.a(_aeabi_uldivmod.o)
 .ARM.attributes
                0x000006e4       0x34 C:/ST/STM32CubeIDE_2.1.1/STM32CubeIDE/plugins/com.st.stm32cube.ide.mcu.externaltools.gnu-tools-for-stm32.14.3.rel1.win32_1.0.100.202602081740/tools/bin/../lib/gcc/arm-none-eabi/14.3.1/thumb/v7e-m+fp/hard\libgcc.a(_udivmoddi4.o)
 .ARM.attributes
                0x00000718       0x22 C:/ST/STM32CubeIDE_2.1.1/STM32CubeIDE/plugins/com.st.stm32cube.ide.mcu.externaltools.gnu-tools-for-stm32.14.3.rel1.win32_1.0.100.202602081740/tools/bin/../lib/gcc/arm-none-eabi/14.3.1/thumb/v7e-m+fp/hard\libgcc.a(_dvmd_tls.o)
 .ARM.attributes
                0x0000073a       0x22 C:/ST/STM32CubeIDE_2.1.1/STM32CubeIDE/plugins/com.st.stm32cube.ide.mcu.externaltools.gnu-tools-for-stm32.14.3.rel1.win32_1.0.100.202602081740/tools/bin/../lib/gcc/arm-none-eabi/14.3.1/thumb/v7e-m+fp/hard/crtn.o
OUTPUT(RTOS_PID_MOTOR_C1_TWO_TASKS.elf elf32-littlearm)
LOAD linker stubs
LOAD C:/ST/STM32CubeIDE_2.1.1/STM32CubeIDE/plugins/com.st.stm32cube.ide.mcu.externaltools.gnu-tools-for-stm32.14.3.rel1.win32_1.0.100.202602081740/tools/bin/../lib/gcc/arm-none-eabi/14.3.1/../../../../arm-none-eabi/lib/thumb/v7e-m+fp/hard\libc.a
LOAD C:/ST/STM32CubeIDE_2.1.1/STM32CubeIDE/plugins/com.st.stm32cube.ide.mcu.externaltools.gnu-tools-for-stm32.14.3.rel1.win32_1.0.100.202602081740/tools/bin/../lib/gcc/arm-none-eabi/14.3.1/../../../../arm-none-eabi/lib/thumb/v7e-m+fp/hard\libm.a
LOAD C:/ST/STM32CubeIDE_2.1.1/STM32CubeIDE/plugins/com.st.stm32cube.ide.mcu.externaltools.gnu-tools-for-stm32.14.3.rel1.win32_1.0.100.202602081740/tools/bin/../lib/gcc/arm-none-eabi/14.3.1/thumb/v7e-m+fp/hard\libgcc.a

.debug_info     0x00000000     0x8f7d
 .debug_info    0x00000000      0x2aa ./Src/FreeRTOS/list.o
 .debug_info    0x000002aa     0x1b7e ./Src/FreeRTOS/tasks.o
 .debug_info    0x00001e28      0x32b ./Src/FreeRTOS/portable/GCC/ARM_CM4F/port.o
 .debug_info    0x00002153      0x4b5 ./Src/FreeRTOS/portable/MemMang/heap_4.o
 .debug_info    0x00002608      0xdda ./Src/main.o
 .debug_info    0x000033e2      0x8c4 ./Src/stm32f4xx_hal.o
 .debug_info    0x00003ca6      0xcc7 ./Src/stm32f4xx_hal_cortex.o
 .debug_info    0x0000496d      0x6f9 ./Src/stm32f4xx_hal_gpio.o
 .debug_info    0x00005066      0x8f2 ./Src/stm32f4xx_hal_rcc.o
 .debug_info    0x00005958     0x2f56 ./Src/stm32f4xx_hal_uart.o
 .debug_info    0x000088ae      0x168 ./Src/sysmem.o
 .debug_info    0x00008a16      0x537 ./Src/system_stm32f4xx.o
 .debug_info    0x00008f4d       0x30 ./Startup/startup_stm32f411retx.o

.debug_abbrev   0x00000000     0x1a24
 .debug_abbrev  0x00000000       0xee ./Src/FreeRTOS/list.o
 .debug_abbrev  0x000000ee      0x379 ./Src/FreeRTOS/tasks.o
 .debug_abbrev  0x00000467      0x21f ./Src/FreeRTOS/portable/GCC/ARM_CM4F/port.o
 .debug_abbrev  0x00000686      0x1f3 ./Src/FreeRTOS/portable/MemMang/heap_4.o
 .debug_abbrev  0x00000879      0x29b ./Src/main.o
 .debug_abbrev  0x00000b14      0x24b ./Src/stm32f4xx_hal.o
 .debug_abbrev  0x00000d5f      0x328 ./Src/stm32f4xx_hal_cortex.o
 .debug_abbrev  0x00001087      0x1d3 ./Src/stm32f4xx_hal_gpio.o
 .debug_abbrev  0x0000125a      0x2b5 ./Src/stm32f4xx_hal_rcc.o
 .debug_abbrev  0x0000150f      0x31b ./Src/stm32f4xx_hal_uart.o
 .debug_abbrev  0x0000182a       0xbc ./Src/sysmem.o
 .debug_abbrev  0x000018e6      0x11a ./Src/system_stm32f4xx.o
 .debug_abbrev  0x00001a00       0x24 ./Startup/startup_stm32f411retx.o

.debug_aranges  0x00000000      0x8b0
 .debug_aranges
                0x00000000       0x40 ./Src/FreeRTOS/list.o
 .debug_aranges
                0x00000040      0x1b8 ./Src/FreeRTOS/tasks.o
 .debug_aranges
                0x000001f8       0x78 ./Src/FreeRTOS/portable/GCC/ARM_CM4F/port.o
 .debug_aranges
                0x00000270       0x68 ./Src/FreeRTOS/portable/MemMang/heap_4.o
 .debug_aranges
                0x000002d8       0x70 ./Src/main.o
 .debug_aranges
                0x00000348       0xf0 ./Src/stm32f4xx_hal.o
 .debug_aranges
                0x00000438      0x120 ./Src/stm32f4xx_hal_cortex.o
 .debug_aranges
                0x00000558       0x58 ./Src/stm32f4xx_hal_gpio.o
 .debug_aranges
                0x000005b0       0x88 ./Src/stm32f4xx_hal_rcc.o
 .debug_aranges
                0x00000638      0x208 ./Src/stm32f4xx_hal_uart.o
 .debug_aranges
                0x00000840       0x20 ./Src/sysmem.o
 .debug_aranges
                0x00000860       0x28 ./Src/system_stm32f4xx.o
 .debug_aranges
                0x00000888       0x28 ./Startup/startup_stm32f411retx.o

.debug_rnglists
                0x00000000      0x6b3
 .debug_rnglists
                0x00000000       0x2b ./Src/FreeRTOS/list.o
 .debug_rnglists
                0x0000002b      0x16c ./Src/FreeRTOS/tasks.o
 .debug_rnglists
                0x00000197       0x55 ./Src/FreeRTOS/portable/GCC/ARM_CM4F/port.o
 .debug_rnglists
                0x000001ec       0x4d ./Src/FreeRTOS/portable/MemMang/heap_4.o
 .debug_rnglists
                0x00000239       0x50 ./Src/main.o
 .debug_rnglists
                0x00000289       0xaf ./Src/stm32f4xx_hal.o
 .debug_rnglists
                0x00000338       0xd4 ./Src/stm32f4xx_hal_cortex.o
 .debug_rnglists
                0x0000040c       0x3f ./Src/stm32f4xx_hal_gpio.o
 .debug_rnglists
                0x0000044b       0x66 ./Src/stm32f4xx_hal_rcc.o
 .debug_rnglists
                0x000004b1      0x1bc ./Src/stm32f4xx_hal_uart.o
 .debug_rnglists
                0x0000066d       0x13 ./Src/sysmem.o
 .debug_rnglists
                0x00000680       0x1a ./Src/system_stm32f4xx.o
 .debug_rnglists
                0x0000069a       0x19 ./Startup/startup_stm32f411retx.o

.debug_macro    0x00000000    0x1c459
 .debug_macro   0x00000000      0x1a2 ./Src/FreeRTOS/list.o
 .debug_macro   0x000001a2      0xae4 ./Src/FreeRTOS/list.o
 .debug_macro   0x00000c86       0x2a ./Src/FreeRTOS/list.o
 .debug_macro   0x00000cb0       0x22 ./Src/FreeRTOS/list.o
 .debug_macro   0x00000cd2       0x5b ./Src/FreeRTOS/list.o
 .debug_macro   0x00000d2d       0x94 ./Src/FreeRTOS/list.o
 .debug_macro   0x00000dc1       0x43 ./Src/FreeRTOS/list.o
 .debug_macro   0x00000e04       0x34 ./Src/FreeRTOS/list.o
 .debug_macro   0x00000e38       0x16 ./Src/FreeRTOS/list.o
 .debug_macro   0x00000e4e      0x11c ./Src/FreeRTOS/list.o
 .debug_macro   0x00000f6a       0x9b ./Src/FreeRTOS/list.o
 .debug_macro   0x00001005       0x57 ./Src/FreeRTOS/list.o
 .debug_macro   0x0000105c      0x364 ./Src/FreeRTOS/list.o
 .debug_macro   0x000013c0       0x16 ./Src/FreeRTOS/list.o
 .debug_macro   0x000013d6       0x4a ./Src/FreeRTOS/list.o
 .debug_macro   0x00001420       0x34 ./Src/FreeRTOS/list.o
 .debug_macro   0x00001454       0x10 ./Src/FreeRTOS/list.o
 .debug_macro   0x00001464       0x58 ./Src/FreeRTOS/list.o
 .debug_macro   0x000014bc       0x8e ./Src/FreeRTOS/list.o
 .debug_macro   0x0000154a       0x1c ./Src/FreeRTOS/list.o
 .debug_macro   0x00001566      0x17e ./Src/FreeRTOS/list.o
 .debug_macro   0x000016e4       0x16 ./Src/FreeRTOS/list.o
 .debug_macro   0x000016fa       0x29 ./Src/FreeRTOS/list.o
 .debug_macro   0x00001723      0x103 ./Src/FreeRTOS/list.o
 .debug_macro   0x00001826       0x6a ./Src/FreeRTOS/list.o
 .debug_macro   0x00001890      0x1df ./Src/FreeRTOS/list.o
 .debug_macro   0x00001a6f       0x16 ./Src/FreeRTOS/list.o
 .debug_macro   0x00001a85       0xca ./Src/FreeRTOS/list.o
 .debug_macro   0x00001b4f       0x1c ./Src/FreeRTOS/list.o
 .debug_macro   0x00001b6b      0x182 ./Src/FreeRTOS/list.o
 .debug_macro   0x00001ced       0xe7 ./Src/FreeRTOS/list.o
 .debug_macro   0x00001dd4       0x2e ./Src/FreeRTOS/list.o
 .debug_macro   0x00001e02       0x1f ./Src/FreeRTOS/list.o
 .debug_macro   0x00001e21       0x12 ./Src/FreeRTOS/list.o
 .debug_macro   0x00001e33     0x1112 ./Src/FreeRTOS/list.o
 .debug_macro   0x00002f45       0xc3 ./Src/FreeRTOS/list.o
 .debug_macro   0x00003008      0x2bf ./Src/FreeRTOS/tasks.o
 .debug_macro   0x000032c7       0x98 ./Src/FreeRTOS/tasks.o
 .debug_macro   0x0000335f       0x16 ./Src/FreeRTOS/tasks.o
 .debug_macro   0x00003375      0x1cf ./Src/FreeRTOS/portable/GCC/ARM_CM4F/port.o
 .debug_macro   0x00003544      0x190 ./Src/FreeRTOS/portable/GCC/ARM_CM4F/port.o
 .debug_macro   0x000036d4       0x8e ./Src/FreeRTOS/portable/GCC/ARM_CM4F/port.o
 .debug_macro   0x00003762       0x51 ./Src/FreeRTOS/portable/GCC/ARM_CM4F/port.o
 .debug_macro   0x000037b3      0x237 ./Src/FreeRTOS/portable/MemMang/heap_4.o
 .debug_macro   0x000039ea      0x553 ./Src/main.o
 .debug_macro   0x00003f3d      0x3b5 ./Src/main.o
 .debug_macro   0x000042f2       0x28 ./Src/main.o
 .debug_macro   0x0000431a       0x28 ./Src/main.o
 .debug_macro   0x00004342       0x1c ./Src/main.o
 .debug_macro   0x0000435e       0x22 ./Src/main.o
 .debug_macro   0x00004380       0xfb ./Src/main.o
 .debug_macro   0x0000447b     0x1011 ./Src/main.o
 .debug_macro   0x0000548c      0x11f ./Src/main.o
 .debug_macro   0x000055ab     0xb953 ./Src/main.o
 .debug_macro   0x00010efe       0x6d ./Src/main.o
 .debug_macro   0x00010f6b     0x368c ./Src/main.o
 .debug_macro   0x000145f7       0x5c ./Src/main.o
 .debug_macro   0x00014653      0x45c ./Src/main.o
 .debug_macro   0x00014aaf      0x9e9 ./Src/main.o
 .debug_macro   0x00015498      0x115 ./Src/main.o
 .debug_macro   0x000155ad      0x11b ./Src/main.o
 .debug_macro   0x000156c8       0xa5 ./Src/main.o
 .debug_macro   0x0001576d      0x15f ./Src/main.o
 .debug_macro   0x000158cc      0x287 ./Src/main.o
 .debug_macro   0x00015b53       0x5f ./Src/main.o
 .debug_macro   0x00015bb2      0x236 ./Src/main.o
 .debug_macro   0x00015de8      0x9e1 ./Src/main.o
 .debug_macro   0x000167c9      0x38b ./Src/main.o
 .debug_macro   0x00016b54      0x17d ./Src/main.o
 .debug_macro   0x00016cd1       0xf9 ./Src/main.o
 .debug_macro   0x00016dca       0x22 ./Src/main.o
 .debug_macro   0x00016dec      0x132 ./Src/main.o
 .debug_macro   0x00016f1e      0x264 ./Src/main.o
 .debug_macro   0x00017182       0x2e ./Src/main.o
 .debug_macro   0x000171b0      0x1b5 ./Src/main.o
 .debug_macro   0x00017365       0x22 ./Src/main.o
 .debug_macro   0x00017387       0xd6 ./Src/main.o
 .debug_macro   0x0001745d      0x279 ./Src/main.o
 .debug_macro   0x000176d6      0x1a7 ./Src/main.o
 .debug_macro   0x0001787d       0x46 ./Src/main.o
 .debug_macro   0x000178c3       0x4a ./Src/main.o
 .debug_macro   0x0001790d       0x78 ./Src/main.o
 .debug_macro   0x00017985      0x127 ./Src/main.o
 .debug_macro   0x00017aac       0x85 ./Src/main.o
 .debug_macro   0x00017b31       0x89 ./Src/main.o
 .debug_macro   0x00017bba      0x305 ./Src/main.o
 .debug_macro   0x00017ebf      0x429 ./Src/main.o
 .debug_macro   0x000182e8       0xeb ./Src/main.o
 .debug_macro   0x000183d3      0x868 ./Src/main.o
 .debug_macro   0x00018c3b      0x1d5 ./Src/main.o
 .debug_macro   0x00018e10      0x225 ./Src/main.o
 .debug_macro   0x00019035      0x8ed ./Src/main.o
 .debug_macro   0x00019922       0x47 ./Src/main.o
 .debug_macro   0x00019969      0x2aa ./Src/main.o
 .debug_macro   0x00019c13      0x217 ./Src/main.o
 .debug_macro   0x00019e2a      0x1b5 ./Src/main.o
 .debug_macro   0x00019fdf      0x2db ./Src/main.o
 .debug_macro   0x0001a2ba       0x8d ./Src/main.o
 .debug_macro   0x0001a347      0x293 ./Src/main.o
 .debug_macro   0x0001a5da       0xba ./Src/main.o
 .debug_macro   0x0001a694       0x9e ./Src/main.o
 .debug_macro   0x0001a732      0x1f7 ./Src/main.o
 .debug_macro   0x0001a929      0x126 ./Src/main.o
 .debug_macro   0x0001aa4f       0x61 ./Src/main.o
 .debug_macro   0x0001aab0       0x10 ./Src/main.o
 .debug_macro   0x0001aac0       0x1c ./Src/main.o
 .debug_macro   0x0001aadc       0x10 ./Src/main.o
 .debug_macro   0x0001aaec       0x1c ./Src/main.o
 .debug_macro   0x0001ab08       0x16 ./Src/main.o
 .debug_macro   0x0001ab1e      0x146 ./Src/main.o
 .debug_macro   0x0001ac64      0x43a ./Src/stm32f4xx_hal.o
 .debug_macro   0x0001b09e      0x3da ./Src/stm32f4xx_hal_cortex.o
 .debug_macro   0x0001b478      0x3e0 ./Src/stm32f4xx_hal_gpio.o
 .debug_macro   0x0001b858      0x3fe ./Src/stm32f4xx_hal_rcc.o
 .debug_macro   0x0001bc56      0x3db ./Src/stm32f4xx_hal_uart.o
 .debug_macro   0x0001c031      0x112 ./Src/sysmem.o
 .debug_macro   0x0001c143      0x23c ./Src/sysmem.o
 .debug_macro   0x0001c37f       0xda ./Src/system_stm32f4xx.o

.debug_line     0x00000000     0xc28c
 .debug_line    0x00000000      0x82e ./Src/FreeRTOS/list.o
 .debug_line    0x0000082e     0x1773 ./Src/FreeRTOS/tasks.o
 .debug_line    0x00001fa1      0x7d6 ./Src/FreeRTOS/portable/GCC/ARM_CM4F/port.o
 .debug_line    0x00002777      0xa82 ./Src/FreeRTOS/portable/MemMang/heap_4.o
 .debug_line    0x000031f9     0x11cd ./Src/main.o
 .debug_line    0x000043c6      0xffa ./Src/stm32f4xx_hal.o
 .debug_line    0x000053c0     0x129d ./Src/stm32f4xx_hal_cortex.o
 .debug_line    0x0000665d     0x1110 ./Src/stm32f4xx_hal_gpio.o
 .debug_line    0x0000776d     0x13ec ./Src/stm32f4xx_hal_rcc.o
 .debug_line    0x00008b59     0x2b06 ./Src/stm32f4xx_hal_uart.o
 .debug_line    0x0000b65f      0x588 ./Src/sysmem.o
 .debug_line    0x0000bbe7      0x62a ./Src/system_stm32f4xx.o
 .debug_line    0x0000c211       0x7b ./Startup/startup_stm32f411retx.o

.debug_str      0x00000000    0xbd80e
 .debug_str     0x00000000    0xbd80e ./Src/FreeRTOS/list.o
                              0x109d7 (size before relaxing)
 .debug_str     0x000bd80e    0x140c6 ./Src/FreeRTOS/tasks.o
 .debug_str     0x000bd80e     0xf3e0 ./Src/FreeRTOS/portable/GCC/ARM_CM4F/port.o
 .debug_str     0x000bd80e    0x1252c ./Src/FreeRTOS/portable/MemMang/heap_4.o
 .debug_str     0x000bd80e    0xb8dd3 ./Src/main.o
 .debug_str     0x000bd80e    0xaaf60 ./Src/stm32f4xx_hal.o
 .debug_str     0x000bd80e    0xaac98 ./Src/stm32f4xx_hal_cortex.o
 .debug_str     0x000bd80e    0xaa6af ./Src/stm32f4xx_hal_gpio.o
 .debug_str     0x000bd80e    0xaa968 ./Src/stm32f4xx_hal_rcc.o
 .debug_str     0x000bd80e    0xaaf37 ./Src/stm32f4xx_hal_uart.o
 .debug_str     0x000bd80e     0x7753 ./Src/sysmem.o
 .debug_str     0x000bd80e    0x50025 ./Src/system_stm32f4xx.o
 .debug_str     0x000bd80e       0xba ./Startup/startup_stm32f411retx.o

.comment        0x00000000       0x43
 .comment       0x00000000       0x43 ./Src/FreeRTOS/list.o
                                 0x44 (size before relaxing)
 .comment       0x00000043       0x44 ./Src/FreeRTOS/tasks.o
 .comment       0x00000043       0x44 ./Src/FreeRTOS/portable/GCC/ARM_CM4F/port.o
 .comment       0x00000043       0x44 ./Src/FreeRTOS/portable/MemMang/heap_4.o
 .comment       0x00000043       0x44 ./Src/main.o
 .comment       0x00000043       0x44 ./Src/stm32f4xx_hal.o
 .comment       0x00000043       0x44 ./Src/stm32f4xx_hal_cortex.o
 .comment       0x00000043       0x44 ./Src/stm32f4xx_hal_gpio.o
 .comment       0x00000043       0x44 ./Src/stm32f4xx_hal_rcc.o
 .comment       0x00000043       0x44 ./Src/stm32f4xx_hal_uart.o
 .comment       0x00000043       0x44 ./Src/sysmem.o
 .comment       0x00000043       0x44 ./Src/system_stm32f4xx.o

.debug_frame    0x00000000     0x2694
 .debug_frame   0x00000000       0xc4 ./Src/FreeRTOS/list.o
 .debug_frame   0x000000c4      0x73c ./Src/FreeRTOS/tasks.o
 .debug_frame   0x00000800      0x160 ./Src/FreeRTOS/portable/GCC/ARM_CM4F/port.o
 .debug_frame   0x00000960      0x158 ./Src/FreeRTOS/portable/MemMang/heap_4.o
 .debug_frame   0x00000ab8      0x180 ./Src/main.o
 .debug_frame   0x00000c38      0x31c ./Src/stm32f4xx_hal.o
 .debug_frame   0x00000f54      0x470 ./Src/stm32f4xx_hal_cortex.o
 .debug_frame   0x000013c4      0x130 ./Src/stm32f4xx_hal_gpio.o
 .debug_frame   0x000014f4      0x1d8 ./Src/stm32f4xx_hal_rcc.o
 .debug_frame   0x000016cc      0x8ec ./Src/stm32f4xx_hal_uart.o
 .debug_frame   0x00001fb8       0x34 ./Src/sysmem.o
 .debug_frame   0x00001fec       0x50 ./Src/system_stm32f4xx.o
 .debug_frame   0x0000203c      0x144 C:/ST/STM32CubeIDE_2.1.1/STM32CubeIDE/plugins/com.st.stm32cube.ide.mcu.externaltools.gnu-tools-for-stm32.14.3.rel1.win32_1.0.100.202602081740/tools/bin/../lib/gcc/arm-none-eabi/14.3.1/../../../../arm-none-eabi/lib/thumb/v7e-m+fp/hard\libc_nano.a(libc_a-findfp.o)
 .debug_frame   0x00002180       0x74 C:/ST/STM32CubeIDE_2.1.1/STM32CubeIDE/plugins/com.st.stm32cube.ide.mcu.externaltools.gnu-tools-for-stm32.14.3.rel1.win32_1.0.100.202602081740/tools/bin/../lib/gcc/arm-none-eabi/14.3.1/../../../../arm-none-eabi/lib/thumb/v7e-m+fp/hard\libc_nano.a(libc_a-sprintf.o)
 .debug_frame   0x000021f4       0x20 C:/ST/STM32CubeIDE_2.1.1/STM32CubeIDE/plugins/com.st.stm32cube.ide.mcu.externaltools.gnu-tools-for-stm32.14.3.rel1.win32_1.0.100.202602081740/tools/bin/../lib/gcc/arm-none-eabi/14.3.1/../../../../arm-none-eabi/lib/thumb/v7e-m+fp/hard\libc_nano.a(libc_a-memset.o)
 .debug_frame   0x00002214       0x38 C:/ST/STM32CubeIDE_2.1.1/STM32CubeIDE/plugins/com.st.stm32cube.ide.mcu.externaltools.gnu-tools-for-stm32.14.3.rel1.win32_1.0.100.202602081740/tools/bin/../lib/gcc/arm-none-eabi/14.3.1/../../../../arm-none-eabi/lib/thumb/v7e-m+fp/hard\libc_nano.a(libc_a-reent.o)
 .debug_frame   0x0000224c       0x20 C:/ST/STM32CubeIDE_2.1.1/STM32CubeIDE/plugins/com.st.stm32cube.ide.mcu.externaltools.gnu-tools-for-stm32.14.3.rel1.win32_1.0.100.202602081740/tools/bin/../lib/gcc/arm-none-eabi/14.3.1/../../../../arm-none-eabi/lib/thumb/v7e-m+fp/hard\libc_nano.a(libc_a-errno.o)
 .debug_frame   0x0000226c       0x2c C:/ST/STM32CubeIDE_2.1.1/STM32CubeIDE/plugins/com.st.stm32cube.ide.mcu.externaltools.gnu-tools-for-stm32.14.3.rel1.win32_1.0.100.202602081740/tools/bin/../lib/gcc/arm-none-eabi/14.3.1/../../../../arm-none-eabi/lib/thumb/v7e-m+fp/hard\libc_nano.a(libc_a-init.o)
 .debug_frame   0x00002298       0xb0 C:/ST/STM32CubeIDE_2.1.1/STM32CubeIDE/plugins/com.st.stm32cube.ide.mcu.externaltools.gnu-tools-for-stm32.14.3.rel1.win32_1.0.100.202602081740/tools/bin/../lib/gcc/arm-none-eabi/14.3.1/../../../../arm-none-eabi/lib/thumb/v7e-m+fp/hard\libc_nano.a(libc_a-lock.o)
 .debug_frame   0x00002348       0x28 C:/ST/STM32CubeIDE_2.1.1/STM32CubeIDE/plugins/com.st.stm32cube.ide.mcu.externaltools.gnu-tools-for-stm32.14.3.rel1.win32_1.0.100.202602081740/tools/bin/../lib/gcc/arm-none-eabi/14.3.1/../../../../arm-none-eabi/lib/thumb/v7e-m+fp/hard\libc_nano.a(libc_a-memcpy-stub.o)
 .debug_frame   0x00002370       0x20 C:/ST/STM32CubeIDE_2.1.1/STM32CubeIDE/plugins/com.st.stm32cube.ide.mcu.externaltools.gnu-tools-for-stm32.14.3.rel1.win32_1.0.100.202602081740/tools/bin/../lib/gcc/arm-none-eabi/14.3.1/../../../../arm-none-eabi/lib/thumb/v7e-m+fp/hard\libc_nano.a(libc_a-strlen.o)
 .debug_frame   0x00002390       0x38 C:/ST/STM32CubeIDE_2.1.1/STM32CubeIDE/plugins/com.st.stm32cube.ide.mcu.externaltools.gnu-tools-for-stm32.14.3.rel1.win32_1.0.100.202602081740/tools/bin/../lib/gcc/arm-none-eabi/14.3.1/../../../../arm-none-eabi/lib/thumb/v7e-m+fp/hard\libc_nano.a(libc_a-freer.o)
 .debug_frame   0x000023c8       0x50 C:/ST/STM32CubeIDE_2.1.1/STM32CubeIDE/plugins/com.st.stm32cube.ide.mcu.externaltools.gnu-tools-for-stm32.14.3.rel1.win32_1.0.100.202602081740/tools/bin/../lib/gcc/arm-none-eabi/14.3.1/../../../../arm-none-eabi/lib/thumb/v7e-m+fp/hard\libc_nano.a(libc_a-mallocr.o)
 .debug_frame   0x00002418       0x30 C:/ST/STM32CubeIDE_2.1.1/STM32CubeIDE/plugins/com.st.stm32cube.ide.mcu.externaltools.gnu-tools-for-stm32.14.3.rel1.win32_1.0.100.202602081740/tools/bin/../lib/gcc/arm-none-eabi/14.3.1/../../../../arm-none-eabi/lib/thumb/v7e-m+fp/hard\libc_nano.a(libc_a-mlock.o)
 .debug_frame   0x00002448       0x90 C:/ST/STM32CubeIDE_2.1.1/STM32CubeIDE/plugins/com.st.stm32cube.ide.mcu.externaltools.gnu-tools-for-stm32.14.3.rel1.win32_1.0.100.202602081740/tools/bin/../lib/gcc/arm-none-eabi/14.3.1/../../../../arm-none-eabi/lib/thumb/v7e-m+fp/hard\libc_nano.a(libc_a-nano-svfprintf.o)
 .debug_frame   0x000024d8       0x60 C:/ST/STM32CubeIDE_2.1.1/STM32CubeIDE/plugins/com.st.stm32cube.ide.mcu.externaltools.gnu-tools-for-stm32.14.3.rel1.win32_1.0.100.202602081740/tools/bin/../lib/gcc/arm-none-eabi/14.3.1/../../../../arm-none-eabi/lib/thumb/v7e-m+fp/hard\libc_nano.a(libc_a-nano-vfprintf_i.o)
 .debug_frame   0x00002538       0x28 C:/ST/STM32CubeIDE_2.1.1/STM32CubeIDE/plugins/com.st.stm32cube.ide.mcu.externaltools.gnu-tools-for-stm32.14.3.rel1.win32_1.0.100.202602081740/tools/bin/../lib/gcc/arm-none-eabi/14.3.1/../../../../arm-none-eabi/lib/thumb/v7e-m+fp/hard\libc_nano.a(libc_a-memmove.o)
 .debug_frame   0x00002560       0x2c C:/ST/STM32CubeIDE_2.1.1/STM32CubeIDE/plugins/com.st.stm32cube.ide.mcu.externaltools.gnu-tools-for-stm32.14.3.rel1.win32_1.0.100.202602081740/tools/bin/../lib/gcc/arm-none-eabi/14.3.1/../../../../arm-none-eabi/lib/thumb/v7e-m+fp/hard\libc_nano.a(libc_a-sbrkr.o)
 .debug_frame   0x0000258c       0x4c C:/ST/STM32CubeIDE_2.1.1/STM32CubeIDE/plugins/com.st.stm32cube.ide.mcu.externaltools.gnu-tools-for-stm32.14.3.rel1.win32_1.0.100.202602081740/tools/bin/../lib/gcc/arm-none-eabi/14.3.1/../../../../arm-none-eabi/lib/thumb/v7e-m+fp/hard\libc_nano.a(libc_a-memchr.o)
 .debug_frame   0x000025d8       0x3c C:/ST/STM32CubeIDE_2.1.1/STM32CubeIDE/plugins/com.st.stm32cube.ide.mcu.externaltools.gnu-tools-for-stm32.14.3.rel1.win32_1.0.100.202602081740/tools/bin/../lib/gcc/arm-none-eabi/14.3.1/../../../../arm-none-eabi/lib/thumb/v7e-m+fp/hard\libc_nano.a(libc_a-reallocr.o)
 .debug_frame   0x00002614       0x20 C:/ST/STM32CubeIDE_2.1.1/STM32CubeIDE/plugins/com.st.stm32cube.ide.mcu.externaltools.gnu-tools-for-stm32.14.3.rel1.win32_1.0.100.202602081740/tools/bin/../lib/gcc/arm-none-eabi/14.3.1/../../../../arm-none-eabi/lib/thumb/v7e-m+fp/hard\libc_nano.a(libc_a-msizer.o)
 .debug_frame   0x00002634       0x2c C:/ST/STM32CubeIDE_2.1.1/STM32CubeIDE/plugins/com.st.stm32cube.ide.mcu.externaltools.gnu-tools-for-stm32.14.3.rel1.win32_1.0.100.202602081740/tools/bin/../lib/gcc/arm-none-eabi/14.3.1/thumb/v7e-m+fp/hard\libgcc.a(_aeabi_uldivmod.o)
 .debug_frame   0x00002660       0x34 C:/ST/STM32CubeIDE_2.1.1/STM32CubeIDE/plugins/com.st.stm32cube.ide.mcu.externaltools.gnu-tools-for-stm32.14.3.rel1.win32_1.0.100.202602081740/tools/bin/../lib/gcc/arm-none-eabi/14.3.1/thumb/v7e-m+fp/hard\libgcc.a(_udivmoddi4.o)

.debug_line_str
                0x00000000       0x9e
 .debug_line_str
                0x00000000       0x9e ./Startup/startup_stm32f411retx.o
