#-----------------------------------------------------------
# Vivado v2025.2 (64-bit)
# SW Build 6299465 on Fri Nov 14 19:35:11 GMT 2025
# IP Build 6300035 on Fri Nov 14 10:48:45 MST 2025
# SharedData Build 6298862 on Thu Nov 13 04:50:51 MST 2025
# Start of session at: Sun Jun 21 14:13:21 2026
# Process ID         : 6060
# Current directory  : C:/FPGA_Learning/Phase1_VHDL/p1_01_and_gate
# Command line       : vivado.exe -gui_launcher_event rodinguilauncherevent2316 C:\FPGA_Learning\Phase1_VHDL\p1_01_and_gate\p1_01_and_gate.xpr
# Log file           : C:/FPGA_Learning/Phase1_VHDL/p1_01_and_gate/vivado.log
# Journal file       : C:/FPGA_Learning/Phase1_VHDL/p1_01_and_gate\vivado.jou
# Running On         : Kishan
# Platform           : Windows Server 2016 or Windows 10
# Operating System   : 26200
# Processor Detail   : 11th Gen Intel(R) Core(TM) i5-11400H @ 2.70GHz
# CPU Frequency      : 2688 MHz
# CPU Physical cores : 6
# CPU Logical cores  : 12
# Host memory        : 8297 MB
# Swap memory        : 8053 MB
# Total Virtual      : 16350 MB
# Available Virtual  : 3308 MB
#-----------------------------------------------------------
start_gui
open_project C:/FPGA_Learning/Phase1_VHDL/p1_01_and_gate/p1_01_and_gate.xpr
update_compile_order -fileset sources_1
