Archive member included to satisfy reference by file (symbol)

C:/ST/STM32CubeIDE_2.1.1/STM32CubeIDE/plugins/com.st.stm32cube.ide.mcu.externaltools.gnu-tools-for-stm32.14.3.rel1.win32_1.0.100.202602081740/tools/bin/../lib/gcc/arm-none-eabi/14.3.1/../../../../arm-none-eabi/lib/thumb/v7e-m+fp/hard\libc_nano.a(libc_a-exit.o)
                              C:/ST/STM32CubeIDE_2.1.1/STM32CubeIDE/plugins/com.st.stm32cube.ide.mcu.externaltools.gnu-tools-for-stm32.14.3.rel1.win32_1.0.100.202602081740/tools/bin/../lib/gcc/arm-none-eabi/14.3.1/../../../../arm-none-eabi/lib/thumb/v7e-m+fp/hard/crt0.o (exit)
C:/ST/STM32CubeIDE_2.1.1/STM32CubeIDE/plugins/com.st.stm32cube.ide.mcu.externaltools.gnu-tools-for-stm32.14.3.rel1.win32_1.0.100.202602081740/tools/bin/../lib/gcc/arm-none-eabi/14.3.1/../../../../arm-none-eabi/lib/thumb/v7e-m+fp/hard\libc_nano.a(libc_a-findfp.o)
                              C:/ST/STM32CubeIDE_2.1.1/STM32CubeIDE/plugins/com.st.stm32cube.ide.mcu.externaltools.gnu-tools-for-stm32.14.3.rel1.win32_1.0.100.202602081740/tools/bin/../lib/gcc/arm-none-eabi/14.3.1/../../../../arm-none-eabi/lib/thumb/v7e-m+fp/hard\libc_nano.a(libc_a-exit.o) (__stdio_exit_handler)
C:/ST/STM32CubeIDE_2.1.1/STM32CubeIDE/plugins/com.st.stm32cube.ide.mcu.externaltools.gnu-tools-for-stm32.14.3.rel1.win32_1.0.100.202602081740/tools/bin/../lib/gcc/arm-none-eabi/14.3.1/../../../../arm-none-eabi/lib/thumb/v7e-m+fp/hard\libc_nano.a(libc_a-fwalk.o)
                              C:/ST/STM32CubeIDE_2.1.1/STM32CubeIDE/plugins/com.st.stm32cube.ide.mcu.externaltools.gnu-tools-for-stm32.14.3.rel1.win32_1.0.100.202602081740/tools/bin/../lib/gcc/arm-none-eabi/14.3.1/../../../../arm-none-eabi/lib/thumb/v7e-m+fp/hard\libc_nano.a(libc_a-findfp.o) (_fwalk_sglue)
C:/ST/STM32CubeIDE_2.1.1/STM32CubeIDE/plugins/com.st.stm32cube.ide.mcu.externaltools.gnu-tools-for-stm32.14.3.rel1.win32_1.0.100.202602081740/tools/bin/../lib/gcc/arm-none-eabi/14.3.1/../../../../arm-none-eabi/lib/thumb/v7e-m+fp/hard\libc_nano.a(libc_a-stdio.o)
                              C:/ST/STM32CubeIDE_2.1.1/STM32CubeIDE/plugins/com.st.stm32cube.ide.mcu.externaltools.gnu-tools-for-stm32.14.3.rel1.win32_1.0.100.202602081740/tools/bin/../lib/gcc/arm-none-eabi/14.3.1/../../../../arm-none-eabi/lib/thumb/v7e-m+fp/hard\libc_nano.a(libc_a-findfp.o) (__sread)
C:/ST/STM32CubeIDE_2.1.1/STM32CubeIDE/plugins/com.st.stm32cube.ide.mcu.externaltools.gnu-tools-for-stm32.14.3.rel1.win32_1.0.100.202602081740/tools/bin/../lib/gcc/arm-none-eabi/14.3.1/../../../../arm-none-eabi/lib/thumb/v7e-m+fp/hard\libc_nano.a(libc_a-memset.o)
                              C:/ST/STM32CubeIDE_2.1.1/STM32CubeIDE/plugins/com.st.stm32cube.ide.mcu.externaltools.gnu-tools-for-stm32.14.3.rel1.win32_1.0.100.202602081740/tools/bin/../lib/gcc/arm-none-eabi/14.3.1/../../../../arm-none-eabi/lib/thumb/v7e-m+fp/hard/crt0.o (memset)
C:/ST/STM32CubeIDE_2.1.1/STM32CubeIDE/plugins/com.st.stm32cube.ide.mcu.externaltools.gnu-tools-for-stm32.14.3.rel1.win32_1.0.100.202602081740/tools/bin/../lib/gcc/arm-none-eabi/14.3.1/../../../../arm-none-eabi/lib/thumb/v7e-m+fp/hard\libc_nano.a(libc_a-closer.o)
                              C:/ST/STM32CubeIDE_2.1.1/STM32CubeIDE/plugins/com.st.stm32cube.ide.mcu.externaltools.gnu-tools-for-stm32.14.3.rel1.win32_1.0.100.202602081740/tools/bin/../lib/gcc/arm-none-eabi/14.3.1/../../../../arm-none-eabi/lib/thumb/v7e-m+fp/hard\libc_nano.a(libc_a-stdio.o) (_close_r)
C:/ST/STM32CubeIDE_2.1.1/STM32CubeIDE/plugins/com.st.stm32cube.ide.mcu.externaltools.gnu-tools-for-stm32.14.3.rel1.win32_1.0.100.202602081740/tools/bin/../lib/gcc/arm-none-eabi/14.3.1/../../../../arm-none-eabi/lib/thumb/v7e-m+fp/hard\libc_nano.a(libc_a-reent.o)
                              C:/ST/STM32CubeIDE_2.1.1/STM32CubeIDE/plugins/com.st.stm32cube.ide.mcu.externaltools.gnu-tools-for-stm32.14.3.rel1.win32_1.0.100.202602081740/tools/bin/../lib/gcc/arm-none-eabi/14.3.1/../../../../arm-none-eabi/lib/thumb/v7e-m+fp/hard\libc_nano.a(libc_a-closer.o) (errno)
C:/ST/STM32CubeIDE_2.1.1/STM32CubeIDE/plugins/com.st.stm32cube.ide.mcu.externaltools.gnu-tools-for-stm32.14.3.rel1.win32_1.0.100.202602081740/tools/bin/../lib/gcc/arm-none-eabi/14.3.1/../../../../arm-none-eabi/lib/thumb/v7e-m+fp/hard\libc_nano.a(libc_a-impure.o)
                              C:/ST/STM32CubeIDE_2.1.1/STM32CubeIDE/plugins/com.st.stm32cube.ide.mcu.externaltools.gnu-tools-for-stm32.14.3.rel1.win32_1.0.100.202602081740/tools/bin/../lib/gcc/arm-none-eabi/14.3.1/../../../../arm-none-eabi/lib/thumb/v7e-m+fp/hard\libc_nano.a(libc_a-reent.o) (_impure_ptr)
C:/ST/STM32CubeIDE_2.1.1/STM32CubeIDE/plugins/com.st.stm32cube.ide.mcu.externaltools.gnu-tools-for-stm32.14.3.rel1.win32_1.0.100.202602081740/tools/bin/../lib/gcc/arm-none-eabi/14.3.1/../../../../arm-none-eabi/lib/thumb/v7e-m+fp/hard\libc_nano.a(libc_a-lseekr.o)
[...]
Memory Configuration

Name             Origin             Length             Attributes
RAM              0x20000000         0x00020000         xrw
FLASH            0x08000000         0x00080000         xr
*default*        0x00000000         0xffffffff

Linker script and memory map

LOAD C:/ST/STM32CubeIDE_2.1.1/STM32CubeIDE/plugins/com.st.stm32cube.ide.mcu.externaltools.gnu-tools-for-stm32.14.3.rel1.win32_1.0.100.202602081740/tools/bin/../lib/gcc/arm-none-eabi/14.3.1/thumb/v7e-m+fp/hard/crti.o
LOAD C:/ST/STM32CubeIDE_2.1.1/STM32CubeIDE/plugins/com.st.stm32cube.ide.mcu.externaltools.gnu-tools-for-stm32.14.3.rel1.win32_1.0.100.202602081740/tools/bin/../lib/gcc/arm-none-eabi/14.3.1/thumb/v7e-m+fp/hard/crtbegin.o
LOAD C:/ST/STM32CubeIDE_2.1.1/STM32CubeIDE/plugins/com.st.stm32cube.ide.mcu.externaltools.gnu-tools-for-stm32.14.3.rel1.win32_1.0.100.202602081740/tools/bin/../lib/gcc/arm-none-eabi/14.3.1/../../../../arm-none-eabi/lib/thumb/v7e-m+fp/hard/crt0.o
LOAD ./Src/main.o
LOAD ./Src/stm32f4xx_hal.o
LOAD ./Src/stm32f4xx_hal_cortex.o
LOAD ./Src/stm32f4xx_hal_dma.o
LOAD ./Src/stm32f4xx_hal_gpio.o
LOAD ./Src/stm32f4xx_hal_pwr.o
LOAD ./Src/stm32f4xx_hal_pwr_ex.o
LOAD ./Src/stm32f4xx_hal_rcc.o
LOAD ./Src/stm32f4xx_hal_rcc_ex.o
LOAD ./Src/stm32f4xx_hal_tim.o
LOAD ./Src/stm32f4xx_hal_tim_ex.o
LOAD ./Src/stm32f4xx_hal_uart.o
LOAD ./Src/syscalls.o
LOAD ./Src/sysmem.o
LOAD ./Src/system_stm32f4xx.o
LOAD ./Startup/startup_stm32f411retx.o
START GROUP
LOAD C:/ST/STM32CubeIDE_2.1.1/STM32CubeIDE/plugins/com.st.stm32cube.ide.mcu.externaltools.gnu-tools-for-stm32.14.3.rel1.win32_1.0.100.202602081740/tools/bin/../lib/gcc/arm-none-eabi/14.3.1/../../../../arm-none-eabi/lib/thumb/v7e-m+fp/hard\libc_nano.a
LOAD C:/ST/STM32CubeIDE_2.1.1/STM32CubeIDE/plugins/com.st.stm32cube.ide.mcu.externaltools.gnu-tools-for-stm32.14.3.rel1.win32_1.0.100.202602081740/tools/bin/../lib/gcc/arm-none-eabi/14.3.1/../../../../arm-none-eabi/lib/thumb/v7e-m+fp/hard\libm.a
END GROUP
START GROUP
LOAD C:/ST/STM32CubeIDE_2.1.1/STM32CubeIDE/plugins/com.st.stm32cube.ide.mcu.externaltools.gnu-tools-for-stm32.14.3.rel1.win32_1.0.100.202602081740/tools/bin/../lib/gcc/arm-none-eabi/14.3.1/thumb/v7e-m+fp/hard\libgcc.a
LOAD C:/ST/STM32CubeIDE_2.1.1/STM32CubeIDE/plugins/com.st.stm32cube.ide.mcu.externaltools.gnu-tools-for-stm32.14.3.rel1.win32_1.0.100.202602081740/tools/bin/../lib/gcc/arm-none-eabi/14.3.1/../../../../arm-none-eabi/lib/thumb/v7e-m+fp/hard\libc_nano.a
END GROUP
START GROUP
LOAD C:/ST/STM32CubeIDE_2.1.1/STM32CubeIDE/plugins/com.st.stm32cube.ide.mcu.externaltools.gnu-tools-for-stm32.14.3.rel1.win32_1.0.100.202602081740/tools/bin/../lib/gcc/arm-none-eabi/14.3.1/thumb/v7e-m+fp/hard\libgcc.a
LOAD C:/ST/STM32CubeIDE_2.1.1/STM32CubeIDE/plugins/com.st.stm32cube.ide.mcu.externaltools.gnu-tools-for-stm32.14.3.rel1.win32_1.0.100.202602081740/tools/bin/../lib/gcc/arm-none-eabi/14.3.1/../../../../arm-none-eabi/lib/thumb/v7e-m+fp/hard\libc_nano.a
LOAD C:/ST/STM32CubeIDE_2.1.1/STM32CubeIDE/plugins/com.st.stm32cube.ide.mcu.externaltools.gnu-tools-for-stm32.14.3.rel1.win32_1.0.100.202602081740/tools/bin/../lib/gcc/arm-none-eabi/14.3.1/../../../../arm-none-eabi/lib/thumb/v7e-m+fp/hard\libnosys.a
END GROUP
START GROUP
LOAD C:/ST/STM32CubeIDE_2.1.1/STM32CubeIDE/plugins/com.st.stm32cube.ide.mcu.externaltools.gnu-tools-for-stm32.14.3.rel1.win32_1.0.100.202602081740/tools/bin/../lib/gcc/arm-none-eabi/14.3.1/thumb/v7e-m+fp/hard\libgcc.a
LOAD C:/ST/STM32CubeIDE_2.1.1/STM32CubeIDE/plugins/com.st.stm32cube.ide.mcu.externaltools.gnu-tools-for-stm32.14.3.rel1.win32_1.0.100.202602081740/tools/bin/../lib/gcc/arm-none-eabi/14.3.1/../../../../arm-none-eabi/lib/thumb/v7e-m+fp/hard\libc_nano.a
LOAD C:/ST/STM32CubeIDE_2.1.1/STM32CubeIDE/plugins/com.st.stm32cube.ide.mcu.externaltools.gnu-tools-for-stm32.14.3.rel1.win32_1.0.100.202602081740/tools/bin/../lib/gcc/arm-none-eabi/14.3.1/../../../../arm-none-eabi/lib/thumb/v7e-m+fp/hard\libnosys.a
END GROUP
LOAD C:/ST/STM32CubeIDE_2.1.1/STM32CubeIDE/plugins/com.st.stm32cube.ide.mcu.externaltools.gnu-tools-for-stm32.14.3.rel1.win32_1.0.100.202602081740/tools/bin/../lib/gcc/arm-none-eabi/14.3.1/thumb/v7e-m+fp/hard/crtend.o
LOAD C:/ST/STM32CubeIDE_2.1.1/STM32CubeIDE/plugins/com.st.stm32cube.ide.mcu.externaltools.gnu-tools-for-stm32.14.3.rel1.win32_1.0.100.202602081740/tools/bin/../lib/gcc/arm-none-eabi/14.3.1/thumb/v7e-m+fp/hard/crtn.o
                0x20020000                        _estack = (ORIGIN (RAM) + LENGTH (RAM))
                0x00000200                        _Min_Heap_Size = 0x200
                0x00000400                        _Min_Stack_Size = 0x400

.isr_vector     0x08000000      0x198
                0x08000000                        . = ALIGN (0x4)
 *(.isr_vector)
 .isr_vector    0x08000000      0x198 ./Startup/startup_stm32f411retx.o
                0x08000000                g_pfnVectors
                0x08000198                        . = ALIGN (0x4)

.text           0x08000198     0x1cd4
                0x08000198                        . = ALIGN (0x4)
 *(.text)
 .text          0x08000198       0x40 C:/ST/STM32CubeIDE_2.1.1/STM32CubeIDE/plugins/com.st.stm32cube.ide.mcu.externaltools.gnu-tools-for-stm32.14.3.rel1.win32_1.0.100.202602081740/tools/bin/../lib/gcc/arm-none-eabi/14.3.1/thumb/v7e-m+fp/hard/crtbegin.o
 .text          0x080001d8       0x10 C:/ST/STM32CubeIDE_2.1.1/STM32CubeIDE/plugins/com.st.stm32cube.ide.mcu.externaltools.gnu-tools-for-stm32.14.3.rel1.win32_1.0.100.202602081740/tools/bin/../lib/gcc/arm-none-eabi/14.3.1/../../../../arm-none-eabi/lib/thumb/v7e-m+fp/hard\libc_nano.a(libc_a-strlen.o)
                0x080001d8                strlen
 .text          0x080001e8       0x30 C:/ST/STM32CubeIDE_2.1.1/STM32CubeIDE/plugins/com.st.stm32cube.ide.mcu.externaltools.gnu-tools-for-stm32.14.3.rel1.win32_1.0.100.202602081740/tools/bin/../lib/gcc/arm-none-eabi/14.3.1/thumb/v7e-m+fp/hard\libgcc.a(_aeabi_uldivmod.o)
                0x080001e8                __aeabi_uldivmod
 .text          0x08000218      0x2f8 C:/ST/STM32CubeIDE_2.1.1/STM32CubeIDE/plugins/com.st.stm32cube.ide.mcu.externaltools.gnu-tools-for-stm32.14.3.rel1.win32_1.0.100.202602081740/tools/bin/../lib/gcc/arm-none-eabi/14.3.1/thumb/v7e-m+fp/hard\libgcc.a(_udivmoddi4.o)
                0x08000218                __udivmoddi4
 .text          0x08000510        0x4 C:/ST/STM32CubeIDE_2.1.1/STM32CubeIDE/plugins/com.st.stm32cube.ide.mcu.externaltools.gnu-tools-for-stm32.14.3.rel1.win32_1.0.100.202602081740/tools/bin/../lib/gcc/arm-none-eabi/14.3.1/thumb/v7e-m+fp/hard\libgcc.a(_dvmd_tls.o)
                0x08000510                __aeabi_idiv0
                0x08000510                __aeabi_ldiv0
 *(.text*)
 .text.main     0x08000514       0x50 ./Src/main.o
                0x08000514                main
 .text.UART2_GPIO_Init
                0x08000564       0x60 ./Src/main.o
                0x08000564                UART2_GPIO_Init
 .text.UART2_Init
                0x080005c4       0x68 ./Src/main.o
                0x080005c4                UART2_Init
 .text.SystemClock_Config
                0x0800062c       0x62 ./Src/main.o
                0x0800062c                SystemClock_Config
 .text.SysTick_Handler
                0x0800068e        0xc ./Src/main.o
                0x0800068e                SysTick_Handler
 *fill*         0x0800069a        0x2 
 .text.HAL_Init
                0x0800069c       0x44 ./Src/stm32f4xx_hal.o
                0x0800069c                HAL_Init
 .text.HAL_MspInit
                0x080006e0        0xe ./Src/stm32f4xx_hal.o
                0x080006e0                HAL_MspInit
 *fill*         0x080006ee        0x2 
 .text.HAL_InitTick
                0x080006f0       0x60 ./Src/stm32f4xx_hal.o
                0x080006f0                HAL_InitTick
 .text.HAL_IncTick
                0x08000750       0x28 ./Src/stm32f4xx_hal.o
                0x08000750                HAL_IncTick
 .text.HAL_GetTick
                0x08000778       0x18 ./Src/stm32f4xx_hal.o
                0x08000778                HAL_GetTick
 .text.HAL_Delay
                0x08000790       0x48 ./Src/stm32f4xx_hal.o
                0x08000790                HAL_Delay
 .text.__NVIC_SetPriorityGrouping
                0x080007d8       0x48 ./Src/stm32f4xx_hal_cortex.o
 .text.__NVIC_GetPriorityGrouping
                0x08000820       0x1c ./Src/stm32f4xx_hal_cortex.o
 .text.__NVIC_SetPriority
                0x0800083c       0x54 ./Src/stm32f4xx_hal_cortex.o
 .text.NVIC_EncodePriority
                0x08000890       0x66 ./Src/stm32f4xx_hal_cortex.o
 *fill*         0x080008f6        0x2 
 .text.SysTick_Config
                0x080008f8       0x44 ./Src/stm32f4xx_hal_cortex.o
 .text.HAL_NVIC_SetPriorityGrouping
                0x0800093c       0x16 ./Src/stm32f4xx_hal_cortex.o
                0x0800093c                HAL_NVIC_SetPriorityGrouping
 .text.HAL_NVIC_SetPriority
                0x08000952       0x38 ./Src/stm32f4xx_hal_cortex.o
                0x08000952                HAL_NVIC_SetPriority
 .text.HAL_SYSTICK_Config
                0x0800098a       0x18 ./Src/stm32f4xx_hal_cortex.o
                0x0800098a                HAL_SYSTICK_Config
 *fill*         0x080009a2        0x2 
 .text.HAL_GPIO_Init
                0x080009a4      0x308 ./Src/stm32f4xx_hal_gpio.o
                0x080009a4                HAL_GPIO_Init
 .text.HAL_RCC_OscConfig
                0x08000cac      0x4f0 ./Src/stm32f4xx_hal_rcc.o
                0x08000cac                HAL_RCC_OscConfig
 .text.HAL_RCC_ClockConfig
                0x0800119c      0x1cc ./Src/stm32f4xx_hal_rcc.o
                0x0800119c                HAL_RCC_ClockConfig
 .text.HAL_RCC_GetSysClockFreq
                0x08001368      0x188 ./Src/stm32f4xx_hal_rcc.o
                0x08001368                HAL_RCC_GetSysClockFreq
 .text.HAL_RCC_GetHCLKFreq
                0x080014f0       0x18 ./Src/stm32f4xx_hal_rcc.o
                0x080014f0                HAL_RCC_GetHCLKFreq
 .text.HAL_RCC_GetPCLK1Freq
                0x08001508       0x28 ./Src/stm32f4xx_hal_rcc.o
                0x08001508                HAL_RCC_GetPCLK1Freq
 .text.HAL_RCC_GetPCLK2Freq
                0x08001530       0x28 ./Src/stm32f4xx_hal_rcc.o
                0x08001530                HAL_RCC_GetPCLK2Freq
 .text.HAL_UART_Init
                0x08001558       0xa0 ./Src/stm32f4xx_hal_uart.o
                0x08001558                HAL_UART_Init
 .text.HAL_UART_MspInit
                0x080015f8       0x14 ./Src/stm32f4xx_hal_uart.o
                0x080015f8                HAL_UART_MspInit
 .text.HAL_UART_Transmit
                0x0800160c      0x116 ./Src/stm32f4xx_hal_uart.o
                0x0800160c                HAL_UART_Transmit
 .text.UART_WaitOnFlagUntilTimeout
                0x08001722       0xb2 ./Src/stm32f4xx_hal_uart.o
 .text.UART_EndRxTransfer
                0x080017d4       0xc6 ./Src/stm32f4xx_hal_uart.o
 *fill*         0x0800189a        0x2 
 .text.UART_SetConfig
                0x0800189c      0x4e8 ./Src/stm32f4xx_hal_uart.o
 .text.SystemInit
                0x08001d84       0x24 ./Src/system_stm32f4xx.o
                0x08001d84                SystemInit
 .text.Reset_Handler
                0x08001da8       0x50 ./Startup/startup_stm32f411retx.o
                0x08001da8                Reset_Handler
 .text.Default_Handler
                0x08001df8        0x2 ./Startup/startup_stm32f411retx.o
                0x08001df8                RTC_Alarm_IRQHandler
                0x08001df8                EXTI2_IRQHandler
                0x08001df8                DebugMon_Handler
                0x08001df8                SPI4_IRQHandler
                0x08001df8                TIM1_CC_IRQHandler
                0x08001df8                DMA2_Stream5_IRQHandler
                0x08001df8                HardFault_Handler
                0x08001df8                DMA1_Stream5_IRQHandler
                0x08001df8                PVD_IRQHandler
                0x08001df8                SDIO_IRQHandler
                0x08001df8                TAMP_STAMP_IRQHandler
                0x08001df8                PendSV_Handler
                0x08001df8                NMI_Handler
                0x08001df8                EXTI3_IRQHandler
                0x08001df8                TIM1_UP_TIM10_IRQHandler
                0x08001df8                I2C3_ER_IRQHandler
                0x08001df8                EXTI0_IRQHandler
                0x08001df8                I2C2_EV_IRQHandler
                0x08001df8                DMA1_Stream2_IRQHandler
                0x08001df8                UsageFault_Handler
                0x08001df8                DMA2_Stream2_IRQHandler
                0x08001df8                SPI1_IRQHandler
                0x08001df8                TIM1_BRK_TIM9_IRQHandler
                0x08001df8                DMA2_Stream3_IRQHandler
                0x08001df8                USART6_IRQHandler
                0x08001df8                DMA2_Stream0_IRQHandler
                0x08001df8                TIM4_IRQHandler
                0x08001df8                I2C1_EV_IRQHandler
                0x08001df8                DMA1_Stream6_IRQHandler
                0x08001df8                DMA1_Stream1_IRQHandler
                0x08001df8                TIM3_IRQHandler
                0x08001df8                RCC_IRQHandler
                0x08001df8                Default_Handler
                0x08001df8                EXTI15_10_IRQHandler
                0x08001df8                ADC_IRQHandler
                0x08001df8                DMA1_Stream7_IRQHandler
                0x08001df8                SPI5_IRQHandler
                0x08001df8                TIM5_IRQHandler
                0x08001df8                DMA2_Stream7_IRQHandler
                0x08001df8                I2C3_EV_IRQHandler
                0x08001df8                EXTI9_5_IRQHandler
                0x08001df8                RTC_WKUP_IRQHandler
                0x08001df8                SPI2_IRQHandler
                0x08001df8                MemManage_Handler
                0x08001df8                DMA1_Stream0_IRQHandler
                0x08001df8                SVC_Handler
                0x08001df8                EXTI4_IRQHandler
                0x08001df8                WWDG_IRQHandler
                0x08001df8                TIM2_IRQHandler
                0x08001df8                OTG_FS_WKUP_IRQHandler
                0x08001df8                TIM1_TRG_COM_TIM11_IRQHandler
                0x08001df8                EXTI1_IRQHandler
                0x08001df8                USART2_IRQHandler
                0x08001df8                I2C2_ER_IRQHandler
                0x08001df8                DMA2_Stream1_IRQHandler
                0x08001df8                FLASH_IRQHandler
                0x08001df8                DMA2_Stream4_IRQHandler
                0x08001df8                BusFault_Handler
                0x08001df8                USART1_IRQHandler
                0x08001df8                OTG_FS_IRQHandler
                0x08001df8                SPI3_IRQHandler
                0x08001df8                DMA1_Stream4_IRQHandler
                0x08001df8                I2C1_ER_IRQHandler
                0x08001df8                DMA2_Stream6_IRQHandler
                0x08001df8                DMA1_Stream3_IRQHandler
 .text.memset   0x08001dfa       0x10 C:/ST/STM32CubeIDE_2.1.1/STM32CubeIDE/plugins/com.st.stm32cube.ide.mcu.externaltools.gnu-tools-for-stm32.14.3.rel1.win32_1.0.100.202602081740/tools/bin/../lib/gcc/arm-none-eabi/14.3.1/../../../../arm-none-eabi/lib/thumb/v7e-m+fp/hard\libc_nano.a(libc_a-memset.o)
                0x08001dfa                memset
 *fill*         0x08001e0a        0x2 
 .text.__libc_init_array
                0x08001e0c       0x48 C:/ST/STM32CubeIDE_2.1.1/STM32CubeIDE/plugins/com.st.stm32cube.ide.mcu.externaltools.gnu-tools-for-stm32.14.3.rel1.win32_1.0.100.202602081740/tools/bin/../lib/gcc/arm-none-eabi/14.3.1/../../../../arm-none-eabi/lib/thumb/v7e-m+fp/hard\libc_nano.a(libc_a-init.o)
                0x08001e0c                __libc_init_array
 *(.glue_7)
 .glue_7        0x08001e54        0x0 linker stubs
 *(.glue_7t)
 .glue_7t       0x08001e54        0x0 linker stubs
 *(.eh_frame)
 .eh_frame      0x08001e54        0x0 C:/ST/STM32CubeIDE_2.1.1/STM32CubeIDE/plugins/com.st.stm32cube.ide.mcu.externaltools.gnu-tools-for-stm32.14.3.rel1.win32_1.0.100.202602081740/tools/bin/../lib/gcc/arm-none-eabi/14.3.1/thumb/v7e-m+fp/hard/crtbegin.o
 *(.init)
 .init          0x08001e54        0x4 C:/ST/STM32CubeIDE_2.1.1/STM32CubeIDE/plugins/com.st.stm32cube.ide.mcu.externaltools.gnu-tools-for-stm32.14.3.rel1.win32_1.0.100.202602081740/tools/bin/../lib/gcc/arm-none-eabi/14.3.1/thumb/v7e-m+fp/hard/crti.o
                0x08001e54                _init
 .init          0x08001e58        0x8 C:/ST/STM32CubeIDE_2.1.1/STM32CubeIDE/plugins/com.st.stm32cube.ide.mcu.externaltools.gnu-tools-for-stm32.14.3.rel1.win32_1.0.100.202602081740/tools/bin/../lib/gcc/arm-none-eabi/14.3.1/thumb/v7e-m+fp/hard/crtn.o
 *(.fini)
 .fini          0x08001e60        0x4 C:/ST/STM32CubeIDE_2.1.1/STM32CubeIDE/plugins/com.st.stm32cube.ide.mcu.externaltools.gnu-tools-for-stm32.14.3.rel1.win32_1.0.100.202602081740/tools/bin/../lib/gcc/arm-none-eabi/14.3.1/thumb/v7e-m+fp/hard/crti.o
                0x08001e60                _fini
 .fini          0x08001e64        0x8 C:/ST/STM32CubeIDE_2.1.1/STM32CubeIDE/plugins/com.st.stm32cube.ide.mcu.externaltools.gnu-tools-for-stm32.14.3.rel1.win32_1.0.100.202602081740/tools/bin/../lib/gcc/arm-none-eabi/14.3.1/thumb/v7e-m+fp/hard/crtn.o
                0x08001e6c                        . = ALIGN (0x4)
                0x08001e6c                        _etext = .

.vfp11_veneer   0x08001e6c        0x0
 .vfp11_veneer  0x08001e6c        0x0 linker stubs

.v4_bx          0x08001e6c        0x0
 .v4_bx         0x08001e6c        0x0 linker stubs

.iplt           0x08001e6c        0x0
 .iplt          0x08001e6c        0x0 C:/ST/STM32CubeIDE_2.1.1/STM32CubeIDE/plugins/com.st.stm32cube.ide.mcu.externaltools.gnu-tools-for-stm32.14.3.rel1.win32_1.0.100.202602081740/tools/bin/../lib/gcc/arm-none-eabi/14.3.1/thumb/v7e-m+fp/hard/crtbegin.o

.rodata         0x08001e6c       0x2c
                0x08001e6c                        . = ALIGN (0x4)
 *(.rodata)
 .rodata        0x08001e6c       0x14 ./Src/main.o
 *(.rodata*)
 .rodata.AHBPrescTable
                0x08001e80       0x10 ./Src/system_stm32f4xx.o
                0x08001e80                AHBPrescTable
 .rodata.APBPrescTable
                0x08001e90        0x8 ./Src/system_stm32f4xx.o
                0x08001e90                APBPrescTable
                0x08001e98                        . = ALIGN (0x4)

.ARM.extab      0x08001e98        0x0
                0x08001e98                        . = ALIGN (0x4)
 *(.ARM.extab* .gnu.linkonce.armextab.*)
                0x08001e98                        . = ALIGN (0x4)

.ARM            0x08001e98        0x8
                0x08001e98                        . = ALIGN (0x4)
                0x08001e98                        __exidx_start = .
 *(.ARM.exidx*)
 .ARM.exidx     0x08001e98        0x8 C:/ST/STM32CubeIDE_2.1.1/STM32CubeIDE/plugins/com.st.stm32cube.ide.mcu.externaltools.gnu-tools-for-stm32.14.3.rel1.win32_1.0.100.202602081740/tools/bin/../lib/gcc/arm-none-eabi/14.3.1/../../../../arm-none-eabi/lib/thumb/v7e-m+fp/hard\libc_nano.a(libc_a-strlen.o)
 .ARM.exidx     0x08001ea0        0x0 C:/ST/STM32CubeIDE_2.1.1/STM32CubeIDE/plugins/com.st.stm32cube.ide.mcu.externaltools.gnu-tools-for-stm32.14.3.rel1.win32_1.0.100.202602081740/tools/bin/../lib/gcc/arm-none-eabi/14.3.1/thumb/v7e-m+fp/hard\libgcc.a(_udivmoddi4.o)
                                  0x8 (size before relaxing)
                0x08001ea0                        __exidx_end = .
                0x08001ea0                        . = ALIGN (0x4)

.preinit_array  0x08001ea0        0x0
                0x08001ea0                        . = ALIGN (0x4)
                0x08001ea0                        PROVIDE (__preinit_array_start = .)
 *(.preinit_array*)
                0x08001ea0                        PROVIDE (__preinit_array_end = .)
                0x08001ea0                        . = ALIGN (0x4)

.init_array     0x08001ea0        0x4
                0x08001ea0                        . = ALIGN (0x4)
                0x08001ea0                        PROVIDE (__init_array_start = .)
 *(SORT_BY_NAME(.init_array.*))
 *(.init_array*)
 .init_array    0x08001ea0        0x4 C:/ST/STM32CubeIDE_2.1.1/STM32CubeIDE/plugins/com.st.stm32cube.ide.mcu.externaltools.gnu-tools-for-stm32.14.3.rel1.win32_1.0.100.202602081740/tools/bin/../lib/gcc/arm-none-eabi/14.3.1/thumb/v7e-m+fp/hard/crtbegin.o
                0x08001ea4                        PROVIDE (__init_array_end = .)
                0x08001ea4                        . = ALIGN (0x4)

.fini_array     0x08001ea4        0x4
                0x08001ea4                        . = ALIGN (0x4)
                [!provide]                        PROVIDE (__fini_array_start = .)
 *(SORT_BY_NAME(.fini_array.*))
 *(.fini_array*)
 .fini_array    0x08001ea4        0x4 C:/ST/STM32CubeIDE_2.1.1/STM32CubeIDE/plugins/com.st.stm32cube.ide.mcu.externaltools.gnu-tools-for-stm32.14.3.rel1.win32_1.0.100.202602081740/tools/bin/../lib/gcc/arm-none-eabi/14.3.1/thumb/v7e-m+fp/hard/crtbegin.o
                [!provide]                        PROVIDE (__fini_array_end = .)
                0x08001ea8                        . = ALIGN (0x4)
                0x08001ea8                        _sidata = LOADADDR (.data)

.rel.dyn        0x08001ea8        0x0
 .rel.iplt      0x08001ea8        0x0 C:/ST/STM32CubeIDE_2.1.1/STM32CubeIDE/plugins/com.st.stm32cube.ide.mcu.externaltools.gnu-tools-for-stm32.14.3.rel1.win32_1.0.100.202602081740/tools/bin/../lib/gcc/arm-none-eabi/14.3.1/thumb/v7e-m+fp/hard/crtbegin.o

.data           0x20000000        0xc load address 0x08001ea8
                0x20000000                        . = ALIGN (0x4)
                0x20000000                        _sdata = .
 *(.data)
 *(.data*)
 .data.uwTickPrio
                0x20000000        0x4 ./Src/stm32f4xx_hal.o
                0x20000000                uwTickPrio
 .data.uwTickFreq
                0x20000004        0x1 ./Src/stm32f4xx_hal.o
                0x20000004                uwTickFreq
 *fill*         0x20000005        0x3 
 .data.SystemCoreClock
                0x20000008        0x4 ./Src/system_stm32f4xx.o
                0x20000008                SystemCoreClock
 *(.RamFunc)
 *(.RamFunc*)
                0x2000000c                        . = ALIGN (0x4)
                0x2000000c                        _edata = .

.igot.plt       0x2000000c        0x0 load address 0x08001eb4
 .igot.plt      0x2000000c        0x0 C:/ST/STM32CubeIDE_2.1.1/STM32CubeIDE/plugins/com.st.stm32cube.ide.mcu.externaltools.gnu-tools-for-stm32.14.3.rel1.win32_1.0.100.202602081740/tools/bin/../lib/gcc/arm-none-eabi/14.3.1/thumb/v7e-m+fp/hard/crtbegin.o
                0x2000000c                        . = ALIGN (0x4)

.bss            0x2000000c       0x68 load address 0x08001eb4
                0x2000000c                        _sbss = .
                0x2000000c                        __bss_start__ = _sbss
 *(.bss)
 .bss           0x2000000c       0x1c C:/ST/STM32CubeIDE_2.1.1/STM32CubeIDE/plugins/com.st.stm32cube.ide.mcu.externaltools.gnu-tools-for-stm32.14.3.rel1.win32_1.0.100.202602081740/tools/bin/../lib/gcc/arm-none-eabi/14.3.1/thumb/v7e-m+fp/hard/crtbegin.o
 *(.bss*)
 .bss.huart2    0x20000028       0x48 ./Src/main.o
                0x20000028                huart2
 .bss.uwTick    0x20000070        0x4 ./Src/stm32f4xx_hal.o
                0x20000070                uwTick
 *(COMMON)
                0x20000074                        . = ALIGN (0x4)
                0x20000074                        _ebss = .
                0x20000074                        __bss_end__ = _ebss

._user_heap_stack
                0x20000074      0x604 load address 0x08001eb4
                0x20000078                        . = ALIGN (0x8)
 *fill*         0x20000074        0x4 
                [!provide]                        PROVIDE (end = .)
                0x20000078                        PROVIDE (_end = .)
                0x20000278                        . = (. + _Min_Heap_Size)
 *fill*         0x20000078      0x200 
                0x20000678                        . = (. + _Min_Stack_Size)
 *fill*         0x20000278      0x400 
                0x20000678                        . = ALIGN (0x8)

/DISCARD/
 libc.a(*)
 libm.a(*)
 libgcc.a(*)

.ARM.attributes
                0x00000000       0x30
 *(.ARM.attributes)
 .ARM.attributes
                0x00000000       0x22 C:/ST/STM32CubeIDE_2.1.1/STM32CubeIDE/plugins/com.st.stm32cube.ide.mcu.externaltools.gnu-tools-for-stm32.14.3.rel1.win32_1.0.100.202602081740/tools/bin/../lib/gcc/arm-none-eabi/14.3.1/thumb/v7e-m+fp/hard/crti.o
 .ARM.attributes
                0x00000022       0x34 C:/ST/STM32CubeIDE_2.1.1/STM32CubeIDE/plugins/com.st.stm32cube.ide.mcu.externaltools.gnu-tools-for-stm32.14.3.rel1.win32_1.0.100.202602081740/tools/bin/../lib/gcc/arm-none-eabi/14.3.1/thumb/v7e-m+fp/hard/crtbegin.o
 .ARM.attributes
                0x00000056       0x34 ./Src/main.o
 .ARM.attributes
                0x0000008a       0x34 ./Src/stm32f4xx_hal.o
 .ARM.attributes
                0x000000be       0x34 ./Src/stm32f4xx_hal_cortex.o
 .ARM.attributes
                0x000000f2       0x34 ./Src/stm32f4xx_hal_gpio.o
 .ARM.attributes
                0x00000126       0x34 ./Src/stm32f4xx_hal_rcc.o
 .ARM.attributes
                0x0000015a       0x34 ./Src/stm32f4xx_hal_uart.o
 .ARM.attributes
                0x0000018e       0x34 ./Src/system_stm32f4xx.o
 .ARM.attributes
                0x000001c2       0x21 ./Startup/startup_stm32f411retx.o
 .ARM.attributes
                0x000001e3       0x34 C:/ST/STM32CubeIDE_2.1.1/STM32CubeIDE/plugins/com.st.stm32cube.ide.mcu.externaltools.gnu-tools-for-stm32.14.3.rel1.win32_1.0.100.202602081740/tools/bin/../lib/gcc/arm-none-eabi/14.3.1/../../../../arm-none-eabi/lib/thumb/v7e-m+fp/hard\libc_nano.a(libc_a-memset.o)
 .ARM.attributes
                0x00000217       0x34 C:/ST/STM32CubeIDE_2.1.1/STM32CubeIDE/plugins/com.st.stm32cube.ide.mcu.externaltools.gnu-tools-for-stm32.14.3.rel1.win32_1.0.100.202602081740/tools/bin/../lib/gcc/arm-none-eabi/14.3.1/../../../../arm-none-eabi/lib/thumb/v7e-m+fp/hard\libc_nano.a(libc_a-init.o)
 .ARM.attributes
                0x0000024b       0x17 C:/ST/STM32CubeIDE_2.1.1/STM32CubeIDE/plugins/com.st.stm32cube.ide.mcu.externaltools.gnu-tools-for-stm32.14.3.rel1.win32_1.0.100.202602081740/tools/bin/../lib/gcc/arm-none-eabi/14.3.1/../../../../arm-none-eabi/lib/thumb/v7e-m+fp/hard\libc_nano.a(libc_a-strlen.o)
 .ARM.attributes
                0x00000262       0x22 C:/ST/STM32CubeIDE_2.1.1/STM32CubeIDE/plugins/com.st.stm32cube.ide.mcu.externaltools.gnu-tools-for-stm32.14.3.rel1.win32_1.0.100.202602081740/tools/bin/../lib/gcc/arm-none-eabi/14.3.1/thumb/v7e-m+fp/hard\libgcc.a(_aeabi_uldivmod.o)
 .ARM.attributes
                0x00000284       0x34 C:/ST/STM32CubeIDE_2.1.1/STM32CubeIDE/plugins/com.st.stm32cube.ide.mcu.externaltools.gnu-tools-for-stm32.14.3.rel1.win32_1.0.100.202602081740/tools/bin/../lib/gcc/arm-none-eabi/14.3.1/thumb/v7e-m+fp/hard\libgcc.a(_udivmoddi4.o)
 .ARM.attributes
                0x000002b8       0x22 C:/ST/STM32CubeIDE_2.1.1/STM32CubeIDE/plugins/com.st.stm32cube.ide.mcu.externaltools.gnu-tools-for-stm32.14.3.rel1.win32_1.0.100.202602081740/tools/bin/../lib/gcc/arm-none-eabi/14.3.1/thumb/v7e-m+fp/hard\libgcc.a(_dvmd_tls.o)
 .ARM.attributes
                0x000002da       0x22 C:/ST/STM32CubeIDE_2.1.1/STM32CubeIDE/plugins/com.st.stm32cube.ide.mcu.externaltools.gnu-tools-for-stm32.14.3.rel1.win32_1.0.100.202602081740/tools/bin/../lib/gcc/arm-none-eabi/14.3.1/thumb/v7e-m+fp/hard/crtn.o
OUTPUT(RTOS_PID_MOTOR.elf elf32-littlearm)
LOAD linker stubs
LOAD C:/ST/STM32CubeIDE_2.1.1/STM32CubeIDE/plugins/com.st.stm32cube.ide.mcu.externaltools.gnu-tools-for-stm32.14.3.rel1.win32_1.0.100.202602081740/tools/bin/../lib/gcc/arm-none-eabi/14.3.1/../../../../arm-none-eabi/lib/thumb/v7e-m+fp/hard\libc.a
LOAD C:/ST/STM32CubeIDE_2.1.1/STM32CubeIDE/plugins/com.st.stm32cube.ide.mcu.externaltools.gnu-tools-for-stm32.14.3.rel1.win32_1.0.100.202602081740/tools/bin/../lib/gcc/arm-none-eabi/14.3.1/../../../../arm-none-eabi/lib/thumb/v7e-m+fp/hard\libm.a
LOAD C:/ST/STM32CubeIDE_2.1.1/STM32CubeIDE/plugins/com.st.stm32cube.ide.mcu.externaltools.gnu-tools-for-stm32.14.3.rel1.win32_1.0.100.202602081740/tools/bin/../lib/gcc/arm-none-eabi/14.3.1/thumb/v7e-m+fp/hard\libgcc.a

.debug_info     0x00000000     0x6587
 .debug_info    0x00000000      0xb54 ./Src/main.o
 .debug_info    0x00000b54      0x8c4 ./Src/stm32f4xx_hal.o
 .debug_info    0x00001418      0xcc7 ./Src/stm32f4xx_hal_cortex.o
 .debug_info    0x000020df      0x6f9 ./Src/stm32f4xx_hal_gpio.o
 .debug_info    0x000027d8      0x8f2 ./Src/stm32f4xx_hal_rcc.o
 .debug_info    0x000030ca     0x2f56 ./Src/stm32f4xx_hal_uart.o
 .debug_info    0x00006020      0x537 ./Src/system_stm32f4xx.o
 .debug_info    0x00006557       0x30 ./Startup/startup_stm32f411retx.o

.debug_abbrev   0x00000000     0x1080
 .debug_abbrev  0x00000000      0x22c ./Src/main.o
 .debug_abbrev  0x0000022c      0x24b ./Src/stm32f4xx_hal.o
 .debug_abbrev  0x00000477      0x328 ./Src/stm32f4xx_hal_cortex.o
 .debug_abbrev  0x0000079f      0x1d3 ./Src/stm32f4xx_hal_gpio.o
 .debug_abbrev  0x00000972      0x2b5 ./Src/stm32f4xx_hal_rcc.o
 .debug_abbrev  0x00000c27      0x31b ./Src/stm32f4xx_hal_uart.o
 .debug_abbrev  0x00000f42      0x11a ./Src/system_stm32f4xx.o
 .debug_abbrev  0x0000105c       0x24 ./Startup/startup_stm32f411retx.o

.debug_aranges  0x00000000      0x588
 .debug_aranges
                0x00000000       0x40 ./Src/main.o
 .debug_aranges
                0x00000040       0xf0 ./Src/stm32f4xx_hal.o
 .debug_aranges
                0x00000130      0x120 ./Src/stm32f4xx_hal_cortex.o
 .debug_aranges
                0x00000250       0x58 ./Src/stm32f4xx_hal_gpio.o
 .debug_aranges
                0x000002a8       0x88 ./Src/stm32f4xx_hal_rcc.o
 .debug_aranges
                0x00000330      0x208 ./Src/stm32f4xx_hal_uart.o
 .debug_aranges
                0x00000538       0x28 ./Src/system_stm32f4xx.o
 .debug_aranges
                0x00000560       0x28 ./Startup/startup_stm32f411retx.o

.debug_rnglists
                0x00000000      0x442
 .debug_rnglists
                0x00000000       0x2b ./Src/main.o
 .debug_rnglists
                0x0000002b       0xaf ./Src/stm32f4xx_hal.o
 .debug_rnglists
                0x000000da       0xd4 ./Src/stm32f4xx_hal_cortex.o
 .debug_rnglists
                0x000001ae       0x3f ./Src/stm32f4xx_hal_gpio.o
 .debug_rnglists
                0x000001ed       0x66 ./Src/stm32f4xx_hal_rcc.o
 .debug_rnglists
                0x00000253      0x1bc ./Src/stm32f4xx_hal_uart.o
 .debug_rnglists
                0x0000040f       0x1a ./Src/system_stm32f4xx.o
 .debug_rnglists
                0x00000429       0x19 ./Startup/startup_stm32f411retx.o

.debug_macro    0x00000000    0x19d18
 .debug_macro   0x00000000      0x4a8 ./Src/main.o
 .debug_macro   0x000004a8      0xae4 ./Src/main.o
 .debug_macro   0x00000f8c      0x3b5 ./Src/main.o
 .debug_macro   0x00001341       0x28 ./Src/main.o
 .debug_macro   0x00001369       0x28 ./Src/main.o
 .debug_macro   0x00001391       0x22 ./Src/main.o
 .debug_macro   0x000013b3       0x8e ./Src/main.o
 .debug_macro   0x00001441       0x51 ./Src/main.o
 .debug_macro   0x00001492      0x103 ./Src/main.o
 .debug_macro   0x00001595       0x6a ./Src/main.o
 .debug_macro   0x000015ff      0x1df ./Src/main.o
 .debug_macro   0x000017de       0x1c ./Src/main.o
 .debug_macro   0x000017fa       0x22 ./Src/main.o
 .debug_macro   0x0000181c       0xfb ./Src/main.o
 .debug_macro   0x00001917     0x1011 ./Src/main.o
 .debug_macro   0x00002928      0x11f ./Src/main.o
 .debug_macro   0x00002a47     0xb953 ./Src/main.o
 .debug_macro   0x0000e39a       0x6d ./Src/main.o
 .debug_macro   0x0000e407     0x368c ./Src/main.o
 .debug_macro   0x00011a93      0x190 ./Src/main.o
 .debug_macro   0x00011c23       0x5c ./Src/main.o
 .debug_macro   0x00011c7f      0x45c ./Src/main.o
 .debug_macro   0x000120db      0x9e9 ./Src/main.o
 .debug_macro   0x00012ac4      0x115 ./Src/main.o
 .debug_macro   0x00012bd9      0x11b ./Src/main.o
 .debug_macro   0x00012cf4       0xa5 ./Src/main.o
 .debug_macro   0x00012d99      0x15f ./Src/main.o
 .debug_macro   0x00012ef8      0x287 ./Src/main.o
 .debug_macro   0x0001317f       0x5f ./Src/main.o
 .debug_macro   0x000131de      0x236 ./Src/main.o
 .debug_macro   0x00013414      0x9e1 ./Src/main.o
 .debug_macro   0x00013df5      0x38b ./Src/main.o
 .debug_macro   0x00014180      0x17d ./Src/main.o
 .debug_macro   0x000142fd       0xf9 ./Src/main.o
 .debug_macro   0x000143f6       0x22 ./Src/main.o
 .debug_macro   0x00014418      0x132 ./Src/main.o
 .debug_macro   0x0001454a      0x264 ./Src/main.o
 .debug_macro   0x000147ae       0x2e ./Src/main.o
 .debug_macro   0x000147dc      0x1b5 ./Src/main.o
 .debug_macro   0x00014991       0x22 ./Src/main.o
 .debug_macro   0x000149b3       0xd6 ./Src/main.o
 .debug_macro   0x00014a89      0x279 ./Src/main.o
 .debug_macro   0x00014d02      0x1a7 ./Src/main.o
 .debug_macro   0x00014ea9       0x46 ./Src/main.o
 .debug_macro   0x00014eef       0x4a ./Src/main.o
 .debug_macro   0x00014f39       0x78 ./Src/main.o
 .debug_macro   0x00014fb1      0x127 ./Src/main.o
 .debug_macro   0x000150d8       0x85 ./Src/main.o
 .debug_macro   0x0001515d       0x89 ./Src/main.o
 .debug_macro   0x000151e6      0x305 ./Src/main.o
 .debug_macro   0x000154eb      0x429 ./Src/main.o
 .debug_macro   0x00015914       0xeb ./Src/main.o
 .debug_macro   0x000159ff      0x868 ./Src/main.o
 .debug_macro   0x00016267      0x1d5 ./Src/main.o
 .debug_macro   0x0001643c      0x225 ./Src/main.o
 .debug_macro   0x00016661      0x8ed ./Src/main.o
 .debug_macro   0x00016f4e       0x47 ./Src/main.o
 .debug_macro   0x00016f95      0x2aa ./Src/main.o
 .debug_macro   0x0001723f      0x217 ./Src/main.o
 .debug_macro   0x00017456      0x1b5 ./Src/main.o
 .debug_macro   0x0001760b      0x2db ./Src/main.o
 .debug_macro   0x000178e6       0x8d ./Src/main.o
 .debug_macro   0x00017973      0x293 ./Src/main.o
 .debug_macro   0x00017c06       0xba ./Src/main.o
 .debug_macro   0x00017cc0       0x9e ./Src/main.o
 .debug_macro   0x00017d5e      0x1f7 ./Src/main.o
 .debug_macro   0x00017f55      0x126 ./Src/main.o
 .debug_macro   0x0001807b       0x61 ./Src/main.o
 .debug_macro   0x000180dc       0x2a ./Src/main.o
 .debug_macro   0x00018106       0x43 ./Src/main.o
 .debug_macro   0x00018149       0x34 ./Src/main.o
 .debug_macro   0x0001817d      0x364 ./Src/main.o
 .debug_macro   0x000184e1       0x16 ./Src/main.o
 .debug_macro   0x000184f7       0x4a ./Src/main.o
 .debug_macro   0x00018541       0x34 ./Src/main.o
 .debug_macro   0x00018575       0x10 ./Src/main.o
 .debug_macro   0x00018585       0x58 ./Src/main.o
 .debug_macro   0x000185dd       0x8e ./Src/main.o
 .debug_macro   0x0001866b       0x1c ./Src/main.o
 .debug_macro   0x00018687      0x17e ./Src/main.o
 .debug_macro   0x00018805       0x10 ./Src/main.o
 .debug_macro   0x00018815       0x3c ./Src/main.o
 .debug_macro   0x00018851       0x20 ./Src/main.o
 .debug_macro   0x00018871      0x43a ./Src/stm32f4xx_hal.o
 .debug_macro   0x00018cab      0x3da ./Src/stm32f4xx_hal_cortex.o
 .debug_macro   0x00019085      0x3e0 ./Src/stm32f4xx_hal_gpio.o
 .debug_macro   0x00019465      0x3fe ./Src/stm32f4xx_hal_rcc.o
 .debug_macro   0x00019863      0x3db ./Src/stm32f4xx_hal_uart.o
 .debug_macro   0x00019c3e       0xda ./Src/system_stm32f4xx.o

.debug_line     0x00000000     0x8843
 .debug_line    0x00000000      0xf05 ./Src/main.o
 .debug_line    0x00000f05      0xffa ./Src/stm32f4xx_hal.o
 .debug_line    0x00001eff     0x129d ./Src/stm32f4xx_hal_cortex.o
 .debug_line    0x0000319c     0x1110 ./Src/stm32f4xx_hal_gpio.o
 .debug_line    0x000042ac     0x13ec ./Src/stm32f4xx_hal_rcc.o
 .debug_line    0x00005698     0x2b06 ./Src/stm32f4xx_hal_uart.o
 .debug_line    0x0000819e      0x62a ./Src/system_stm32f4xx.o
 .debug_line    0x000087c8       0x7b ./Startup/startup_stm32f411retx.o

.debug_str      0x00000000    0xaf1ee
 .debug_str     0x00000000    0xaf1ee ./Src/main.o
                              0xadcd7 (size before relaxing)
 .debug_str     0x000af1ee    0xaaf53 ./Src/stm32f4xx_hal.o
 .debug_str     0x000af1ee    0xaac8b ./Src/stm32f4xx_hal_cortex.o
 .debug_str     0x000af1ee    0xaa6a2 ./Src/stm32f4xx_hal_gpio.o
 .debug_str     0x000af1ee    0xaa95b ./Src/stm32f4xx_hal_rcc.o
 .debug_str     0x000af1ee    0xaaf2a ./Src/stm32f4xx_hal_uart.o
 .debug_str     0x000af1ee    0x50018 ./Src/system_stm32f4xx.o
 .debug_str     0x000af1ee       0xad ./Startup/startup_stm32f411retx.o

.comment        0x00000000       0x43
 .comment       0x00000000       0x43 ./Src/main.o
                                 0x44 (size before relaxing)
 .comment       0x00000043       0x44 ./Src/stm32f4xx_hal.o
 .comment       0x00000043       0x44 ./Src/stm32f4xx_hal_cortex.o
 .comment       0x00000043       0x44 ./Src/stm32f4xx_hal_gpio.o
 .comment       0x00000043       0x44 ./Src/stm32f4xx_hal_rcc.o
 .comment       0x00000043       0x44 ./Src/stm32f4xx_hal_uart.o
 .comment       0x00000043       0x44 ./Src/system_stm32f4xx.o

.debug_frame    0x00000000     0x1558
 .debug_frame   0x00000000       0xbc ./Src/main.o
 .debug_frame   0x000000bc      0x31c ./Src/stm32f4xx_hal.o
 .debug_frame   0x000003d8      0x470 ./Src/stm32f4xx_hal_cortex.o
 .debug_frame   0x00000848      0x130 ./Src/stm32f4xx_hal_gpio.o
 .debug_frame   0x00000978      0x1d8 ./Src/stm32f4xx_hal_rcc.o
 .debug_frame   0x00000b50      0x8ec ./Src/stm32f4xx_hal_uart.o
 .debug_frame   0x0000143c       0x50 ./Src/system_stm32f4xx.o
 .debug_frame   0x0000148c       0x20 C:/ST/STM32CubeIDE_2.1.1/STM32CubeIDE/plugins/com.st.stm32cube.ide.mcu.externaltools.gnu-tools-for-stm32.14.3.rel1.win32_1.0.100.202602081740/tools/bin/../lib/gcc/arm-none-eabi/14.3.1/../../../../arm-none-eabi/lib/thumb/v7e-m+fp/hard\libc_nano.a(libc_a-memset.o)
 .debug_frame   0x000014ac       0x2c C:/ST/STM32CubeIDE_2.1.1/STM32CubeIDE/plugins/com.st.stm32cube.ide.mcu.externaltools.gnu-tools-for-stm32.14.3.rel1.win32_1.0.100.202602081740/tools/bin/../lib/gcc/arm-none-eabi/14.3.1/../../../../arm-none-eabi/lib/thumb/v7e-m+fp/hard\libc_nano.a(libc_a-init.o)
 .debug_frame   0x000014d8       0x20 C:/ST/STM32CubeIDE_2.1.1/STM32CubeIDE/plugins/com.st.stm32cube.ide.mcu.externaltools.gnu-tools-for-stm32.14.3.rel1.win32_1.0.100.202602081740/tools/bin/../lib/gcc/arm-none-eabi/14.3.1/../../../../arm-none-eabi/lib/thumb/v7e-m+fp/hard\libc_nano.a(libc_a-strlen.o)
 .debug_frame   0x000014f8       0x2c C:/ST/STM32CubeIDE_2.1.1/STM32CubeIDE/plugins/com.st.stm32cube.ide.mcu.externaltools.gnu-tools-for-stm32.14.3.rel1.win32_1.0.100.202602081740/tools/bin/../lib/gcc/arm-none-eabi/14.3.1/thumb/v7e-m+fp/hard\libgcc.a(_aeabi_uldivmod.o)
 .debug_frame   0x00001524       0x34 C:/ST/STM32CubeIDE_2.1.1/STM32CubeIDE/plugins/com.st.stm32cube.ide.mcu.externaltools.gnu-tools-for-stm32.14.3.rel1.win32_1.0.100.202602081740/tools/bin/../lib/gcc/arm-none-eabi/14.3.1/thumb/v7e-m+fp/hard\libgcc.a(_udivmoddi4.o)

.debug_line_str
                0x00000000       0x91
 .debug_line_str
                0x00000000       0x91 ./Startup/startup_stm32f411retx.o
