Archive member included to satisfy reference by file (symbol)

C:/ST/STM32CubeIDE_2.1.1/STM32CubeIDE/plugins/com.st.stm32cube.ide.mcu.externaltools.gnu-tools-for-stm32.14.3.rel1.win32_1.0.100.202602081740/tools/bin/../lib/gcc/arm-none-eabi/14.3.1/../../../../arm-none-eabi/lib/thumb/v7e-m+fp/hard\libc_nano.a(libc_a-exit.o)
                              C:/ST/STM32CubeIDE_2.1.1/STM32CubeIDE/plugins/com.st.stm32cube.ide.mcu.externaltools.gnu-tools-for-stm32.14.3.rel1.win32_1.0.100.202602081740/tools/bin/../lib/gcc/arm-none-eabi/14.3.1/../../../../arm-none-eabi/lib/thumb/v7e-m+fp/hard/crt0.o (exit)
C:/ST/STM32CubeIDE_2.1.1/STM32CubeIDE/plugins/com.st.stm32cube.ide.mcu.externaltools.gnu-tools-for-stm32.14.3.rel1.win32_1.0.100.202602081740/tools/bin/../lib/gcc/arm-none-eabi/14.3.1/../../../../arm-none-eabi/lib/thumb/v7e-m+fp/hard\libc_nano.a(libc_a-ctype_.o)
                              ./Src/main.o (_ctype_)
C:/ST/STM32CubeIDE_2.1.1/STM32CubeIDE/plugins/com.st.stm32cube.ide.mcu.externaltools.gnu-tools-for-stm32.14.3.rel1.win32_1.0.100.202602081740/tools/bin/../lib/gcc/arm-none-eabi/14.3.1/../../../../arm-none-eabi/lib/thumb/v7e-m+fp/hard\libc_nano.a(libc_a-findfp.o)
                              C:/ST/STM32CubeIDE_2.1.1/STM32CubeIDE/plugins/com.st.stm32cube.ide.mcu.externaltools.gnu-tools-for-stm32.14.3.rel1.win32_1.0.100.202602081740/tools/bin/../lib/gcc/arm-none-eabi/14.3.1/../../../../arm-none-eabi/lib/thumb/v7e-m+fp/hard\libc_nano.a(libc_a-exit.o) (__stdio_exit_handler)
C:/ST/STM32CubeIDE_2.1.1/STM32CubeIDE/plugins/com.st.stm32cube.ide.mcu.externaltools.gnu-tools-for-stm32.14.3.rel1.win32_1.0.100.202602081740/tools/bin/../lib/gcc/arm-none-eabi/14.3.1/../../../../arm-none-eabi/lib/thumb/v7e-m+fp/hard\libc_nano.a(libc_a-fwalk.o)
                              C:/ST/STM32CubeIDE_2.1.1/STM32CubeIDE/plugins/com.st.stm32cube.ide.mcu.externaltools.gnu-tools-for-stm32.14.3.rel1.win32_1.0.100.202602081740/tools/bin/../lib/gcc/arm-none-eabi/14.3.1/../../../../arm-none-eabi/lib/thumb/v7e-m+fp/hard\libc_nano.a(libc_a-findfp.o) (_fwalk_sglue)
C:/ST/STM32CubeIDE_2.1.1/STM32CubeIDE/plugins/com.st.stm32cube.ide.mcu.externaltools.gnu-tools-for-stm32.14.3.rel1.win32_1.0.100.202602081740/tools/bin/../lib/gcc/arm-none-eabi/14.3.1/../../../../arm-none-eabi/lib/thumb/v7e-m+fp/hard\libc_nano.a(libc_a-sprintf.o)
                              ./Src/main.o (sprintf)
C:/ST/STM32CubeIDE_2.1.1/STM32CubeIDE/plugins/com.st.stm32cube.ide.mcu.externaltools.gnu-tools-for-stm32.14.3.rel1.win32_1.0.100.202602081740/tools/bin/../lib/gcc/arm-none-eabi/14.3.1/../../../../arm-none-eabi/lib/thumb/v7e-m+fp/hard\libc_nano.a(libc_a-sscanf.o)
                              ./Src/main.o (sscanf)
C:/ST/STM32CubeIDE_2.1.1/STM32CubeIDE/plugins/com.st.stm32cube.ide.mcu.externaltools.gnu-tools-for-stm32.14.3.rel1.win32_1.0.100.202602081740/tools/bin/../lib/gcc/arm-none-eabi/14.3.1/../../../../arm-none-eabi/lib/thumb/v7e-m+fp/hard\libc_nano.a(libc_a-stdio.o)
                              C:/ST/STM32CubeIDE_2.1.1/STM32CubeIDE/plugins/com.st.stm32cube.ide.mcu.externaltools.gnu-tools-for-stm32.14.3.rel1.win32_1.0.100.202602081740/tools/bin/../lib/gcc/arm-none-eabi/14.3.1/../../../../arm-none-eabi/lib/thumb/v7e-m+fp/hard\libc_nano.a(libc_a-findfp.o) (__sread)
C:/ST/STM32CubeIDE_2.1.1/STM32CubeIDE/plugins/com.st.stm32cube.ide.mcu.externaltools.gnu-tools-for-stm32.14.3.rel1.win32_1.0.100.202602081740/tools/bin/../lib/gcc/arm-none-eabi/14.3.1/../../../../arm-none-eabi/lib/thumb/v7e-m+fp/hard\libc_nano.a(libc_a-memset.o)
                              C:/ST/STM32CubeIDE_2.1.1/STM32CubeIDE/plugins/com.st.stm32cube.ide.mcu.externaltools.gnu-tools-for-stm32.14.3.rel1.win32_1.0.100.202602081740/tools/bin/../lib/gcc/arm-none-eabi/14.3.1/../../../../arm-none-eabi/lib/thumb/v7e-m+fp/hard/crt0.o (memset)
C:/ST/STM32CubeIDE_2.1.1/STM32CubeIDE/plugins/com.st.stm32cube.ide.mcu.externaltools.gnu-tools-for-stm32.14.3.rel1.win32_1.0.100.202602081740/tools/bin/../lib/gcc/arm-none-eabi/14.3.1/../../../../arm-none-eabi/lib/thumb/v7e-m+fp/hard\libc_nano.a(libc_a-closer.o)
                              C:/ST/STM32CubeIDE_2.1.1/STM32CubeIDE/plugins/com.st.stm32cube.ide.mcu.externaltools.gnu-tools-for-stm32.14.3.rel1.win32_1.0.100.202602081740/tools/bin/../lib/gcc/arm-none-eabi/14.3.1/../../../../arm-none-eabi/lib/thumb/v7e-m+fp/hard\libc_nano.a(libc_a-stdio.o) (_close_r)
C:/ST/STM32CubeIDE_2.1.1/STM32CubeIDE/plugins/com.st.stm32cube.ide.mcu.externaltools.gnu-tools-for-stm32.14.3.rel1.win32_1.0.100.202602081740/tools/bin/../lib/gcc/arm-none-eabi/14.3.1/../../../../arm-none-eabi/lib/thumb/v7e-m+fp/hard\libc_nano.a(libc_a-reent.o)
                              C:/ST/STM32CubeIDE_2.1.1/STM32CubeIDE/plugins/com.st.stm32cube.ide.mcu.externaltools.gnu-tools-for-stm32.14.3.rel1.win32_1.0.100.202602081740/tools/bin/../lib/gcc/arm-none-eabi/14.3.1/../../../../arm-none-eabi/lib/thumb/v7e-m+fp/hard\libc_nano.a(libc_a-closer.o) (errno)
[...]
Memory Configuration

Name             Origin             Length             Attributes
RAM              0x20000000         0x00020000         xrw
FLASH            0x08000000         0x00080000         xr
*default*        0x00000000         0xffffffff

Linker script and memory map

LOAD C:/ST/STM32CubeIDE_2.1.1/STM32CubeIDE/plugins/com.st.stm32cube.ide.mcu.externaltools.gnu-tools-for-stm32.14.3.rel1.win32_1.0.100.202602081740/tools/bin/../lib/gcc/arm-none-eabi/14.3.1/thumb/v7e-m+fp/hard/crti.o
LOAD C:/ST/STM32CubeIDE_2.1.1/STM32CubeIDE/plugins/com.st.stm32cube.ide.mcu.externaltools.gnu-tools-for-stm32.14.3.rel1.win32_1.0.100.202602081740/tools/bin/../lib/gcc/arm-none-eabi/14.3.1/thumb/v7e-m+fp/hard/crtbegin.o
LOAD C:/ST/STM32CubeIDE_2.1.1/STM32CubeIDE/plugins/com.st.stm32cube.ide.mcu.externaltools.gnu-tools-for-stm32.14.3.rel1.win32_1.0.100.202602081740/tools/bin/../lib/gcc/arm-none-eabi/14.3.1/../../../../arm-none-eabi/lib/thumb/v7e-m+fp/hard/crt0.o
LOAD ./Src/FreeRTOS/list.o
LOAD ./Src/FreeRTOS/queue.o
LOAD ./Src/FreeRTOS/tasks.o
LOAD ./Src/FreeRTOS/timers.o
LOAD ./Src/FreeRTOS/portable/GCC/ARM_CM4F/port.o
LOAD ./Src/FreeRTOS/portable/MemMang/heap_4.o
LOAD ./Src/main.o
LOAD ./Src/stm32f4xx_hal.o
LOAD ./Src/stm32f4xx_hal_cortex.o
LOAD ./Src/stm32f4xx_hal_dma.o
LOAD ./Src/stm32f4xx_hal_gpio.o
LOAD ./Src/stm32f4xx_hal_pwr.o
LOAD ./Src/stm32f4xx_hal_pwr_ex.o
LOAD ./Src/stm32f4xx_hal_rcc.o
LOAD ./Src/stm32f4xx_hal_rcc_ex.o
LOAD ./Src/stm32f4xx_hal_tim.o
LOAD ./Src/stm32f4xx_hal_tim_ex.o
LOAD ./Src/stm32f4xx_hal_uart.o
LOAD ./Src/syscalls.o
LOAD ./Src/sysmem.o
LOAD ./Src/system_stm32f4xx.o
LOAD ./Startup/startup_stm32f411retx.o
START GROUP
LOAD C:/ST/STM32CubeIDE_2.1.1/STM32CubeIDE/plugins/com.st.stm32cube.ide.mcu.externaltools.gnu-tools-for-stm32.14.3.rel1.win32_1.0.100.202602081740/tools/bin/../lib/gcc/arm-none-eabi/14.3.1/../../../../arm-none-eabi/lib/thumb/v7e-m+fp/hard\libc_nano.a
LOAD C:/ST/STM32CubeIDE_2.1.1/STM32CubeIDE/plugins/com.st.stm32cube.ide.mcu.externaltools.gnu-tools-for-stm32.14.3.rel1.win32_1.0.100.202602081740/tools/bin/../lib/gcc/arm-none-eabi/14.3.1/../../../../arm-none-eabi/lib/thumb/v7e-m+fp/hard\libm.a
END GROUP
START GROUP
LOAD C:/ST/STM32CubeIDE_2.1.1/STM32CubeIDE/plugins/com.st.stm32cube.ide.mcu.externaltools.gnu-tools-for-stm32.14.3.rel1.win32_1.0.100.202602081740/tools/bin/../lib/gcc/arm-none-eabi/14.3.1/thumb/v7e-m+fp/hard\libgcc.a
LOAD C:/ST/STM32CubeIDE_2.1.1/STM32CubeIDE/plugins/com.st.stm32cube.ide.mcu.externaltools.gnu-tools-for-stm32.14.3.rel1.win32_1.0.100.202602081740/tools/bin/../lib/gcc/arm-none-eabi/14.3.1/../../../../arm-none-eabi/lib/thumb/v7e-m+fp/hard\libc_nano.a
END GROUP
START GROUP
LOAD C:/ST/STM32CubeIDE_2.1.1/STM32CubeIDE/plugins/com.st.stm32cube.ide.mcu.externaltools.gnu-tools-for-stm32.14.3.rel1.win32_1.0.100.202602081740/tools/bin/../lib/gcc/arm-none-eabi/14.3.1/thumb/v7e-m+fp/hard\libgcc.a
LOAD C:/ST/STM32CubeIDE_2.1.1/STM32CubeIDE/plugins/com.st.stm32cube.ide.mcu.externaltools.gnu-tools-for-stm32.14.3.rel1.win32_1.0.100.202602081740/tools/bin/../lib/gcc/arm-none-eabi/14.3.1/../../../../arm-none-eabi/lib/thumb/v7e-m+fp/hard\libc_nano.a
LOAD C:/ST/STM32CubeIDE_2.1.1/STM32CubeIDE/plugins/com.st.stm32cube.ide.mcu.externaltools.gnu-tools-for-stm32.14.3.rel1.win32_1.0.100.202602081740/tools/bin/../lib/gcc/arm-none-eabi/14.3.1/../../../../arm-none-eabi/lib/thumb/v7e-m+fp/hard\libnosys.a
END GROUP
START GROUP
LOAD C:/ST/STM32CubeIDE_2.1.1/STM32CubeIDE/plugins/com.st.stm32cube.ide.mcu.externaltools.gnu-tools-for-stm32.14.3.rel1.win32_1.0.100.202602081740/tools/bin/../lib/gcc/arm-none-eabi/14.3.1/thumb/v7e-m+fp/hard\libgcc.a
LOAD C:/ST/STM32CubeIDE_2.1.1/STM32CubeIDE/plugins/com.st.stm32cube.ide.mcu.externaltools.gnu-tools-for-stm32.14.3.rel1.win32_1.0.100.202602081740/tools/bin/../lib/gcc/arm-none-eabi/14.3.1/../../../../arm-none-eabi/lib/thumb/v7e-m+fp/hard\libc_nano.a
LOAD C:/ST/STM32CubeIDE_2.1.1/STM32CubeIDE/plugins/com.st.stm32cube.ide.mcu.externaltools.gnu-tools-for-stm32.14.3.rel1.win32_1.0.100.202602081740/tools/bin/../lib/gcc/arm-none-eabi/14.3.1/../../../../arm-none-eabi/lib/thumb/v7e-m+fp/hard\libnosys.a
END GROUP
LOAD C:/ST/STM32CubeIDE_2.1.1/STM32CubeIDE/plugins/com.st.stm32cube.ide.mcu.externaltools.gnu-tools-for-stm32.14.3.rel1.win32_1.0.100.202602081740/tools/bin/../lib/gcc/arm-none-eabi/14.3.1/thumb/v7e-m+fp/hard/crtend.o
LOAD C:/ST/STM32CubeIDE_2.1.1/STM32CubeIDE/plugins/com.st.stm32cube.ide.mcu.externaltools.gnu-tools-for-stm32.14.3.rel1.win32_1.0.100.202602081740/tools/bin/../lib/gcc/arm-none-eabi/14.3.1/thumb/v7e-m+fp/hard/crtn.o
                0x20020000                        _estack = (ORIGIN (RAM) + LENGTH (RAM))
                0x00000200                        _Min_Heap_Size = 0x200
                0x00000400                        _Min_Stack_Size = 0x400

.isr_vector     0x08000000      0x198
                0x08000000                        . = ALIGN (0x4)
 *(.isr_vector)
 .isr_vector    0x08000000      0x198 ./Startup/startup_stm32f411retx.o
                0x08000000                g_pfnVectors
                0x08000198                        . = ALIGN (0x4)

.text           0x080001a0     0x6564
                0x080001a0                        . = ALIGN (0x4)
 *(.text)
 .text          0x080001a0       0x40 C:/ST/STM32CubeIDE_2.1.1/STM32CubeIDE/plugins/com.st.stm32cube.ide.mcu.externaltools.gnu-tools-for-stm32.14.3.rel1.win32_1.0.100.202602081740/tools/bin/../lib/gcc/arm-none-eabi/14.3.1/thumb/v7e-m+fp/hard/crtbegin.o
 .text          0x080001e0       0x10 C:/ST/STM32CubeIDE_2.1.1/STM32CubeIDE/plugins/com.st.stm32cube.ide.mcu.externaltools.gnu-tools-for-stm32.14.3.rel1.win32_1.0.100.202602081740/tools/bin/../lib/gcc/arm-none-eabi/14.3.1/../../../../arm-none-eabi/lib/thumb/v7e-m+fp/hard\libc_nano.a(libc_a-strlen.o)
                0x080001e0                strlen
 .text          0x080001f0       0xa0 C:/ST/STM32CubeIDE_2.1.1/STM32CubeIDE/plugins/com.st.stm32cube.ide.mcu.externaltools.gnu-tools-for-stm32.14.3.rel1.win32_1.0.100.202602081740/tools/bin/../lib/gcc/arm-none-eabi/14.3.1/../../../../arm-none-eabi/lib/thumb/v7e-m+fp/hard\libc_nano.a(libc_a-memchr.o)
                0x080001f0                memchr
 .text          0x08000290       0x30 C:/ST/STM32CubeIDE_2.1.1/STM32CubeIDE/plugins/com.st.stm32cube.ide.mcu.externaltools.gnu-tools-for-stm32.14.3.rel1.win32_1.0.100.202602081740/tools/bin/../lib/gcc/arm-none-eabi/14.3.1/thumb/v7e-m+fp/hard\libgcc.a(_aeabi_uldivmod.o)
                0x08000290                __aeabi_uldivmod
 .text          0x080002c0      0x2f8 C:/ST/STM32CubeIDE_2.1.1/STM32CubeIDE/plugins/com.st.stm32cube.ide.mcu.externaltools.gnu-tools-for-stm32.14.3.rel1.win32_1.0.100.202602081740/tools/bin/../lib/gcc/arm-none-eabi/14.3.1/thumb/v7e-m+fp/hard\libgcc.a(_udivmoddi4.o)
                0x080002c0                __udivmoddi4
 .text          0x080005b8        0x4 C:/ST/STM32CubeIDE_2.1.1/STM32CubeIDE/plugins/com.st.stm32cube.ide.mcu.externaltools.gnu-tools-for-stm32.14.3.rel1.win32_1.0.100.202602081740/tools/bin/../lib/gcc/arm-none-eabi/14.3.1/thumb/v7e-m+fp/hard\libgcc.a(_dvmd_tls.o)
                0x080005b8                __aeabi_idiv0
                0x080005b8                __aeabi_ldiv0
 *(.text*)
 .text.vListInitialise
                0x080005bc       0x40 ./Src/FreeRTOS/list.o
                0x080005bc                vListInitialise
 .text.vListInitialiseItem
                0x080005fc       0x1a ./Src/FreeRTOS/list.o
                0x080005fc                vListInitialiseItem
 .text.vListInsert
                0x08000616       0x72 ./Src/FreeRTOS/list.o
                0x08000616                vListInsert
 .text.uxListRemove
                0x08000688       0x54 ./Src/FreeRTOS/list.o
                0x08000688                uxListRemove
 .text.xQueueGenericReset
                0x080006dc       0xe8 ./Src/FreeRTOS/queue.o
                0x080006dc                xQueueGenericReset
 .text.xQueueGenericCreate
                0x080007c4       0x7e ./Src/FreeRTOS/queue.o
                0x080007c4                xQueueGenericCreate
 .text.prvInitialiseNewQueue
                0x08000842       0x3e ./Src/FreeRTOS/queue.o
 .text.xQueueGenericSendFromISR
                0x08000880       0xca ./Src/FreeRTOS/queue.o
                0x08000880                xQueueGenericSendFromISR
 *fill*         0x0800094a        0x2 
 .text.xQueueReceive
                0x0800094c      0x144 ./Src/FreeRTOS/queue.o
                0x0800094c                xQueueReceive
 .text.prvCopyDataToQueue
                0x08000a90       0xd4 ./Src/FreeRTOS/queue.o
 .text.prvCopyDataFromQueue
                0x08000b64       0x4c ./Src/FreeRTOS/queue.o
 .text.prvUnlockQueue
                0x08000bb0       0xa4 ./Src/FreeRTOS/queue.o
 .text.prvIsQueueEmpty
                0x08000c54       0x2c ./Src/FreeRTOS/queue.o
 .text.prvCreateTask
                0x08000c80       0x78 ./Src/FreeRTOS/tasks.o
 .text.xTaskCreate
                0x08000cf8       0x46 ./Src/FreeRTOS/tasks.o
                0x08000cf8                xTaskCreate
 .text.prvInitialiseNewTask
                0x08000d3e       0xe0 ./Src/FreeRTOS/tasks.o
 *fill*         0x08000e1e        0x2 
 .text.prvAddNewTaskToReadyList
                0x08000e20      0x128 ./Src/FreeRTOS/tasks.o
 .text.vTaskDelay
                0x08000f48       0x48 ./Src/FreeRTOS/tasks.o
                0x08000f48                vTaskDelay
 .text.prvCreateIdleTasks
                0x08000f90       0x94 ./Src/FreeRTOS/tasks.o
 .text.vTaskStartScheduler
                0x08001024       0x5c ./Src/FreeRTOS/tasks.o
                0x08001024                vTaskStartScheduler
 .text.vTaskSuspendAll
                0x08001080       0x1c ./Src/FreeRTOS/tasks.o
                0x08001080                vTaskSuspendAll
 .text.xTaskResumeAll
                0x0800109c      0x1f0 ./Src/FreeRTOS/tasks.o
                0x0800109c                xTaskResumeAll
 .text.uxTaskGetNumberOfTasks
                0x0800128c       0x18 ./Src/FreeRTOS/tasks.o
                0x0800128c                uxTaskGetNumberOfTasks
 .text.xTaskIncrementTick
                0x080012a4      0x210 ./Src/FreeRTOS/tasks.o
                0x080012a4                xTaskIncrementTick
 .text.vTaskSwitchContext
                0x080014b4       0xdc ./Src/FreeRTOS/tasks.o
                0x080014b4                vTaskSwitchContext
 .text.vTaskPlaceOnEventList
                0x08001590       0x2c ./Src/FreeRTOS/tasks.o
                0x08001590                vTaskPlaceOnEventList
 .text.xTaskRemoveFromEventList
                0x080015bc      0x194 ./Src/FreeRTOS/tasks.o
                0x080015bc                xTaskRemoveFromEventList
 .text.vTaskInternalSetTimeOutState
                0x08001750       0x2c ./Src/FreeRTOS/tasks.o
                0x08001750                vTaskInternalSetTimeOutState
 .text.xTaskCheckForTimeOut
                0x0800177c       0x94 ./Src/FreeRTOS/tasks.o
                0x0800177c                xTaskCheckForTimeOut
 .text.vTaskMissedYield
                0x08001810       0x18 ./Src/FreeRTOS/tasks.o
                0x08001810                vTaskMissedYield
 .text.prvIdleTask
                0x08001828       0x30 ./Src/FreeRTOS/tasks.o
 .text.prvInitialiseTaskLists
                0x08001858       0x80 ./Src/FreeRTOS/tasks.o
 .text.prvCheckTasksWaitingTermination
                0x080018d8       0x5c ./Src/FreeRTOS/tasks.o
 .text.prvDeleteTCB
                0x08001934       0x20 ./Src/FreeRTOS/tasks.o
 .text.prvResetNextTaskUnblockTime
                0x08001954       0x38 ./Src/FreeRTOS/tasks.o
 .text.xTaskGetSchedulerState
                0x0800198c       0x3c ./Src/FreeRTOS/tasks.o
                0x0800198c                xTaskGetSchedulerState
 .text.xTaskPriorityDisinherit
                0x080019c8      0x108 ./Src/FreeRTOS/tasks.o
                0x080019c8                xTaskPriorityDisinherit
 .text.prvAddCurrentTaskToDelayedList
                0x08001ad0      0x104 ./Src/FreeRTOS/tasks.o
 .text.pxPortInitialiseStack
                0x08001bd4       0x68 ./Src/FreeRTOS/portable/GCC/ARM_CM4F/port.o
                0x08001bd4                pxPortInitialiseStack
 .text.prvTaskExitError
                0x08001c3c       0x34 ./Src/FreeRTOS/portable/GCC/ARM_CM4F/port.o
 .text.SVC_Handler
                0x08001c70       0x28 ./Src/FreeRTOS/portable/GCC/ARM_CM4F/port.o
                0x08001c70                SVC_Handler
 .text.prvPortStartFirstTask
                0x08001c98       0x2c ./Src/FreeRTOS/portable/GCC/ARM_CM4F/port.o
 .text.xPortStartScheduler
                0x08001cc4       0x70 ./Src/FreeRTOS/portable/GCC/ARM_CM4F/port.o
                0x08001cc4                xPortStartScheduler
 .text.vPortEnterCritical
                0x08001d34       0x34 ./Src/FreeRTOS/portable/GCC/ARM_CM4F/port.o
                0x08001d34                vPortEnterCritical
 .text.vPortExitCritical
                0x08001d68       0x34 ./Src/FreeRTOS/portable/GCC/ARM_CM4F/port.o
                0x08001d68                vPortExitCritical
 *fill*         0x08001d9c        0x4 
 .text.PendSV_Handler
                0x08001da0       0x68 ./Src/FreeRTOS/portable/GCC/ARM_CM4F/port.o
                0x08001da0                PendSV_Handler
 .text.xPortSysTickHandler
                0x08001e08       0x44 ./Src/FreeRTOS/portable/GCC/ARM_CM4F/port.o
                0x08001e08                xPortSysTickHandler
 .text.vPortSetupTimerInterrupt
                0x08001e4c       0x34 ./Src/FreeRTOS/portable/GCC/ARM_CM4F/port.o
                0x08001e4c                vPortSetupTimerInterrupt
 .text.vPortEnableVFP
                0x08001e80       0x18 ./Src/FreeRTOS/portable/GCC/ARM_CM4F/port.o
 .text.pvPortMalloc
                0x08001e98      0x164 ./Src/FreeRTOS/portable/MemMang/heap_4.o
                0x08001e98                pvPortMalloc
 .text.vPortFree
                0x08001ffc       0x74 ./Src/FreeRTOS/portable/MemMang/heap_4.o
                0x08001ffc                vPortFree
 .text.prvHeapInit
                0x08002070       0xb4 ./Src/FreeRTOS/portable/MemMang/heap_4.o
 .text.prvInsertBlockIntoFreeList
                0x08002124       0xb4 ./Src/FreeRTOS/portable/MemMang/heap_4.o
 .text.UART_Task
                0x080021d8       0x34 ./Src/main.o
                0x080021d8                UART_Task
 .text.MOTOR_Task
                0x0800220c       0x74 ./Src/main.o
                0x0800220c                MOTOR_Task
 .text.main     0x08002280       0xb0 ./Src/main.o
                0x08002280                main
 .text.USART2_IRQHandler
                0x08002330      0x108 ./Src/main.o
                0x08002330                USART2_IRQHandler
 .text.UART2_Init
                0x08002438      0x100 ./Src/main.o
                0x08002438                UART2_Init
 .text.DMA1_Stream5_IRQHandler
                0x08002538       0x14 ./Src/main.o
                0x08002538                DMA1_Stream5_IRQHandler
 .text.UART2_GPIO_Init
                0x0800254c       0x60 ./Src/main.o
                0x0800254c                UART2_GPIO_Init
 .text.SystemClock_Config
                0x080025ac       0x64 ./Src/main.o
                0x080025ac                SystemClock_Config
 .text.SysTick_Handler
                0x08002610       0x1a ./Src/main.o
                0x08002610                SysTick_Handler
 *fill*         0x0800262a        0x2 
 .text.HardFault_Handler
                0x0800262c       0x2c ./Src/main.o
                0x0800262c                HardFault_Handler
 .text.vApplicationStackOverflowHook
                0x08002658       0x30 ./Src/main.o
                0x08002658                vApplicationStackOverflowHook
 .text.vApplicationMallocFailedHook
                0x08002688       0x2c ./Src/main.o
                0x08002688                vApplicationMallocFailedHook
 .text.HAL_Init
                0x080026b4       0x44 ./Src/stm32f4xx_hal.o
                0x080026b4                HAL_Init
 .text.HAL_MspInit
                0x080026f8        0xe ./Src/stm32f4xx_hal.o
                0x080026f8                HAL_MspInit
 *fill*         0x08002706        0x2 
 .text.HAL_InitTick
                0x08002708       0x60 ./Src/stm32f4xx_hal.o
                0x08002708                HAL_InitTick
 .text.HAL_IncTick
                0x08002768       0x28 ./Src/stm32f4xx_hal.o
                0x08002768                HAL_IncTick
 .text.HAL_GetTick
                0x08002790       0x18 ./Src/stm32f4xx_hal.o
                0x08002790                HAL_GetTick
 .text.HAL_Delay
                0x080027a8       0x48 ./Src/stm32f4xx_hal.o
                0x080027a8                HAL_Delay
 .text.__NVIC_SetPriorityGrouping
                0x080027f0       0x48 ./Src/stm32f4xx_hal_cortex.o
 .text.__NVIC_GetPriorityGrouping
                0x08002838       0x1c ./Src/stm32f4xx_hal_cortex.o
 .text.__NVIC_EnableIRQ
                0x08002854       0x3c ./Src/stm32f4xx_hal_cortex.o
 .text.__NVIC_SetPriority
                0x08002890       0x54 ./Src/stm32f4xx_hal_cortex.o
 .text.NVIC_EncodePriority
                0x080028e4       0x66 ./Src/stm32f4xx_hal_cortex.o
 *fill*         0x0800294a        0x2 
 .text.SysTick_Config
                0x0800294c       0x44 ./Src/stm32f4xx_hal_cortex.o
 .text.HAL_NVIC_SetPriorityGrouping
                0x08002990       0x16 ./Src/stm32f4xx_hal_cortex.o
                0x08002990                HAL_NVIC_SetPriorityGrouping
 .text.HAL_NVIC_SetPriority
                0x080029a6       0x38 ./Src/stm32f4xx_hal_cortex.o
                0x080029a6                HAL_NVIC_SetPriority
 .text.HAL_NVIC_EnableIRQ
                0x080029de       0x1c ./Src/stm32f4xx_hal_cortex.o
                0x080029de                HAL_NVIC_EnableIRQ
 .text.HAL_SYSTICK_Config
                0x080029fa       0x18 ./Src/stm32f4xx_hal_cortex.o
                0x080029fa                HAL_SYSTICK_Config
 *fill*         0x08002a12        0x2 
 .text.HAL_DMA_Init
                0x08002a14      0x15c ./Src/stm32f4xx_hal_dma.o
                0x08002a14                HAL_DMA_Init
 .text.HAL_DMA_Start_IT
                0x08002b70       0xb0 ./Src/stm32f4xx_hal_dma.o
                0x08002b70                HAL_DMA_Start_IT
 .text.HAL_DMA_Abort
                0x08002c20       0xe0 ./Src/stm32f4xx_hal_dma.o
                0x08002c20                HAL_DMA_Abort
 .text.HAL_DMA_Abort_IT
                0x08002d00       0x44 ./Src/stm32f4xx_hal_dma.o
                0x08002d00                HAL_DMA_Abort_IT
 .text.HAL_DMA_IRQHandler
                0x08002d44      0x314 ./Src/stm32f4xx_hal_dma.o
                0x08002d44                HAL_DMA_IRQHandler
 .text.HAL_DMA_GetError
                0x08003058       0x18 ./Src/stm32f4xx_hal_dma.o
                0x08003058                HAL_DMA_GetError
 .text.DMA_SetConfig
                0x08003070       0x5c ./Src/stm32f4xx_hal_dma.o
 .text.DMA_CalcBaseAndBitshift
                0x080030cc       0x6c ./Src/stm32f4xx_hal_dma.o
 .text.DMA_CheckFifoParam
                0x08003138       0xf8 ./Src/stm32f4xx_hal_dma.o
 .text.HAL_GPIO_Init
                0x08003230      0x308 ./Src/stm32f4xx_hal_gpio.o
                0x08003230                HAL_GPIO_Init
 .text.HAL_GPIO_TogglePin
                0x08003538       0x34 ./Src/stm32f4xx_hal_gpio.o
                0x08003538                HAL_GPIO_TogglePin
 .text.HAL_RCC_OscConfig
                0x0800356c      0x4f0 ./Src/stm32f4xx_hal_rcc.o
                0x0800356c                HAL_RCC_OscConfig
 .text.HAL_RCC_ClockConfig
                0x08003a5c      0x1cc ./Src/stm32f4xx_hal_rcc.o
                0x08003a5c                HAL_RCC_ClockConfig
 .text.HAL_RCC_GetSysClockFreq
                0x08003c28      0x188 ./Src/stm32f4xx_hal_rcc.o
                0x08003c28                HAL_RCC_GetSysClockFreq
 .text.HAL_RCC_GetHCLKFreq
                0x08003db0       0x18 ./Src/stm32f4xx_hal_rcc.o
                0x08003db0                HAL_RCC_GetHCLKFreq
 .text.HAL_RCC_GetPCLK1Freq
                0x08003dc8       0x28 ./Src/stm32f4xx_hal_rcc.o
                0x08003dc8                HAL_RCC_GetPCLK1Freq
 .text.HAL_RCC_GetPCLK2Freq
                0x08003df0       0x28 ./Src/stm32f4xx_hal_rcc.o
                0x08003df0                HAL_RCC_GetPCLK2Freq
 .text.HAL_UART_Init
                0x08003e18       0xa0 ./Src/stm32f4xx_hal_uart.o
                0x08003e18                HAL_UART_Init
 .text.HAL_UART_MspInit
                0x08003eb8       0x14 ./Src/stm32f4xx_hal_uart.o
                0x08003eb8                HAL_UART_MspInit
 .text.HAL_UART_Transmit
                0x08003ecc      0x116 ./Src/stm32f4xx_hal_uart.o
                0x08003ecc                HAL_UART_Transmit
 .text.HAL_UART_Receive_DMA
                0x08003fe2       0x4a ./Src/stm32f4xx_hal_uart.o
                0x08003fe2                HAL_UART_Receive_DMA
 .text.HAL_UART_AbortReceive
                0x0800402c      0x146 ./Src/stm32f4xx_hal_uart.o
                0x0800402c                HAL_UART_AbortReceive
 *fill*         0x08004172        0x2 
 .text.HAL_UART_IRQHandler
                0x08004174      0x524 ./Src/stm32f4xx_hal_uart.o
                0x08004174                HAL_UART_IRQHandler
 .text.HAL_UART_TxCpltCallback
                0x08004698       0x14 ./Src/stm32f4xx_hal_uart.o
                0x08004698                HAL_UART_TxCpltCallback
 .text.HAL_UART_RxCpltCallback
                0x080046ac       0x14 ./Src/stm32f4xx_hal_uart.o
                0x080046ac                HAL_UART_RxCpltCallback
 .text.HAL_UART_RxHalfCpltCallback
                0x080046c0       0x14 ./Src/stm32f4xx_hal_uart.o
                0x080046c0                HAL_UART_RxHalfCpltCallback
 .text.HAL_UART_ErrorCallback
                0x080046d4       0x14 ./Src/stm32f4xx_hal_uart.o
                0x080046d4                HAL_UART_ErrorCallback
 .text.HAL_UARTEx_RxEventCallback
                0x080046e8       0x18 ./Src/stm32f4xx_hal_uart.o
                0x080046e8                HAL_UARTEx_RxEventCallback
 .text.UART_DMAReceiveCplt
                0x08004700      0x12c ./Src/stm32f4xx_hal_uart.o
 .text.UART_DMARxHalfCplt
                0x0800482c       0x3c ./Src/stm32f4xx_hal_uart.o
 .text.UART_DMAError
                0x08004868       0x94 ./Src/stm32f4xx_hal_uart.o
 .text.UART_WaitOnFlagUntilTimeout
                0x080048fc       0xb2 ./Src/stm32f4xx_hal_uart.o
 *fill*         0x080049ae        0x2 
 .text.UART_Start_Receive_DMA
                0x080049b0      0x134 ./Src/stm32f4xx_hal_uart.o
                0x080049b0                UART_Start_Receive_DMA
 .text.UART_EndTxTransfer
                0x08004ae4       0x50 ./Src/stm32f4xx_hal_uart.o
 .text.UART_EndRxTransfer
                0x08004b34       0xc6 ./Src/stm32f4xx_hal_uart.o
 .text.UART_DMAAbortOnError
                0x08004bfa       0x28 ./Src/stm32f4xx_hal_uart.o
 .text.UART_Transmit_IT
                0x08004c22       0xa0 ./Src/stm32f4xx_hal_uart.o
 .text.UART_EndTransmit_IT
                0x08004cc2       0x30 ./Src/stm32f4xx_hal_uart.o
 .text.UART_Receive_IT
                0x08004cf2      0x17c ./Src/stm32f4xx_hal_uart.o
 *fill*         0x08004e6e        0x2 
 .text.UART_SetConfig
                0x08004e70      0x4e8 ./Src/stm32f4xx_hal_uart.o
 .text._sbrk    0x08005358       0x6c ./Src/sysmem.o
                0x08005358                _sbrk
 .text.SystemInit
                0x080053c4       0x24 ./Src/system_stm32f4xx.o
                0x080053c4                SystemInit
 .text.Reset_Handler
                0x080053e8       0x50 ./Startup/startup_stm32f411retx.o
                0x080053e8                Reset_Handler
 .text.Default_Handler
                0x08005438        0x2 ./Startup/startup_stm32f411retx.o
                0x08005438                RTC_Alarm_IRQHandler
                0x08005438                EXTI2_IRQHandler
                0x08005438                DebugMon_Handler
                0x08005438                SPI4_IRQHandler
                0x08005438                TIM1_CC_IRQHandler
                0x08005438                DMA2_Stream5_IRQHandler
                0x08005438                PVD_IRQHandler
                0x08005438                SDIO_IRQHandler
                0x08005438                TAMP_STAMP_IRQHandler
                0x08005438                NMI_Handler
                0x08005438                EXTI3_IRQHandler
                0x08005438                TIM1_UP_TIM10_IRQHandler
                0x08005438                I2C3_ER_IRQHandler
                0x08005438                EXTI0_IRQHandler
                0x08005438                I2C2_EV_IRQHandler
                0x08005438                DMA1_Stream2_IRQHandler
                0x08005438                UsageFault_Handler
                0x08005438                DMA2_Stream2_IRQHandler
                0x08005438                SPI1_IRQHandler
                0x08005438                TIM1_BRK_TIM9_IRQHandler
                0x08005438                DMA2_Stream3_IRQHandler
                0x08005438                USART6_IRQHandler
                0x08005438                DMA2_Stream0_IRQHandler
                0x08005438                TIM4_IRQHandler
                0x08005438                I2C1_EV_IRQHandler
                0x08005438                DMA1_Stream6_IRQHandler
                0x08005438                DMA1_Stream1_IRQHandler
                0x08005438                TIM3_IRQHandler
                0x08005438                RCC_IRQHandler
                0x08005438                Default_Handler
                0x08005438                EXTI15_10_IRQHandler
                0x08005438                ADC_IRQHandler
                0x08005438                DMA1_Stream7_IRQHandler
                0x08005438                SPI5_IRQHandler
                0x08005438                TIM5_IRQHandler
                0x08005438                DMA2_Stream7_IRQHandler
                0x08005438                I2C3_EV_IRQHandler
                0x08005438                EXTI9_5_IRQHandler
                0x08005438                RTC_WKUP_IRQHandler
                0x08005438                SPI2_IRQHandler
                0x08005438                MemManage_Handler
                0x08005438                DMA1_Stream0_IRQHandler
                0x08005438                EXTI4_IRQHandler
                0x08005438                WWDG_IRQHandler
                0x08005438                TIM2_IRQHandler
                0x08005438                OTG_FS_WKUP_IRQHandler
                0x08005438                TIM1_TRG_COM_TIM11_IRQHandler
                0x08005438                EXTI1_IRQHandler
                0x08005438                I2C2_ER_IRQHandler
                0x08005438                DMA2_Stream1_IRQHandler
                0x08005438                FLASH_IRQHandler
                0x08005438                DMA2_Stream4_IRQHandler
                0x08005438                BusFault_Handler
                0x08005438                USART1_IRQHandler
                0x08005438                OTG_FS_IRQHandler
                0x08005438                SPI3_IRQHandler
                0x08005438                DMA1_Stream4_IRQHandler
                0x08005438                I2C1_ER_IRQHandler
                0x08005438                DMA2_Stream6_IRQHandler
                0x08005438                DMA1_Stream3_IRQHandler
 *fill*         0x0800543a        0x2 
 .text.sprintf  0x0800543c       0x44 C:/ST/STM32CubeIDE_2.1.1/STM32CubeIDE/plugins/com.st.stm32cube.ide.mcu.externaltools.gnu-tools-for-stm32.14.3.rel1.win32_1.0.100.202602081740/tools/bin/../lib/gcc/arm-none-eabi/14.3.1/../../../../arm-none-eabi/lib/thumb/v7e-m+fp/hard\libc_nano.a(libc_a-sprintf.o)
                0x0800543c                siprintf
                0x0800543c                sprintf
 .text.sscanf   0x08005480       0x58 C:/ST/STM32CubeIDE_2.1.1/STM32CubeIDE/plugins/com.st.stm32cube.ide.mcu.externaltools.gnu-tools-for-stm32.14.3.rel1.win32_1.0.100.202602081740/tools/bin/../lib/gcc/arm-none-eabi/14.3.1/../../../../arm-none-eabi/lib/thumb/v7e-m+fp/hard\libc_nano.a(libc_a-sscanf.o)
                0x08005480                siscanf
                0x08005480                sscanf
 .text.__seofread
                0x080054d8        0x4 C:/ST/STM32CubeIDE_2.1.1/STM32CubeIDE/plugins/com.st.stm32cube.ide.mcu.externaltools.gnu-tools-for-stm32.14.3.rel1.win32_1.0.100.202602081740/tools/bin/../lib/gcc/arm-none-eabi/14.3.1/../../../../arm-none-eabi/lib/thumb/v7e-m+fp/hard\libc_nano.a(libc_a-stdio.o)
                0x080054d8                __seofread
 .text.memset   0x080054dc       0x10 C:/ST/STM32CubeIDE_2.1.1/STM32CubeIDE/plugins/com.st.stm32cube.ide.mcu.externaltools.gnu-tools-for-stm32.14.3.rel1.win32_1.0.100.202602081740/tools/bin/../lib/gcc/arm-none-eabi/14.3.1/../../../../arm-none-eabi/lib/thumb/v7e-m+fp/hard\libc_nano.a(libc_a-memset.o)
                0x080054dc                memset
 .text.__errno  0x080054ec        0xc C:/ST/STM32CubeIDE_2.1.1/STM32CubeIDE/plugins/com.st.stm32cube.ide.mcu.externaltools.gnu-tools-for-stm32.14.3.rel1.win32_1.0.100.202602081740/tools/bin/../lib/gcc/arm-none-eabi/14.3.1/../../../../arm-none-eabi/lib/thumb/v7e-m+fp/hard\libc_nano.a(libc_a-errno.o)
                0x080054ec                __errno
 .text.__libc_init_array
                0x080054f8       0x48 C:/ST/STM32CubeIDE_2.1.1/STM32CubeIDE/plugins/com.st.stm32cube.ide.mcu.externaltools.gnu-tools-for-stm32.14.3.rel1.win32_1.0.100.202602081740/tools/bin/../lib/gcc/arm-none-eabi/14.3.1/../../../../arm-none-eabi/lib/thumb/v7e-m+fp/hard\libc_nano.a(libc_a-init.o)
                0x080054f8                __libc_init_array
 .text.__retarget_lock_acquire_recursive
                0x08005540        0x2 C:/ST/STM32CubeIDE_2.1.1/STM32CubeIDE/plugins/com.st.stm32cube.ide.mcu.externaltools.gnu-tools-for-stm32.14.3.rel1.win32_1.0.100.202602081740/tools/bin/../lib/gcc/arm-none-eabi/14.3.1/../../../../arm-none-eabi/lib/thumb/v7e-m+fp/hard\libc_nano.a(libc_a-lock.o)
                0x08005540                __retarget_lock_acquire_recursive
 .text.__retarget_lock_release_recursive
                0x08005542        0x2 C:/ST/STM32CubeIDE_2.1.1/STM32CubeIDE/plugins/com.st.stm32cube.ide.mcu.externaltools.gnu-tools-for-stm32.14.3.rel1.win32_1.0.100.202602081740/tools/bin/../lib/gcc/arm-none-eabi/14.3.1/../../../../arm-none-eabi/lib/thumb/v7e-m+fp/hard\libc_nano.a(libc_a-lock.o)
                0x08005542                __retarget_lock_release_recursive
 .text.memcpy   0x08005544       0x1c C:/ST/STM32CubeIDE_2.1.1/STM32CubeIDE/plugins/com.st.stm32cube.ide.mcu.externaltools.gnu-tools-for-stm32.14.3.rel1.win32_1.0.100.202602081740/tools/bin/../lib/gcc/arm-none-eabi/14.3.1/../../../../arm-none-eabi/lib/thumb/v7e-m+fp/hard\libc_nano.a(libc_a-memcpy-stub.o)
                0x08005544                memcpy
 .text._free_r  0x08005560       0x94 C:/ST/STM32CubeIDE_2.1.1/STM32CubeIDE/plugins/com.st.stm32cube.ide.mcu.externaltools.gnu-tools-for-stm32.14.3.rel1.win32_1.0.100.202602081740/tools/bin/../lib/gcc/arm-none-eabi/14.3.1/../../../../arm-none-eabi/lib/thumb/v7e-m+fp/hard\libc_nano.a(libc_a-freer.o)
                0x08005560                _free_r
 .text.sbrk_aligned
                0x080055f4       0x44 C:/ST/STM32CubeIDE_2.1.1/STM32CubeIDE/plugins/com.st.stm32cube.ide.mcu.externaltools.gnu-tools-for-stm32.14.3.rel1.win32_1.0.100.202602081740/tools/bin/../lib/gcc/arm-none-eabi/14.3.1/../../../../arm-none-eabi/lib/thumb/v7e-m+fp/hard\libc_nano.a(libc_a-mallocr.o)
 .text._malloc_r
                0x08005638      0x100 C:/ST/STM32CubeIDE_2.1.1/STM32CubeIDE/plugins/com.st.stm32cube.ide.mcu.externaltools.gnu-tools-for-stm32.14.3.rel1.win32_1.0.100.202602081740/tools/bin/../lib/gcc/arm-none-eabi/14.3.1/../../../../arm-none-eabi/lib/thumb/v7e-m+fp/hard\libc_nano.a(libc_a-mallocr.o)
                0x08005638                _malloc_r
 .text.__malloc_lock
                0x08005738        0xc C:/ST/STM32CubeIDE_2.1.1/STM32CubeIDE/plugins/com.st.stm32cube.ide.mcu.externaltools.gnu-tools-for-stm32.14.3.rel1.win32_1.0.100.202602081740/tools/bin/../lib/gcc/arm-none-eabi/14.3.1/../../../../arm-none-eabi/lib/thumb/v7e-m+fp/hard\libc_nano.a(libc_a-mlock.o)
                0x08005738                __malloc_lock
 .text.__malloc_unlock
                0x08005744        0xc C:/ST/STM32CubeIDE_2.1.1/STM32CubeIDE/plugins/com.st.stm32cube.ide.mcu.externaltools.gnu-tools-for-stm32.14.3.rel1.win32_1.0.100.202602081740/tools/bin/../lib/gcc/arm-none-eabi/14.3.1/../../../../arm-none-eabi/lib/thumb/v7e-m+fp/hard\libc_nano.a(libc_a-mlock.o)
                0x08005744                __malloc_unlock
 .text.__ssputs_r
                0x08005750       0xc0 C:/ST/STM32CubeIDE_2.1.1/STM32CubeIDE/plugins/com.st.stm32cube.ide.mcu.externaltools.gnu-tools-for-stm32.14.3.rel1.win32_1.0.100.202602081740/tools/bin/../lib/gcc/arm-none-eabi/14.3.1/../../../../arm-none-eabi/lib/thumb/v7e-m+fp/hard\libc_nano.a(libc_a-nano-svfprintf.o)
                0x08005750                __ssputs_r
 .text._svfprintf_r
                0x08005810      0x1f0 C:/ST/STM32CubeIDE_2.1.1/STM32CubeIDE/plugins/com.st.stm32cube.ide.mcu.externaltools.gnu-tools-for-stm32.14.3.rel1.win32_1.0.100.202602081740/tools/bin/../lib/gcc/arm-none-eabi/14.3.1/../../../../arm-none-eabi/lib/thumb/v7e-m+fp/hard\libc_nano.a(libc_a-nano-svfprintf.o)
                0x08005810                _svfiprintf_r
                0x08005810                _svfprintf_r
 .text._sungetc_r
                0x08005a00       0x7a C:/ST/STM32CubeIDE_2.1.1/STM32CubeIDE/plugins/com.st.stm32cube.ide.mcu.externaltools.gnu-tools-for-stm32.14.3.rel1.win32_1.0.100.202602081740/tools/bin/../lib/gcc/arm-none-eabi/14.3.1/../../../../arm-none-eabi/lib/thumb/v7e-m+fp/hard\libc_nano.a(libc_a-nano-svfscanf.o)
                0x08005a00                _sungetc_r
 .text.__ssrefill_r
                0x08005a7a       0x3a C:/ST/STM32CubeIDE_2.1.1/STM32CubeIDE/plugins/com.st.stm32cube.ide.mcu.externaltools.gnu-tools-for-stm32.14.3.rel1.win32_1.0.100.202602081740/tools/bin/../lib/gcc/arm-none-eabi/14.3.1/../../../../arm-none-eabi/lib/thumb/v7e-m+fp/hard\libc_nano.a(libc_a-nano-svfscanf.o)
                0x08005a7a                __ssrefill_r
 .text.__ssvfscanf_r
                0x08005ab4      0x2fc C:/ST/STM32CubeIDE_2.1.1/STM32CubeIDE/plugins/com.st.stm32cube.ide.mcu.externaltools.gnu-tools-for-stm32.14.3.rel1.win32_1.0.100.202602081740/tools/bin/../lib/gcc/arm-none-eabi/14.3.1/../../../../arm-none-eabi/lib/thumb/v7e-m+fp/hard\libc_nano.a(libc_a-nano-svfscanf.o)
                0x08005ab4                __ssvfiscanf_r
                0x08005ab4                __ssvfscanf_r
 .text._printf_common
                0x08005db0       0xda C:/ST/STM32CubeIDE_2.1.1/STM32CubeIDE/plugins/com.st.stm32cube.ide.mcu.externaltools.gnu-tools-for-stm32.14.3.rel1.win32_1.0.100.202602081740/tools/bin/../lib/gcc/arm-none-eabi/14.3.1/../../../../arm-none-eabi/lib/thumb/v7e-m+fp/hard\libc_nano.a(libc_a-nano-vfprintf_i.o)
                0x08005db0                _printf_common
 *fill*         0x08005e8a        0x2 
 .text._printf_i
                0x08005e8c      0x24c C:/ST/STM32CubeIDE_2.1.1/STM32CubeIDE/plugins/com.st.stm32cube.ide.mcu.externaltools.gnu-tools-for-stm32.14.3.rel1.win32_1.0.100.202602081740/tools/bin/../lib/gcc/arm-none-eabi/14.3.1/../../../../arm-none-eabi/lib/thumb/v7e-m+fp/hard\libc_nano.a(libc_a-nano-vfprintf_i.o)
                0x08005e8c                _printf_i
 .text._scanf_chars
                0x080060d8       0xb4 C:/ST/STM32CubeIDE_2.1.1/STM32CubeIDE/plugins/com.st.stm32cube.ide.mcu.externaltools.gnu-tools-for-stm32.14.3.rel1.win32_1.0.100.202602081740/tools/bin/../lib/gcc/arm-none-eabi/14.3.1/../../../../arm-none-eabi/lib/thumb/v7e-m+fp/hard\libc_nano.a(libc_a-nano-vfscanf_i.o)
                0x080060d8                _scanf_chars
 .text._scanf_i
                0x0800618c      0x1e4 C:/ST/STM32CubeIDE_2.1.1/STM32CubeIDE/plugins/com.st.stm32cube.ide.mcu.externaltools.gnu-tools-for-stm32.14.3.rel1.win32_1.0.100.202602081740/tools/bin/../lib/gcc/arm-none-eabi/14.3.1/../../../../arm-none-eabi/lib/thumb/v7e-m+fp/hard\libc_nano.a(libc_a-nano-vfscanf_i.o)
                0x0800618c                _scanf_i
 .text.__sccl   0x08006370       0x72 C:/ST/STM32CubeIDE_2.1.1/STM32CubeIDE/plugins/com.st.stm32cube.ide.mcu.externaltools.gnu-tools-for-stm32.14.3.rel1.win32_1.0.100.202602081740/tools/bin/../lib/gcc/arm-none-eabi/14.3.1/../../../../arm-none-eabi/lib/thumb/v7e-m+fp/hard\libc_nano.a(libc_a-sccl.o)
                0x08006370                __sccl
 .text.__submore
                0x080063e2       0x74 C:/ST/STM32CubeIDE_2.1.1/STM32CubeIDE/plugins/com.st.stm32cube.ide.mcu.externaltools.gnu-tools-for-stm32.14.3.rel1.win32_1.0.100.202602081740/tools/bin/../lib/gcc/arm-none-eabi/14.3.1/../../../../arm-none-eabi/lib/thumb/v7e-m+fp/hard\libc_nano.a(libc_a-ungetc.o)
                0x080063e2                __submore
 .text.memmove  0x08006456       0x32 C:/ST/STM32CubeIDE_2.1.1/STM32CubeIDE/plugins/com.st.stm32cube.ide.mcu.externaltools.gnu-tools-for-stm32.14.3.rel1.win32_1.0.100.202602081740/tools/bin/../lib/gcc/arm-none-eabi/14.3.1/../../../../arm-none-eabi/lib/thumb/v7e-m+fp/hard\libc_nano.a(libc_a-memmove.o)
                0x08006456                memmove
 .text._sbrk_r  0x08006488       0x20 C:/ST/STM32CubeIDE_2.1.1/STM32CubeIDE/plugins/com.st.stm32cube.ide.mcu.externaltools.gnu-tools-for-stm32.14.3.rel1.win32_1.0.100.202602081740/tools/bin/../lib/gcc/arm-none-eabi/14.3.1/../../../../arm-none-eabi/lib/thumb/v7e-m+fp/hard\libc_nano.a(libc_a-sbrkr.o)
                0x08006488                _sbrk_r
 .text._realloc_r
                0x080064a8       0x5c C:/ST/STM32CubeIDE_2.1.1/STM32CubeIDE/plugins/com.st.stm32cube.ide.mcu.externaltools.gnu-tools-for-stm32.14.3.rel1.win32_1.0.100.202602081740/tools/bin/../lib/gcc/arm-none-eabi/14.3.1/../../../../arm-none-eabi/lib/thumb/v7e-m+fp/hard\libc_nano.a(libc_a-reallocr.o)
                0x080064a8                _realloc_r
 .text._strtol_l.isra.0
                0x08006504       0xf4 C:/ST/STM32CubeIDE_2.1.1/STM32CubeIDE/plugins/com.st.stm32cube.ide.mcu.externaltools.gnu-tools-for-stm32.14.3.rel1.win32_1.0.100.202602081740/tools/bin/../lib/gcc/arm-none-eabi/14.3.1/../../../../arm-none-eabi/lib/thumb/v7e-m+fp/hard\libc_nano.a(libc_a-strtol.o)
 .text._strtol_r
                0x080065f8        0x4 C:/ST/STM32CubeIDE_2.1.1/STM32CubeIDE/plugins/com.st.stm32cube.ide.mcu.externaltools.gnu-tools-for-stm32.14.3.rel1.win32_1.0.100.202602081740/tools/bin/../lib/gcc/arm-none-eabi/14.3.1/../../../../arm-none-eabi/lib/thumb/v7e-m+fp/hard\libc_nano.a(libc_a-strtol.o)
                0x080065f8                _strtol_r
 .text._strtoul_l.isra.0
                0x080065fc       0xdc C:/ST/STM32CubeIDE_2.1.1/STM32CubeIDE/plugins/com.st.stm32cube.ide.mcu.externaltools.gnu-tools-for-stm32.14.3.rel1.win32_1.0.100.202602081740/tools/bin/../lib/gcc/arm-none-eabi/14.3.1/../../../../arm-none-eabi/lib/thumb/v7e-m+fp/hard\libc_nano.a(libc_a-strtoul.o)
 .text._strtoul_r
                0x080066d8        0x4 C:/ST/STM32CubeIDE_2.1.1/STM32CubeIDE/plugins/com.st.stm32cube.ide.mcu.externaltools.gnu-tools-for-stm32.14.3.rel1.win32_1.0.100.202602081740/tools/bin/../lib/gcc/arm-none-eabi/14.3.1/../../../../arm-none-eabi/lib/thumb/v7e-m+fp/hard\libc_nano.a(libc_a-strtoul.o)
                0x080066d8                _strtoul_r
 .text._malloc_usable_size_r
                0x080066dc       0x10 C:/ST/STM32CubeIDE_2.1.1/STM32CubeIDE/plugins/com.st.stm32cube.ide.mcu.externaltools.gnu-tools-for-stm32.14.3.rel1.win32_1.0.100.202602081740/tools/bin/../lib/gcc/arm-none-eabi/14.3.1/../../../../arm-none-eabi/lib/thumb/v7e-m+fp/hard\libc_nano.a(libc_a-msizer.o)
                0x080066dc                _malloc_usable_size_r
 *(.glue_7)
 .glue_7        0x080066ec        0x0 linker stubs
 *(.glue_7t)
 .glue_7t       0x080066ec        0x0 linker stubs
 *(.eh_frame)
 .eh_frame      0x080066ec        0x0 C:/ST/STM32CubeIDE_2.1.1/STM32CubeIDE/plugins/com.st.stm32cube.ide.mcu.externaltools.gnu-tools-for-stm32.14.3.rel1.win32_1.0.100.202602081740/tools/bin/../lib/gcc/arm-none-eabi/14.3.1/thumb/v7e-m+fp/hard/crtbegin.o
 *(.init)
 .init          0x080066ec        0x4 C:/ST/STM32CubeIDE_2.1.1/STM32CubeIDE/plugins/com.st.stm32cube.ide.mcu.externaltools.gnu-tools-for-stm32.14.3.rel1.win32_1.0.100.202602081740/tools/bin/../lib/gcc/arm-none-eabi/14.3.1/thumb/v7e-m+fp/hard/crti.o
                0x080066ec                _init
 .init          0x080066f0        0x8 C:/ST/STM32CubeIDE_2.1.1/STM32CubeIDE/plugins/com.st.stm32cube.ide.mcu.externaltools.gnu-tools-for-stm32.14.3.rel1.win32_1.0.100.202602081740/tools/bin/../lib/gcc/arm-none-eabi/14.3.1/thumb/v7e-m+fp/hard/crtn.o
 *(.fini)
 .fini          0x080066f8        0x4 C:/ST/STM32CubeIDE_2.1.1/STM32CubeIDE/plugins/com.st.stm32cube.ide.mcu.externaltools.gnu-tools-for-stm32.14.3.rel1.win32_1.0.100.202602081740/tools/bin/../lib/gcc/arm-none-eabi/14.3.1/thumb/v7e-m+fp/hard/crti.o
                0x080066f8                _fini
 .fini          0x080066fc        0x8 C:/ST/STM32CubeIDE_2.1.1/STM32CubeIDE/plugins/com.st.stm32cube.ide.mcu.externaltools.gnu-tools-for-stm32.14.3.rel1.win32_1.0.100.202602081740/tools/bin/../lib/gcc/arm-none-eabi/14.3.1/thumb/v7e-m+fp/hard/crtn.o
                0x08006704                        . = ALIGN (0x4)
                0x08006704                        _etext = .

.vfp11_veneer   0x08006704        0x0
 .vfp11_veneer  0x08006704        0x0 linker stubs

.v4_bx          0x08006704        0x0
 .v4_bx         0x08006704        0x0 linker stubs

.iplt           0x08006704        0x0
 .iplt          0x08006704        0x0 C:/ST/STM32CubeIDE_2.1.1/STM32CubeIDE/plugins/com.st.stm32cube.ide.mcu.externaltools.gnu-tools-for-stm32.14.3.rel1.win32_1.0.100.202602081740/tools/bin/../lib/gcc/arm-none-eabi/14.3.1/thumb/v7e-m+fp/hard/crtbegin.o

.rodata         0x08006704      0x200
                0x08006704                        . = ALIGN (0x4)
 *(.rodata)
 .rodata        0x08006704        0x5 ./Src/FreeRTOS/tasks.o
 *fill*         0x08006709        0x3 
 .rodata        0x0800670c       0x76 ./Src/main.o
 *fill*         0x08006782        0x2 
 .rodata        0x08006784        0xc C:/ST/STM32CubeIDE_2.1.1/STM32CubeIDE/plugins/com.st.stm32cube.ide.mcu.externaltools.gnu-tools-for-stm32.14.3.rel1.win32_1.0.100.202602081740/tools/bin/../lib/gcc/arm-none-eabi/14.3.1/../../../../arm-none-eabi/lib/thumb/v7e-m+fp/hard\libc_nano.a(libc_a-nano-vfscanf_i.o)
 *(.rodata*)
 .rodata.uxTopUsedPriority
                0x08006790        0x4 ./Src/FreeRTOS/tasks.o
 .rodata.flagBitshiftOffset.0
                0x08006794        0x8 ./Src/stm32f4xx_hal_dma.o
 .rodata.AHBPrescTable
                0x0800679c       0x10 ./Src/system_stm32f4xx.o
                0x0800679c                AHBPrescTable
 .rodata.APBPrescTable
                0x080067ac        0x8 ./Src/system_stm32f4xx.o
                0x080067ac                APBPrescTable
 .rodata._ctype_
                0x080067b4      0x101 C:/ST/STM32CubeIDE_2.1.1/STM32CubeIDE/plugins/com.st.stm32cube.ide.mcu.externaltools.gnu-tools-for-stm32.14.3.rel1.win32_1.0.100.202602081740/tools/bin/../lib/gcc/arm-none-eabi/14.3.1/../../../../arm-none-eabi/lib/thumb/v7e-m+fp/hard\libc_nano.a(libc_a-ctype_.o)
                0x080067b4                _ctype_
 .rodata._svfprintf_r.str1.1
                0x080068b5       0x4e C:/ST/STM32CubeIDE_2.1.1/STM32CubeIDE/plugins/com.st.stm32cube.ide.mcu.externaltools.gnu-tools-for-stm32.14.3.rel1.win32_1.0.100.202602081740/tools/bin/../lib/gcc/arm-none-eabi/14.3.1/../../../../arm-none-eabi/lib/thumb/v7e-m+fp/hard\libc_nano.a(libc_a-nano-svfprintf.o)
                                 0x11 (size before relaxing)
 .rodata.__ssvfscanf_r.str1.1
                0x08006903        0x4 C:/ST/STM32CubeIDE_2.1.1/STM32CubeIDE/plugins/com.st.stm32cube.ide.mcu.externaltools.gnu-tools-for-stm32.14.3.rel1.win32_1.0.100.202602081740/tools/bin/../lib/gcc/arm-none-eabi/14.3.1/../../../../arm-none-eabi/lib/thumb/v7e-m+fp/hard\libc_nano.a(libc_a-nano-svfscanf.o)
 .rodata._printf_i.str1.1
                0x08006903       0x22 C:/ST/STM32CubeIDE_2.1.1/STM32CubeIDE/plugins/com.st.stm32cube.ide.mcu.externaltools.gnu-tools-for-stm32.14.3.rel1.win32_1.0.100.202602081740/tools/bin/../lib/gcc/arm-none-eabi/14.3.1/../../../../arm-none-eabi/lib/thumb/v7e-m+fp/hard\libc_nano.a(libc_a-nano-vfprintf_i.o)
 .rodata._scanf_i.str1.1
                0x08006903       0x12 C:/ST/STM32CubeIDE_2.1.1/STM32CubeIDE/plugins/com.st.stm32cube.ide.mcu.externaltools.gnu-tools-for-stm32.14.3.rel1.win32_1.0.100.202602081740/tools/bin/../lib/gcc/arm-none-eabi/14.3.1/../../../../arm-none-eabi/lib/thumb/v7e-m+fp/hard\libc_nano.a(libc_a-nano-vfscanf_i.o)
 .rodata.str1.1
                0x08006903        0x9 C:/ST/STM32CubeIDE_2.1.1/STM32CubeIDE/plugins/com.st.stm32cube.ide.mcu.externaltools.gnu-tools-for-stm32.14.3.rel1.win32_1.0.100.202602081740/tools/bin/../lib/gcc/arm-none-eabi/14.3.1/../../../../arm-none-eabi/lib/thumb/v7e-m+fp/hard\libc_nano.a(libc_a-nano-vfscanf_i.o)
                0x08006928                        . = ALIGN (0x4)
 *fill*         0x08006903        0x1 

.ARM.extab      0x08006904        0x0
                0x08006904                        . = ALIGN (0x4)
 *(.ARM.extab* .gnu.linkonce.armextab.*)
                0x08006904                        . = ALIGN (0x4)

.ARM            0x08006904        0x8
                0x08006904                        . = ALIGN (0x4)
                0x08006904                        __exidx_start = .
 *(.ARM.exidx*)
 .ARM.exidx     0x08006904        0x8 C:/ST/STM32CubeIDE_2.1.1/STM32CubeIDE/plugins/com.st.stm32cube.ide.mcu.externaltools.gnu-tools-for-stm32.14.3.rel1.win32_1.0.100.202602081740/tools/bin/../lib/gcc/arm-none-eabi/14.3.1/../../../../arm-none-eabi/lib/thumb/v7e-m+fp/hard\libc_nano.a(libc_a-strlen.o)
 .ARM.exidx     0x0800690c        0x0 C:/ST/STM32CubeIDE_2.1.1/STM32CubeIDE/plugins/com.st.stm32cube.ide.mcu.externaltools.gnu-tools-for-stm32.14.3.rel1.win32_1.0.100.202602081740/tools/bin/../lib/gcc/arm-none-eabi/14.3.1/../../../../arm-none-eabi/lib/thumb/v7e-m+fp/hard\libc_nano.a(libc_a-memchr.o)
                                  0x8 (size before relaxing)
 .ARM.exidx     0x0800690c        0x0 C:/ST/STM32CubeIDE_2.1.1/STM32CubeIDE/plugins/com.st.stm32cube.ide.mcu.externaltools.gnu-tools-for-stm32.14.3.rel1.win32_1.0.100.202602081740/tools/bin/../lib/gcc/arm-none-eabi/14.3.1/thumb/v7e-m+fp/hard\libgcc.a(_udivmoddi4.o)
                                  0x8 (size before relaxing)
                0x0800690c                        __exidx_end = .
                0x0800690c                        . = ALIGN (0x4)

.preinit_array  0x0800690c        0x0
                0x0800690c                        . = ALIGN (0x4)
                0x0800690c                        PROVIDE (__preinit_array_start = .)
 *(.preinit_array*)
                0x0800690c                        PROVIDE (__preinit_array_end = .)
                0x0800690c                        . = ALIGN (0x4)

.init_array     0x0800690c        0x4
                0x0800690c                        . = ALIGN (0x4)
                0x0800690c                        PROVIDE (__init_array_start = .)
 *(SORT_BY_NAME(.init_array.*))
 *(.init_array*)
 .init_array    0x0800690c        0x4 C:/ST/STM32CubeIDE_2.1.1/STM32CubeIDE/plugins/com.st.stm32cube.ide.mcu.externaltools.gnu-tools-for-stm32.14.3.rel1.win32_1.0.100.202602081740/tools/bin/../lib/gcc/arm-none-eabi/14.3.1/thumb/v7e-m+fp/hard/crtbegin.o
                0x08006910                        PROVIDE (__init_array_end = .)
                0x08006910                        . = ALIGN (0x4)

.fini_array     0x08006910        0x4
                0x08006910                        . = ALIGN (0x4)
                [!provide]                        PROVIDE (__fini_array_start = .)
 *(SORT_BY_NAME(.fini_array.*))
 *(.fini_array*)
 .fini_array    0x08006910        0x4 C:/ST/STM32CubeIDE_2.1.1/STM32CubeIDE/plugins/com.st.stm32cube.ide.mcu.externaltools.gnu-tools-for-stm32.14.3.rel1.win32_1.0.100.202602081740/tools/bin/../lib/gcc/arm-none-eabi/14.3.1/thumb/v7e-m+fp/hard/crtbegin.o
                [!provide]                        PROVIDE (__fini_array_end = .)
                0x08006914                        . = ALIGN (0x4)
                0x08006914                        _sidata = LOADADDR (.data)

.rel.dyn        0x08006914        0x0
 .rel.iplt      0x08006914        0x0 C:/ST/STM32CubeIDE_2.1.1/STM32CubeIDE/plugins/com.st.stm32cube.ide.mcu.externaltools.gnu-tools-for-stm32.14.3.rel1.win32_1.0.100.202602081740/tools/bin/../lib/gcc/arm-none-eabi/14.3.1/thumb/v7e-m+fp/hard/crtbegin.o

.data           0x20000000       0x60 load address 0x08006914
                0x20000000                        . = ALIGN (0x4)
                0x20000000                        _sdata = .
 *(.data)
 *(.data*)
 .data.uxCriticalNesting
                0x20000000        0x4 ./Src/FreeRTOS/portable/GCC/ARM_CM4F/port.o
 .data.uwTickPrio
                0x20000004        0x4 ./Src/stm32f4xx_hal.o
                0x20000004                uwTickPrio
 .data.uwTickFreq
                0x20000008        0x1 ./Src/stm32f4xx_hal.o
                0x20000008                uwTickFreq
 *fill*         0x20000009        0x3 
 .data.SystemCoreClock
                0x2000000c        0x4 ./Src/system_stm32f4xx.o
                0x2000000c                SystemCoreClock
 .data._impure_ptr
                0x20000010        0x4 C:/ST/STM32CubeIDE_2.1.1/STM32CubeIDE/plugins/com.st.stm32cube.ide.mcu.externaltools.gnu-tools-for-stm32.14.3.rel1.win32_1.0.100.202602081740/tools/bin/../lib/gcc/arm-none-eabi/14.3.1/../../../../arm-none-eabi/lib/thumb/v7e-m+fp/hard\libc_nano.a(libc_a-impure.o)
                0x20000010                _impure_ptr
 .data._impure_data
                0x20000014       0x4c C:/ST/STM32CubeIDE_2.1.1/STM32CubeIDE/plugins/com.st.stm32cube.ide.mcu.externaltools.gnu-tools-for-stm32.14.3.rel1.win32_1.0.100.202602081740/tools/bin/../lib/gcc/arm-none-eabi/14.3.1/../../../../arm-none-eabi/lib/thumb/v7e-m+fp/hard\libc_nano.a(libc_a-impure.o)
                0x20000014                _impure_data
 *(.RamFunc)
 *(.RamFunc*)
                0x20000060                        . = ALIGN (0x4)
                0x20000060                        _edata = .

.igot.plt       0x20000060        0x0 load address 0x08006974
 .igot.plt      0x20000060        0x0 C:/ST/STM32CubeIDE_2.1.1/STM32CubeIDE/plugins/com.st.stm32cube.ide.mcu.externaltools.gnu-tools-for-stm32.14.3.rel1.win32_1.0.100.202602081740/tools/bin/../lib/gcc/arm-none-eabi/14.3.1/thumb/v7e-m+fp/hard/crtbegin.o
                0x20000060                        . = ALIGN (0x4)

.bss            0x20000060     0x2b58 load address 0x08006974
                0x20000060                        _sbss = .
                0x20000060                        __bss_start__ = _sbss
 *(.bss)
 .bss           0x20000060       0x1c C:/ST/STM32CubeIDE_2.1.1/STM32CubeIDE/plugins/com.st.stm32cube.ide.mcu.externaltools.gnu-tools-for-stm32.14.3.rel1.win32_1.0.100.202602081740/tools/bin/../lib/gcc/arm-none-eabi/14.3.1/thumb/v7e-m+fp/hard/crtbegin.o
 *(.bss*)
 .bss.pxCurrentTCB
                0x2000007c        0x4 ./Src/FreeRTOS/tasks.o
                0x2000007c                pxCurrentTCB
 .bss.pxReadyTasksLists
                0x20000080       0x64 ./Src/FreeRTOS/tasks.o
 .bss.xDelayedTaskList1
                0x200000e4       0x14 ./Src/FreeRTOS/tasks.o
 .bss.xDelayedTaskList2
                0x200000f8       0x14 ./Src/FreeRTOS/tasks.o
 .bss.pxDelayedTaskList
                0x2000010c        0x4 ./Src/FreeRTOS/tasks.o
 .bss.pxOverflowDelayedTaskList
                0x20000110        0x4 ./Src/FreeRTOS/tasks.o
 .bss.xPendingReadyList
                0x20000114       0x14 ./Src/FreeRTOS/tasks.o
 .bss.xTasksWaitingTermination
                0x20000128       0x14 ./Src/FreeRTOS/tasks.o
 .bss.uxDeletedTasksWaitingCleanUp
                0x2000013c        0x4 ./Src/FreeRTOS/tasks.o
 .bss.xSuspendedTaskList
                0x20000140       0x14 ./Src/FreeRTOS/tasks.o
 .bss.uxCurrentNumberOfTasks
                0x20000154        0x4 ./Src/FreeRTOS/tasks.o
 .bss.xTickCount
                0x20000158        0x4 ./Src/FreeRTOS/tasks.o
 .bss.uxTopReadyPriority
                0x2000015c        0x4 ./Src/FreeRTOS/tasks.o
 .bss.xSchedulerRunning
                0x20000160        0x4 ./Src/FreeRTOS/tasks.o
 .bss.xPendedTicks
                0x20000164        0x4 ./Src/FreeRTOS/tasks.o
 .bss.xYieldPendings
                0x20000168        0x4 ./Src/FreeRTOS/tasks.o
 .bss.xNumOfOverflows
                0x2000016c        0x4 ./Src/FreeRTOS/tasks.o
 .bss.uxTaskNumber
                0x20000170        0x4 ./Src/FreeRTOS/tasks.o
 .bss.xNextTaskUnblockTime
                0x20000174        0x4 ./Src/FreeRTOS/tasks.o
 .bss.xIdleTaskHandles
                0x20000178        0x4 ./Src/FreeRTOS/tasks.o
 .bss.uxSchedulerSuspended
                0x2000017c        0x4 ./Src/FreeRTOS/tasks.o
 .bss.ucHeap    0x20000180     0x2800 ./Src/FreeRTOS/portable/MemMang/heap_4.o
 .bss.xStart    0x20002980        0x8 ./Src/FreeRTOS/portable/MemMang/heap_4.o
 .bss.pxEnd     0x20002988        0x4 ./Src/FreeRTOS/portable/MemMang/heap_4.o
 .bss.xFreeBytesRemaining
                0x2000298c        0x4 ./Src/FreeRTOS/portable/MemMang/heap_4.o
 .bss.xMinimumEverFreeBytesRemaining
                0x20002990        0x4 ./Src/FreeRTOS/portable/MemMang/heap_4.o
 .bss.xNumberOfSuccessfulAllocations
                0x20002994        0x4 ./Src/FreeRTOS/portable/MemMang/heap_4.o
 .bss.xNumberOfSuccessfulFrees
                0x20002998        0x4 ./Src/FreeRTOS/portable/MemMang/heap_4.o
 .bss.huart2    0x2000299c       0x48 ./Src/main.o
                0x2000299c                huart2
 .bss.hdma_usart2_rx
                0x200029e4       0x60 ./Src/main.o
                0x200029e4                hdma_usart2_rx
 .bss.xSpeedQueue
                0x20002a44        0x4 ./Src/main.o
                0x20002a44                xSpeedQueue
 .bss.rx_buffer
                0x20002a48       0x20 ./Src/main.o
                0x20002a48                rx_buffer
 .bss.uwTick    0x20002a68        0x4 ./Src/stm32f4xx_hal.o
                0x20002a68                uwTick
 .bss.__sbrk_heap_end
                0x20002a6c        0x4 ./Src/sysmem.o
 .bss.__sf      0x20002a70      0x138 C:/ST/STM32CubeIDE_2.1.1/STM32CubeIDE/plugins/com.st.stm32cube.ide.mcu.externaltools.gnu-tools-for-stm32.14.3.rel1.win32_1.0.100.202602081740/tools/bin/../lib/gcc/arm-none-eabi/14.3.1/../../../../arm-none-eabi/lib/thumb/v7e-m+fp/hard\libc_nano.a(libc_a-findfp.o)
                0x20002a70                __sf
 .bss.errno     0x20002ba8        0x4 C:/ST/STM32CubeIDE_2.1.1/STM32CubeIDE/plugins/com.st.stm32cube.ide.mcu.externaltools.gnu-tools-for-stm32.14.3.rel1.win32_1.0.100.202602081740/tools/bin/../lib/gcc/arm-none-eabi/14.3.1/../../../../arm-none-eabi/lib/thumb/v7e-m+fp/hard\libc_nano.a(libc_a-reent.o)
                0x20002ba8                errno
 .bss.__lock___malloc_recursive_mutex
                0x20002bac        0x1 C:/ST/STM32CubeIDE_2.1.1/STM32CubeIDE/plugins/com.st.stm32cube.ide.mcu.externaltools.gnu-tools-for-stm32.14.3.rel1.win32_1.0.100.202602081740/tools/bin/../lib/gcc/arm-none-eabi/14.3.1/../../../../arm-none-eabi/lib/thumb/v7e-m+fp/hard\libc_nano.a(libc_a-lock.o)
                0x20002bac                __lock___malloc_recursive_mutex
 *fill*         0x20002bad        0x3 
 .bss.__malloc_sbrk_start
                0x20002bb0        0x4 C:/ST/STM32CubeIDE_2.1.1/STM32CubeIDE/plugins/com.st.stm32cube.ide.mcu.externaltools.gnu-tools-for-stm32.14.3.rel1.win32_1.0.100.202602081740/tools/bin/../lib/gcc/arm-none-eabi/14.3.1/../../../../arm-none-eabi/lib/thumb/v7e-m+fp/hard\libc_nano.a(libc_a-mallocr.o)
                0x20002bb0                __malloc_sbrk_start
 .bss.__malloc_free_list
                0x20002bb4        0x4 C:/ST/STM32CubeIDE_2.1.1/STM32CubeIDE/plugins/com.st.stm32cube.ide.mcu.externaltools.gnu-tools-for-stm32.14.3.rel1.win32_1.0.100.202602081740/tools/bin/../lib/gcc/arm-none-eabi/14.3.1/../../../../arm-none-eabi/lib/thumb/v7e-m+fp/hard\libc_nano.a(libc_a-mallocr.o)
                0x20002bb4                __malloc_free_list
 *(COMMON)
                0x20002bb8                        . = ALIGN (0x4)
                0x20002bb8                        _ebss = .
                0x20002bb8                        __bss_end__ = _ebss

._user_heap_stack
                0x20002bb8      0x600 load address 0x08006974
                0x20002bb8                        . = ALIGN (0x8)
                [!provide]                        PROVIDE (end = .)
                0x20002bb8                        PROVIDE (_end = .)
                0x20002db8                        . = (. + _Min_Heap_Size)
 *fill*         0x20002bb8      0x200 
                0x200031b8                        . = (. + _Min_Stack_Size)
 *fill*         0x20002db8      0x400 
                0x200031b8                        . = ALIGN (0x8)

/DISCARD/
 libc.a(*)
 libm.a(*)
 libgcc.a(*)

.ARM.attributes
                0x00000000       0x30
 *(.ARM.attributes)
 .ARM.attributes
                0x00000000       0x22 C:/ST/STM32CubeIDE_2.1.1/STM32CubeIDE/plugins/com.st.stm32cube.ide.mcu.externaltools.gnu-tools-for-stm32.14.3.rel1.win32_1.0.100.202602081740/tools/bin/../lib/gcc/arm-none-eabi/14.3.1/thumb/v7e-m+fp/hard/crti.o
 .ARM.attributes
                0x00000022       0x34 C:/ST/STM32CubeIDE_2.1.1/STM32CubeIDE/plugins/com.st.stm32cube.ide.mcu.externaltools.gnu-tools-for-stm32.14.3.rel1.win32_1.0.100.202602081740/tools/bin/../lib/gcc/arm-none-eabi/14.3.1/thumb/v7e-m+fp/hard/crtbegin.o
 .ARM.attributes
                0x00000056       0x34 ./Src/FreeRTOS/list.o
 .ARM.attributes
                0x0000008a       0x34 ./Src/FreeRTOS/queue.o
 .ARM.attributes
                0x000000be       0x34 ./Src/FreeRTOS/tasks.o
 .ARM.attributes
                0x000000f2       0x34 ./Src/FreeRTOS/portable/GCC/ARM_CM4F/port.o
 .ARM.attributes
                0x00000126       0x34 ./Src/FreeRTOS/portable/MemMang/heap_4.o
 .ARM.attributes
                0x0000015a       0x34 ./Src/main.o
 .ARM.attributes
                0x0000018e       0x34 ./Src/stm32f4xx_hal.o
 .ARM.attributes
                0x000001c2       0x34 ./Src/stm32f4xx_hal_cortex.o
 .ARM.attributes
                0x000001f6       0x34 ./Src/stm32f4xx_hal_dma.o
 .ARM.attributes
                0x0000022a       0x34 ./Src/stm32f4xx_hal_gpio.o
 .ARM.attributes
                0x0000025e       0x34 ./Src/stm32f4xx_hal_rcc.o
 .ARM.attributes
                0x00000292       0x34 ./Src/stm32f4xx_hal_uart.o
 .ARM.attributes
                0x000002c6       0x34 ./Src/sysmem.o
 .ARM.attributes
                0x000002fa       0x34 ./Src/system_stm32f4xx.o
 .ARM.attributes
                0x0000032e       0x21 ./Startup/startup_stm32f411retx.o
 .ARM.attributes
                0x0000034f       0x34 C:/ST/STM32CubeIDE_2.1.1/STM32CubeIDE/plugins/com.st.stm32cube.ide.mcu.externaltools.gnu-tools-for-stm32.14.3.rel1.win32_1.0.100.202602081740/tools/bin/../lib/gcc/arm-none-eabi/14.3.1/../../../../arm-none-eabi/lib/thumb/v7e-m+fp/hard\libc_nano.a(libc_a-ctype_.o)
 .ARM.attributes
                0x00000383       0x34 C:/ST/STM32CubeIDE_2.1.1/STM32CubeIDE/plugins/com.st.stm32cube.ide.mcu.externaltools.gnu-tools-for-stm32.14.3.rel1.win32_1.0.100.202602081740/tools/bin/../lib/gcc/arm-none-eabi/14.3.1/../../../../arm-none-eabi/lib/thumb/v7e-m+fp/hard\libc_nano.a(libc_a-findfp.o)
 .ARM.attributes
                0x000003b7       0x34 C:/ST/STM32CubeIDE_2.1.1/STM32CubeIDE/plugins/com.st.stm32cube.ide.mcu.externaltools.gnu-tools-for-stm32.14.3.rel1.win32_1.0.100.202602081740/tools/bin/../lib/gcc/arm-none-eabi/14.3.1/../../../../arm-none-eabi/lib/thumb/v7e-m+fp/hard\libc_nano.a(libc_a-sprintf.o)
 .ARM.attributes
                0x000003eb       0x34 C:/ST/STM32CubeIDE_2.1.1/STM32CubeIDE/plugins/com.st.stm32cube.ide.mcu.externaltools.gnu-tools-for-stm32.14.3.rel1.win32_1.0.100.202602081740/tools/bin/../lib/gcc/arm-none-eabi/14.3.1/../../../../arm-none-eabi/lib/thumb/v7e-m+fp/hard\libc_nano.a(libc_a-sscanf.o)
 .ARM.attributes
                0x0000041f       0x34 C:/ST/STM32CubeIDE_2.1.1/STM32CubeIDE/plugins/com.st.stm32cube.ide.mcu.externaltools.gnu-tools-for-stm32.14.3.rel1.win32_1.0.100.202602081740/tools/bin/../lib/gcc/arm-none-eabi/14.3.1/../../../../arm-none-eabi/lib/thumb/v7e-m+fp/hard\libc_nano.a(libc_a-stdio.o)
 .ARM.attributes
                0x00000453       0x34 C:/ST/STM32CubeIDE_2.1.1/STM32CubeIDE/plugins/com.st.stm32cube.ide.mcu.externaltools.gnu-tools-for-stm32.14.3.rel1.win32_1.0.100.202602081740/tools/bin/../lib/gcc/arm-none-eabi/14.3.1/../../../../arm-none-eabi/lib/thumb/v7e-m+fp/hard\libc_nano.a(libc_a-memset.o)
 .ARM.attributes
                0x00000487       0x34 C:/ST/STM32CubeIDE_2.1.1/STM32CubeIDE/plugins/com.st.stm32cube.ide.mcu.externaltools.gnu-tools-for-stm32.14.3.rel1.win32_1.0.100.202602081740/tools/bin/../lib/gcc/arm-none-eabi/14.3.1/../../../../arm-none-eabi/lib/thumb/v7e-m+fp/hard\libc_nano.a(libc_a-reent.o)
 .ARM.attributes
                0x000004bb       0x34 C:/ST/STM32CubeIDE_2.1.1/STM32CubeIDE/plugins/com.st.stm32cube.ide.mcu.externaltools.gnu-tools-for-stm32.14.3.rel1.win32_1.0.100.202602081740/tools/bin/../lib/gcc/arm-none-eabi/14.3.1/../../../../arm-none-eabi/lib/thumb/v7e-m+fp/hard\libc_nano.a(libc_a-impure.o)
 .ARM.attributes
                0x000004ef       0x34 C:/ST/STM32CubeIDE_2.1.1/STM32CubeIDE/plugins/com.st.stm32cube.ide.mcu.externaltools.gnu-tools-for-stm32.14.3.rel1.win32_1.0.100.202602081740/tools/bin/../lib/gcc/arm-none-eabi/14.3.1/../../../../arm-none-eabi/lib/thumb/v7e-m+fp/hard\libc_nano.a(libc_a-errno.o)
 .ARM.attributes
                0x00000523       0x34 C:/ST/STM32CubeIDE_2.1.1/STM32CubeIDE/plugins/com.st.stm32cube.ide.mcu.externaltools.gnu-tools-for-stm32.14.3.rel1.win32_1.0.100.202602081740/tools/bin/../lib/gcc/arm-none-eabi/14.3.1/../../../../arm-none-eabi/lib/thumb/v7e-m+fp/hard\libc_nano.a(libc_a-init.o)
 .ARM.attributes
                0x00000557       0x34 C:/ST/STM32CubeIDE_2.1.1/STM32CubeIDE/plugins/com.st.stm32cube.ide.mcu.externaltools.gnu-tools-for-stm32.14.3.rel1.win32_1.0.100.202602081740/tools/bin/../lib/gcc/arm-none-eabi/14.3.1/../../../../arm-none-eabi/lib/thumb/v7e-m+fp/hard\libc_nano.a(libc_a-lock.o)
 .ARM.attributes
                0x0000058b       0x34 C:/ST/STM32CubeIDE_2.1.1/STM32CubeIDE/plugins/com.st.stm32cube.ide.mcu.externaltools.gnu-tools-for-stm32.14.3.rel1.win32_1.0.100.202602081740/tools/bin/../lib/gcc/arm-none-eabi/14.3.1/../../../../arm-none-eabi/lib/thumb/v7e-m+fp/hard\libc_nano.a(libc_a-memcpy-stub.o)
 .ARM.attributes
                0x000005bf       0x17 C:/ST/STM32CubeIDE_2.1.1/STM32CubeIDE/plugins/com.st.stm32cube.ide.mcu.externaltools.gnu-tools-for-stm32.14.3.rel1.win32_1.0.100.202602081740/tools/bin/../lib/gcc/arm-none-eabi/14.3.1/../../../../arm-none-eabi/lib/thumb/v7e-m+fp/hard\libc_nano.a(libc_a-strlen.o)
 .ARM.attributes
                0x000005d6       0x34 C:/ST/STM32CubeIDE_2.1.1/STM32CubeIDE/plugins/com.st.stm32cube.ide.mcu.externaltools.gnu-tools-for-stm32.14.3.rel1.win32_1.0.100.202602081740/tools/bin/../lib/gcc/arm-none-eabi/14.3.1/../../../../arm-none-eabi/lib/thumb/v7e-m+fp/hard\libc_nano.a(libc_a-freer.o)
 .ARM.attributes
                0x0000060a       0x34 C:/ST/STM32CubeIDE_2.1.1/STM32CubeIDE/plugins/com.st.stm32cube.ide.mcu.externaltools.gnu-tools-for-stm32.14.3.rel1.win32_1.0.100.202602081740/tools/bin/../lib/gcc/arm-none-eabi/14.3.1/../../../../arm-none-eabi/lib/thumb/v7e-m+fp/hard\libc_nano.a(libc_a-mallocr.o)
 .ARM.attributes
                0x0000063e       0x34 C:/ST/STM32CubeIDE_2.1.1/STM32CubeIDE/plugins/com.st.stm32cube.ide.mcu.externaltools.gnu-tools-for-stm32.14.3.rel1.win32_1.0.100.202602081740/tools/bin/../lib/gcc/arm-none-eabi/14.3.1/../../../../arm-none-eabi/lib/thumb/v7e-m+fp/hard\libc_nano.a(libc_a-mlock.o)
 .ARM.attributes
                0x00000672       0x34 C:/ST/STM32CubeIDE_2.1.1/STM32CubeIDE/plugins/com.st.stm32cube.ide.mcu.externaltools.gnu-tools-for-stm32.14.3.rel1.win32_1.0.100.202602081740/tools/bin/../lib/gcc/arm-none-eabi/14.3.1/../../../../arm-none-eabi/lib/thumb/v7e-m+fp/hard\libc_nano.a(libc_a-nano-svfprintf.o)
 .ARM.attributes
                0x000006a6       0x34 C:/ST/STM32CubeIDE_2.1.1/STM32CubeIDE/plugins/com.st.stm32cube.ide.mcu.externaltools.gnu-tools-for-stm32.14.3.rel1.win32_1.0.100.202602081740/tools/bin/../lib/gcc/arm-none-eabi/14.3.1/../../../../arm-none-eabi/lib/thumb/v7e-m+fp/hard\libc_nano.a(libc_a-nano-svfscanf.o)
 .ARM.attributes
                0x000006da       0x34 C:/ST/STM32CubeIDE_2.1.1/STM32CubeIDE/plugins/com.st.stm32cube.ide.mcu.externaltools.gnu-tools-for-stm32.14.3.rel1.win32_1.0.100.202602081740/tools/bin/../lib/gcc/arm-none-eabi/14.3.1/../../../../arm-none-eabi/lib/thumb/v7e-m+fp/hard\libc_nano.a(libc_a-nano-vfprintf_i.o)
 .ARM.attributes
                0x0000070e       0x34 C:/ST/STM32CubeIDE_2.1.1/STM32CubeIDE/plugins/com.st.stm32cube.ide.mcu.externaltools.gnu-tools-for-stm32.14.3.rel1.win32_1.0.100.202602081740/tools/bin/../lib/gcc/arm-none-eabi/14.3.1/../../../../arm-none-eabi/lib/thumb/v7e-m+fp/hard\libc_nano.a(libc_a-nano-vfscanf_i.o)
 .ARM.attributes
                0x00000742       0x34 C:/ST/STM32CubeIDE_2.1.1/STM32CubeIDE/plugins/com.st.stm32cube.ide.mcu.externaltools.gnu-tools-for-stm32.14.3.rel1.win32_1.0.100.202602081740/tools/bin/../lib/gcc/arm-none-eabi/14.3.1/../../../../arm-none-eabi/lib/thumb/v7e-m+fp/hard\libc_nano.a(libc_a-sccl.o)
 .ARM.attributes
                0x00000776       0x34 C:/ST/STM32CubeIDE_2.1.1/STM32CubeIDE/plugins/com.st.stm32cube.ide.mcu.externaltools.gnu-tools-for-stm32.14.3.rel1.win32_1.0.100.202602081740/tools/bin/../lib/gcc/arm-none-eabi/14.3.1/../../../../arm-none-eabi/lib/thumb/v7e-m+fp/hard\libc_nano.a(libc_a-ungetc.o)
 .ARM.attributes
                0x000007aa       0x34 C:/ST/STM32CubeIDE_2.1.1/STM32CubeIDE/plugins/com.st.stm32cube.ide.mcu.externaltools.gnu-tools-for-stm32.14.3.rel1.win32_1.0.100.202602081740/tools/bin/../lib/gcc/arm-none-eabi/14.3.1/../../../../arm-none-eabi/lib/thumb/v7e-m+fp/hard\libc_nano.a(libc_a-memmove.o)
 .ARM.attributes
                0x000007de       0x34 C:/ST/STM32CubeIDE_2.1.1/STM32CubeIDE/plugins/com.st.stm32cube.ide.mcu.externaltools.gnu-tools-for-stm32.14.3.rel1.win32_1.0.100.202602081740/tools/bin/../lib/gcc/arm-none-eabi/14.3.1/../../../../arm-none-eabi/lib/thumb/v7e-m+fp/hard\libc_nano.a(libc_a-sbrkr.o)
 .ARM.attributes
                0x00000812       0x1c C:/ST/STM32CubeIDE_2.1.1/STM32CubeIDE/plugins/com.st.stm32cube.ide.mcu.externaltools.gnu-tools-for-stm32.14.3.rel1.win32_1.0.100.202602081740/tools/bin/../lib/gcc/arm-none-eabi/14.3.1/../../../../arm-none-eabi/lib/thumb/v7e-m+fp/hard\libc_nano.a(libc_a-memchr.o)
 .ARM.attributes
                0x0000082e       0x34 C:/ST/STM32CubeIDE_2.1.1/STM32CubeIDE/plugins/com.st.stm32cube.ide.mcu.externaltools.gnu-tools-for-stm32.14.3.rel1.win32_1.0.100.202602081740/tools/bin/../lib/gcc/arm-none-eabi/14.3.1/../../../../arm-none-eabi/lib/thumb/v7e-m+fp/hard\libc_nano.a(libc_a-reallocr.o)
 .ARM.attributes
                0x00000862       0x34 C:/ST/STM32CubeIDE_2.1.1/STM32CubeIDE/plugins/com.st.stm32cube.ide.mcu.externaltools.gnu-tools-for-stm32.14.3.rel1.win32_1.0.100.202602081740/tools/bin/../lib/gcc/arm-none-eabi/14.3.1/../../../../arm-none-eabi/lib/thumb/v7e-m+fp/hard\libc_nano.a(libc_a-strtol.o)
 .ARM.attributes
                0x00000896       0x34 C:/ST/STM32CubeIDE_2.1.1/STM32CubeIDE/plugins/com.st.stm32cube.ide.mcu.externaltools.gnu-tools-for-stm32.14.3.rel1.win32_1.0.100.202602081740/tools/bin/../lib/gcc/arm-none-eabi/14.3.1/../../../../arm-none-eabi/lib/thumb/v7e-m+fp/hard\libc_nano.a(libc_a-strtoul.o)
 .ARM.attributes
                0x000008ca       0x34 C:/ST/STM32CubeIDE_2.1.1/STM32CubeIDE/plugins/com.st.stm32cube.ide.mcu.externaltools.gnu-tools-for-stm32.14.3.rel1.win32_1.0.100.202602081740/tools/bin/../lib/gcc/arm-none-eabi/14.3.1/../../../../arm-none-eabi/lib/thumb/v7e-m+fp/hard\libc_nano.a(libc_a-msizer.o)
 .ARM.attributes
                0x000008fe       0x22 C:/ST/STM32CubeIDE_2.1.1/STM32CubeIDE/plugins/com.st.stm32cube.ide.mcu.externaltools.gnu-tools-for-stm32.14.3.rel1.win32_1.0.100.202602081740/tools/bin/../lib/gcc/arm-none-eabi/14.3.1/thumb/v7e-m+fp/hard\libgcc.a(_aeabi_uldivmod.o)
 .ARM.attributes
                0x00000920       0x34 C:/ST/STM32CubeIDE_2.1.1/STM32CubeIDE/plugins/com.st.stm32cube.ide.mcu.externaltools.gnu-tools-for-stm32.14.3.rel1.win32_1.0.100.202602081740/tools/bin/../lib/gcc/arm-none-eabi/14.3.1/thumb/v7e-m+fp/hard\libgcc.a(_udivmoddi4.o)
 .ARM.attributes
                0x00000954       0x22 C:/ST/STM32CubeIDE_2.1.1/STM32CubeIDE/plugins/com.st.stm32cube.ide.mcu.externaltools.gnu-tools-for-stm32.14.3.rel1.win32_1.0.100.202602081740/tools/bin/../lib/gcc/arm-none-eabi/14.3.1/thumb/v7e-m+fp/hard\libgcc.a(_dvmd_tls.o)
 .ARM.attributes
                0x00000976       0x22 C:/ST/STM32CubeIDE_2.1.1/STM32CubeIDE/plugins/com.st.stm32cube.ide.mcu.externaltools.gnu-tools-for-stm32.14.3.rel1.win32_1.0.100.202602081740/tools/bin/../lib/gcc/arm-none-eabi/14.3.1/thumb/v7e-m+fp/hard/crtn.o
OUTPUT(RTOS_PID_MOTOR_C5_QUEUE_UART.elf elf32-littlearm)
LOAD linker stubs
LOAD C:/ST/STM32CubeIDE_2.1.1/STM32CubeIDE/plugins/com.st.stm32cube.ide.mcu.externaltools.gnu-tools-for-stm32.14.3.rel1.win32_1.0.100.202602081740/tools/bin/../lib/gcc/arm-none-eabi/14.3.1/../../../../arm-none-eabi/lib/thumb/v7e-m+fp/hard\libc.a
LOAD C:/ST/STM32CubeIDE_2.1.1/STM32CubeIDE/plugins/com.st.stm32cube.ide.mcu.externaltools.gnu-tools-for-stm32.14.3.rel1.win32_1.0.100.202602081740/tools/bin/../lib/gcc/arm-none-eabi/14.3.1/../../../../arm-none-eabi/lib/thumb/v7e-m+fp/hard\libm.a
LOAD C:/ST/STM32CubeIDE_2.1.1/STM32CubeIDE/plugins/com.st.stm32cube.ide.mcu.externaltools.gnu-tools-for-stm32.14.3.rel1.win32_1.0.100.202602081740/tools/bin/../lib/gcc/arm-none-eabi/14.3.1/thumb/v7e-m+fp/hard\libgcc.a

.debug_info     0x00000000     0xade4
 .debug_info    0x00000000      0x2aa ./Src/FreeRTOS/list.o
 .debug_info    0x000002aa     0x1179 ./Src/FreeRTOS/queue.o
 .debug_info    0x00001423     0x1b7e ./Src/FreeRTOS/tasks.o
 .debug_info    0x00002fa1      0x32b ./Src/FreeRTOS/portable/GCC/ARM_CM4F/port.o
 .debug_info    0x000032cc      0x4b5 ./Src/FreeRTOS/portable/MemMang/heap_4.o
 .debug_info    0x00003781     0x11e2 ./Src/main.o
 .debug_info    0x00004963      0x8c4 ./Src/stm32f4xx_hal.o
 .debug_info    0x00005227      0xcc7 ./Src/stm32f4xx_hal_cortex.o
 .debug_info    0x00005eee      0x8e6 ./Src/stm32f4xx_hal_dma.o
 .debug_info    0x000067d4      0x6f9 ./Src/stm32f4xx_hal_gpio.o
 .debug_info    0x00006ecd      0x8f2 ./Src/stm32f4xx_hal_rcc.o
 .debug_info    0x000077bf     0x2f56 ./Src/stm32f4xx_hal_uart.o
 .debug_info    0x0000a715      0x168 ./Src/sysmem.o
 .debug_info    0x0000a87d      0x537 ./Src/system_stm32f4xx.o
 .debug_info    0x0000adb4       0x30 ./Startup/startup_stm32f411retx.o

.debug_abbrev   0x00000000     0x1f35
 .debug_abbrev  0x00000000       0xee ./Src/FreeRTOS/list.o
 .debug_abbrev  0x000000ee      0x2bd ./Src/FreeRTOS/queue.o
 .debug_abbrev  0x000003ab      0x379 ./Src/FreeRTOS/tasks.o
 .debug_abbrev  0x00000724      0x21f ./Src/FreeRTOS/portable/GCC/ARM_CM4F/port.o
 .debug_abbrev  0x00000943      0x1f3 ./Src/FreeRTOS/portable/MemMang/heap_4.o
 .debug_abbrev  0x00000b36      0x2ce ./Src/main.o
 .debug_abbrev  0x00000e04      0x24b ./Src/stm32f4xx_hal.o
 .debug_abbrev  0x0000104f      0x328 ./Src/stm32f4xx_hal_cortex.o
 .debug_abbrev  0x00001377      0x221 ./Src/stm32f4xx_hal_dma.o
 .debug_abbrev  0x00001598      0x1d3 ./Src/stm32f4xx_hal_gpio.o
 .debug_abbrev  0x0000176b      0x2b5 ./Src/stm32f4xx_hal_rcc.o
 .debug_abbrev  0x00001a20      0x31b ./Src/stm32f4xx_hal_uart.o
 .debug_abbrev  0x00001d3b       0xbc ./Src/sysmem.o
 .debug_abbrev  0x00001df7      0x11a ./Src/system_stm32f4xx.o
 .debug_abbrev  0x00001f11       0x24 ./Startup/startup_stm32f411retx.o

.debug_aranges  0x00000000      0xa50
 .debug_aranges
                0x00000000       0x40 ./Src/FreeRTOS/list.o
 .debug_aranges
                0x00000040      0x108 ./Src/FreeRTOS/queue.o
 .debug_aranges
                0x00000148      0x1b8 ./Src/FreeRTOS/tasks.o
 .debug_aranges
                0x00000300       0x78 ./Src/FreeRTOS/portable/GCC/ARM_CM4F/port.o
 .debug_aranges
                0x00000378       0x68 ./Src/FreeRTOS/portable/MemMang/heap_4.o
 .debug_aranges
                0x000003e0       0x78 ./Src/main.o
 .debug_aranges
                0x00000458       0xf0 ./Src/stm32f4xx_hal.o
 .debug_aranges
                0x00000548      0x120 ./Src/stm32f4xx_hal_cortex.o
 .debug_aranges
                0x00000668       0x90 ./Src/stm32f4xx_hal_dma.o
 .debug_aranges
                0x000006f8       0x58 ./Src/stm32f4xx_hal_gpio.o
 .debug_aranges
                0x00000750       0x88 ./Src/stm32f4xx_hal_rcc.o
 .debug_aranges
                0x000007d8      0x208 ./Src/stm32f4xx_hal_uart.o
 .debug_aranges
                0x000009e0       0x20 ./Src/sysmem.o
 .debug_aranges
                0x00000a00       0x28 ./Src/system_stm32f4xx.o
 .debug_aranges
                0x00000a28       0x28 ./Startup/startup_stm32f411retx.o

.debug_rnglists
                0x00000000      0x7f6
 .debug_rnglists
                0x00000000       0x2b ./Src/FreeRTOS/list.o
 .debug_rnglists
                0x0000002b       0xcb ./Src/FreeRTOS/queue.o
 .debug_rnglists
                0x000000f6      0x16c ./Src/FreeRTOS/tasks.o
 .debug_rnglists
                0x00000262       0x55 ./Src/FreeRTOS/portable/GCC/ARM_CM4F/port.o
 .debug_rnglists
                0x000002b7       0x4d ./Src/FreeRTOS/portable/MemMang/heap_4.o
 .debug_rnglists
                0x00000304       0x58 ./Src/main.o
 .debug_rnglists
                0x0000035c       0xaf ./Src/stm32f4xx_hal.o
 .debug_rnglists
                0x0000040b       0xd4 ./Src/stm32f4xx_hal_cortex.o
 .debug_rnglists
                0x000004df       0x70 ./Src/stm32f4xx_hal_dma.o
 .debug_rnglists
                0x0000054f       0x3f ./Src/stm32f4xx_hal_gpio.o
 .debug_rnglists
                0x0000058e       0x66 ./Src/stm32f4xx_hal_rcc.o
 .debug_rnglists
                0x000005f4      0x1bc ./Src/stm32f4xx_hal_uart.o
 .debug_rnglists
                0x000007b0       0x13 ./Src/sysmem.o
 .debug_rnglists
                0x000007c3       0x1a ./Src/system_stm32f4xx.o
 .debug_rnglists
                0x000007dd       0x19 ./Startup/startup_stm32f411retx.o

.debug_macro    0x00000000    0x1cdf4
 .debug_macro   0x00000000      0x1a2 ./Src/FreeRTOS/list.o
 .debug_macro   0x000001a2      0xae4 ./Src/FreeRTOS/list.o
 .debug_macro   0x00000c86       0x2a ./Src/FreeRTOS/list.o
 .debug_macro   0x00000cb0       0x22 ./Src/FreeRTOS/list.o
 .debug_macro   0x00000cd2       0x5b ./Src/FreeRTOS/list.o
 .debug_macro   0x00000d2d       0x94 ./Src/FreeRTOS/list.o
 .debug_macro   0x00000dc1       0x43 ./Src/FreeRTOS/list.o
 .debug_macro   0x00000e04       0x34 ./Src/FreeRTOS/list.o
 .debug_macro   0x00000e38       0x16 ./Src/FreeRTOS/list.o
 .debug_macro   0x00000e4e      0x11c ./Src/FreeRTOS/list.o
 .debug_macro   0x00000f6a       0x9b ./Src/FreeRTOS/list.o
 .debug_macro   0x00001005       0x57 ./Src/FreeRTOS/list.o
 .debug_macro   0x0000105c      0x364 ./Src/FreeRTOS/list.o
 .debug_macro   0x000013c0       0x16 ./Src/FreeRTOS/list.o
 .debug_macro   0x000013d6       0x4a ./Src/FreeRTOS/list.o
 .debug_macro   0x00001420       0x34 ./Src/FreeRTOS/list.o
 .debug_macro   0x00001454       0x10 ./Src/FreeRTOS/list.o
 .debug_macro   0x00001464       0x58 ./Src/FreeRTOS/list.o
 .debug_macro   0x000014bc       0x8e ./Src/FreeRTOS/list.o
 .debug_macro   0x0000154a       0x1c ./Src/FreeRTOS/list.o
 .debug_macro   0x00001566      0x17e ./Src/FreeRTOS/list.o
 .debug_macro   0x000016e4       0x16 ./Src/FreeRTOS/list.o
 .debug_macro   0x000016fa       0x29 ./Src/FreeRTOS/list.o
 .debug_macro   0x00001723      0x103 ./Src/FreeRTOS/list.o
 .debug_macro   0x00001826       0x6a ./Src/FreeRTOS/list.o
 .debug_macro   0x00001890      0x1df ./Src/FreeRTOS/list.o
 .debug_macro   0x00001a6f       0x16 ./Src/FreeRTOS/list.o
 .debug_macro   0x00001a85       0xca ./Src/FreeRTOS/list.o
 .debug_macro   0x00001b4f       0x1c ./Src/FreeRTOS/list.o
 .debug_macro   0x00001b6b      0x182 ./Src/FreeRTOS/list.o
 .debug_macro   0x00001ced       0xe7 ./Src/FreeRTOS/list.o
 .debug_macro   0x00001dd4       0x2e ./Src/FreeRTOS/list.o
 .debug_macro   0x00001e02       0x1f ./Src/FreeRTOS/list.o
 .debug_macro   0x00001e21       0x12 ./Src/FreeRTOS/list.o
 .debug_macro   0x00001e33     0x1112 ./Src/FreeRTOS/list.o
 .debug_macro   0x00002f45       0xc3 ./Src/FreeRTOS/list.o
 .debug_macro   0x00003008      0x239 ./Src/FreeRTOS/queue.o
 .debug_macro   0x00003241       0x16 ./Src/FreeRTOS/queue.o
 .debug_macro   0x00003257       0x3c ./Src/FreeRTOS/queue.o
 .debug_macro   0x00003293       0x20 ./Src/FreeRTOS/queue.o
 .debug_macro   0x000032b3      0x14f ./Src/FreeRTOS/queue.o
 .debug_macro   0x00003402       0x80 ./Src/FreeRTOS/queue.o
 .debug_macro   0x00003482      0x2bf ./Src/FreeRTOS/tasks.o
 .debug_macro   0x00003741       0x98 ./Src/FreeRTOS/tasks.o
 .debug_macro   0x000037d9       0x16 ./Src/FreeRTOS/tasks.o
 .debug_macro   0x000037ef      0x1cf ./Src/FreeRTOS/portable/GCC/ARM_CM4F/port.o
 .debug_macro   0x000039be      0x190 ./Src/FreeRTOS/portable/GCC/ARM_CM4F/port.o
 .debug_macro   0x00003b4e       0x8e ./Src/FreeRTOS/portable/GCC/ARM_CM4F/port.o
 .debug_macro   0x00003bdc       0x51 ./Src/FreeRTOS/portable/GCC/ARM_CM4F/port.o
 .debug_macro   0x00003c2d      0x237 ./Src/FreeRTOS/portable/MemMang/heap_4.o
 .debug_macro   0x00003e64      0x575 ./Src/main.o
 .debug_macro   0x000043d9      0x3b5 ./Src/main.o
 .debug_macro   0x0000478e       0x28 ./Src/main.o
 .debug_macro   0x000047b6       0x28 ./Src/main.o
 .debug_macro   0x000047de       0x1c ./Src/main.o
 .debug_macro   0x000047fa       0x22 ./Src/main.o
 .debug_macro   0x0000481c       0xfb ./Src/main.o
 .debug_macro   0x00004917     0x1011 ./Src/main.o
 .debug_macro   0x00005928      0x11f ./Src/main.o
 .debug_macro   0x00005a47     0xb953 ./Src/main.o
 .debug_macro   0x0001139a       0x6d ./Src/main.o
 .debug_macro   0x00011407     0x368c ./Src/main.o
 .debug_macro   0x00014a93       0x5c ./Src/main.o
 .debug_macro   0x00014aef      0x45c ./Src/main.o
 .debug_macro   0x00014f4b      0x9e9 ./Src/main.o
 .debug_macro   0x00015934      0x115 ./Src/main.o
 .debug_macro   0x00015a49      0x11b ./Src/main.o
 .debug_macro   0x00015b64       0xa5 ./Src/main.o
 .debug_macro   0x00015c09      0x15f ./Src/main.o
 .debug_macro   0x00015d68      0x287 ./Src/main.o
 .debug_macro   0x00015fef       0x5f ./Src/main.o
 .debug_macro   0x0001604e      0x236 ./Src/main.o
 .debug_macro   0x00016284      0x9e1 ./Src/main.o
 .debug_macro   0x00016c65      0x38b ./Src/main.o
 .debug_macro   0x00016ff0      0x17d ./Src/main.o
 .debug_macro   0x0001716d       0xf9 ./Src/main.o
 .debug_macro   0x00017266       0x22 ./Src/main.o
 .debug_macro   0x00017288      0x132 ./Src/main.o
 .debug_macro   0x000173ba      0x264 ./Src/main.o
 .debug_macro   0x0001761e       0x2e ./Src/main.o
 .debug_macro   0x0001764c      0x1b5 ./Src/main.o
 .debug_macro   0x00017801       0x22 ./Src/main.o
 .debug_macro   0x00017823       0xd6 ./Src/main.o
 .debug_macro   0x000178f9      0x279 ./Src/main.o
 .debug_macro   0x00017b72      0x1a7 ./Src/main.o
 .debug_macro   0x00017d19       0x46 ./Src/main.o
 .debug_macro   0x00017d5f       0x4a ./Src/main.o
 .debug_macro   0x00017da9       0x78 ./Src/main.o
 .debug_macro   0x00017e21      0x127 ./Src/main.o
 .debug_macro   0x00017f48       0x85 ./Src/main.o
 .debug_macro   0x00017fcd       0x89 ./Src/main.o
 .debug_macro   0x00018056      0x305 ./Src/main.o
 .debug_macro   0x0001835b      0x429 ./Src/main.o
 .debug_macro   0x00018784       0xeb ./Src/main.o
 .debug_macro   0x0001886f      0x868 ./Src/main.o
 .debug_macro   0x000190d7      0x1d5 ./Src/main.o
 .debug_macro   0x000192ac      0x225 ./Src/main.o
 .debug_macro   0x000194d1      0x8ed ./Src/main.o
 .debug_macro   0x00019dbe       0x47 ./Src/main.o
 .debug_macro   0x00019e05      0x2aa ./Src/main.o
 .debug_macro   0x0001a0af      0x217 ./Src/main.o
 .debug_macro   0x0001a2c6      0x1b5 ./Src/main.o
 .debug_macro   0x0001a47b      0x2db ./Src/main.o
 .debug_macro   0x0001a756       0x8d ./Src/main.o
 .debug_macro   0x0001a7e3      0x293 ./Src/main.o
 .debug_macro   0x0001aa76       0xba ./Src/main.o
 .debug_macro   0x0001ab30       0x9e ./Src/main.o
 .debug_macro   0x0001abce      0x1f7 ./Src/main.o
 .debug_macro   0x0001adc5      0x126 ./Src/main.o
 .debug_macro   0x0001aeeb       0x61 ./Src/main.o
 .debug_macro   0x0001af4c       0x10 ./Src/main.o
 .debug_macro   0x0001af5c       0x1c ./Src/main.o
 .debug_macro   0x0001af78       0x10 ./Src/main.o
 .debug_macro   0x0001af88       0x1c ./Src/main.o
 .debug_macro   0x0001afa4       0x16 ./Src/main.o
 .debug_macro   0x0001afba      0x146 ./Src/main.o
 .debug_macro   0x0001b100      0x11f ./Src/main.o
 .debug_macro   0x0001b21f      0x43a ./Src/stm32f4xx_hal.o
 .debug_macro   0x0001b659      0x3da ./Src/stm32f4xx_hal_cortex.o
 .debug_macro   0x0001ba33      0x3e0 ./Src/stm32f4xx_hal_dma.o
 .debug_macro   0x0001be13      0x3e0 ./Src/stm32f4xx_hal_gpio.o
 .debug_macro   0x0001c1f3      0x3fe ./Src/stm32f4xx_hal_rcc.o
 .debug_macro   0x0001c5f1      0x3db ./Src/stm32f4xx_hal_uart.o
 .debug_macro   0x0001c9cc      0x112 ./Src/sysmem.o
 .debug_macro   0x0001cade      0x23c ./Src/sysmem.o
 .debug_macro   0x0001cd1a       0xda ./Src/system_stm32f4xx.o

.debug_line     0x00000000     0xe9d1
 .debug_line    0x00000000      0x82e ./Src/FreeRTOS/list.o
 .debug_line    0x0000082e     0x1126 ./Src/FreeRTOS/queue.o
 .debug_line    0x00001954     0x1773 ./Src/FreeRTOS/tasks.o
 .debug_line    0x000030c7      0x7d6 ./Src/FreeRTOS/portable/GCC/ARM_CM4F/port.o
 .debug_line    0x0000389d      0xa82 ./Src/FreeRTOS/portable/MemMang/heap_4.o
 .debug_line    0x0000431f     0x1289 ./Src/main.o
 .debug_line    0x000055a8      0xffa ./Src/stm32f4xx_hal.o
 .debug_line    0x000065a2     0x129d ./Src/stm32f4xx_hal_cortex.o
 .debug_line    0x0000783f     0x1563 ./Src/stm32f4xx_hal_dma.o
 .debug_line    0x00008da2     0x1110 ./Src/stm32f4xx_hal_gpio.o
 .debug_line    0x00009eb2     0x13ec ./Src/stm32f4xx_hal_rcc.o
 .debug_line    0x0000b29e     0x2b06 ./Src/stm32f4xx_hal_uart.o
 .debug_line    0x0000dda4      0x588 ./Src/sysmem.o
 .debug_line    0x0000e32c      0x62a ./Src/system_stm32f4xx.o
 .debug_line    0x0000e956       0x7b ./Startup/startup_stm32f411retx.o

.debug_str      0x00000000    0xbf465
 .debug_str     0x00000000    0xbf465 ./Src/FreeRTOS/list.o
                              0x109d7 (size before relaxing)
 .debug_str     0x000bf465    0x1317f ./Src/FreeRTOS/queue.o
 .debug_str     0x000bf465    0x140c6 ./Src/FreeRTOS/tasks.o
 .debug_str     0x000bf465     0xf3e0 ./Src/FreeRTOS/portable/GCC/ARM_CM4F/port.o
 .debug_str     0x000bf465    0x1252c ./Src/FreeRTOS/portable/MemMang/heap_4.o
 .debug_str     0x000bf465    0xba21e ./Src/main.o
 .debug_str     0x000bf465    0xaaf60 ./Src/stm32f4xx_hal.o
 .debug_str     0x000bf465    0xaac98 ./Src/stm32f4xx_hal_cortex.o
 .debug_str     0x000bf465    0xaa93c ./Src/stm32f4xx_hal_dma.o
 .debug_str     0x000bf465    0xaa6af ./Src/stm32f4xx_hal_gpio.o
 .debug_str     0x000bf465    0xaa968 ./Src/stm32f4xx_hal_rcc.o
 .debug_str     0x000bf465    0xaaf37 ./Src/stm32f4xx_hal_uart.o
 .debug_str     0x000bf465     0x7753 ./Src/sysmem.o
 .debug_str     0x000bf465    0x50025 ./Src/system_stm32f4xx.o
 .debug_str     0x000bf465       0xba ./Startup/startup_stm32f411retx.o

.comment        0x00000000       0x43
 .comment       0x00000000       0x43 ./Src/FreeRTOS/list.o
                                 0x44 (size before relaxing)
 .comment       0x00000043       0x44 ./Src/FreeRTOS/queue.o
 .comment       0x00000043       0x44 ./Src/FreeRTOS/tasks.o
 .comment       0x00000043       0x44 ./Src/FreeRTOS/portable/GCC/ARM_CM4F/port.o
 .comment       0x00000043       0x44 ./Src/FreeRTOS/portable/MemMang/heap_4.o
 .comment       0x00000043       0x44 ./Src/main.o
 .comment       0x00000043       0x44 ./Src/stm32f4xx_hal.o
 .comment       0x00000043       0x44 ./Src/stm32f4xx_hal_cortex.o
 .comment       0x00000043       0x44 ./Src/stm32f4xx_hal_dma.o
 .comment       0x00000043       0x44 ./Src/stm32f4xx_hal_gpio.o
 .comment       0x00000043       0x44 ./Src/stm32f4xx_hal_rcc.o
 .comment       0x00000043       0x44 ./Src/stm32f4xx_hal_uart.o
 .comment       0x00000043       0x44 ./Src/sysmem.o
 .comment       0x00000043       0x44 ./Src/system_stm32f4xx.o

.debug_frame    0x00000000     0x305c
 .debug_frame   0x00000000       0xc4 ./Src/FreeRTOS/list.o
 .debug_frame   0x000000c4      0x448 ./Src/FreeRTOS/queue.o
 .debug_frame   0x0000050c      0x73c ./Src/FreeRTOS/tasks.o
 .debug_frame   0x00000c48      0x160 ./Src/FreeRTOS/portable/GCC/ARM_CM4F/port.o
 .debug_frame   0x00000da8      0x158 ./Src/FreeRTOS/portable/MemMang/heap_4.o
 .debug_frame   0x00000f00      0x19c ./Src/main.o
 .debug_frame   0x0000109c      0x31c ./Src/stm32f4xx_hal.o
 .debug_frame   0x000013b8      0x470 ./Src/stm32f4xx_hal_cortex.o
 .debug_frame   0x00001828      0x230 ./Src/stm32f4xx_hal_dma.o
 .debug_frame   0x00001a58      0x130 ./Src/stm32f4xx_hal_gpio.o
 .debug_frame   0x00001b88      0x1d8 ./Src/stm32f4xx_hal_rcc.o
 .debug_frame   0x00001d60      0x8ec ./Src/stm32f4xx_hal_uart.o
 .debug_frame   0x0000264c       0x34 ./Src/sysmem.o
 .debug_frame   0x00002680       0x50 ./Src/system_stm32f4xx.o
 .debug_frame   0x000026d0      0x144 C:/ST/STM32CubeIDE_2.1.1/STM32CubeIDE/plugins/com.st.stm32cube.ide.mcu.externaltools.gnu-tools-for-stm32.14.3.rel1.win32_1.0.100.202602081740/tools/bin/../lib/gcc/arm-none-eabi/14.3.1/../../../../arm-none-eabi/lib/thumb/v7e-m+fp/hard\libc_nano.a(libc_a-findfp.o)
 .debug_frame   0x00002814       0x74 C:/ST/STM32CubeIDE_2.1.1/STM32CubeIDE/plugins/com.st.stm32cube.ide.mcu.externaltools.gnu-tools-for-stm32.14.3.rel1.win32_1.0.100.202602081740/tools/bin/../lib/gcc/arm-none-eabi/14.3.1/../../../../arm-none-eabi/lib/thumb/v7e-m+fp/hard\libc_nano.a(libc_a-sprintf.o)
 .debug_frame   0x00002888       0x80 C:/ST/STM32CubeIDE_2.1.1/STM32CubeIDE/plugins/com.st.stm32cube.ide.mcu.externaltools.gnu-tools-for-stm32.14.3.rel1.win32_1.0.100.202602081740/tools/bin/../lib/gcc/arm-none-eabi/14.3.1/../../../../arm-none-eabi/lib/thumb/v7e-m+fp/hard\libc_nano.a(libc_a-sscanf.o)
 .debug_frame   0x00002908       0x88 C:/ST/STM32CubeIDE_2.1.1/STM32CubeIDE/plugins/com.st.stm32cube.ide.mcu.externaltools.gnu-tools-for-stm32.14.3.rel1.win32_1.0.100.202602081740/tools/bin/../lib/gcc/arm-none-eabi/14.3.1/../../../../arm-none-eabi/lib/thumb/v7e-m+fp/hard\libc_nano.a(libc_a-stdio.o)
 .debug_frame   0x00002990       0x20 C:/ST/STM32CubeIDE_2.1.1/STM32CubeIDE/plugins/com.st.stm32cube.ide.mcu.externaltools.gnu-tools-for-stm32.14.3.rel1.win32_1.0.100.202602081740/tools/bin/../lib/gcc/arm-none-eabi/14.3.1/../../../../arm-none-eabi/lib/thumb/v7e-m+fp/hard\libc_nano.a(libc_a-memset.o)
 .debug_frame   0x000029b0       0x38 C:/ST/STM32CubeIDE_2.1.1/STM32CubeIDE/plugins/com.st.stm32cube.ide.mcu.externaltools.gnu-tools-for-stm32.14.3.rel1.win32_1.0.100.202602081740/tools/bin/../lib/gcc/arm-none-eabi/14.3.1/../../../../arm-none-eabi/lib/thumb/v7e-m+fp/hard\libc_nano.a(libc_a-reent.o)
 .debug_frame   0x000029e8       0x20 C:/ST/STM32CubeIDE_2.1.1/STM32CubeIDE/plugins/com.st.stm32cube.ide.mcu.externaltools.gnu-tools-for-stm32.14.3.rel1.win32_1.0.100.202602081740/tools/bin/../lib/gcc/arm-none-eabi/14.3.1/../../../../arm-none-eabi/lib/thumb/v7e-m+fp/hard\libc_nano.a(libc_a-errno.o)
 .debug_frame   0x00002a08       0x2c C:/ST/STM32CubeIDE_2.1.1/STM32CubeIDE/plugins/com.st.stm32cube.ide.mcu.externaltools.gnu-tools-for-stm32.14.3.rel1.win32_1.0.100.202602081740/tools/bin/../lib/gcc/arm-none-eabi/14.3.1/../../../../arm-none-eabi/lib/thumb/v7e-m+fp/hard\libc_nano.a(libc_a-init.o)
 .debug_frame   0x00002a34       0xb0 C:/ST/STM32CubeIDE_2.1.1/STM32CubeIDE/plugins/com.st.stm32cube.ide.mcu.externaltools.gnu-tools-for-stm32.14.3.rel1.win32_1.0.100.202602081740/tools/bin/../lib/gcc/arm-none-eabi/14.3.1/../../../../arm-none-eabi/lib/thumb/v7e-m+fp/hard\libc_nano.a(libc_a-lock.o)
 .debug_frame   0x00002ae4       0x28 C:/ST/STM32CubeIDE_2.1.1/STM32CubeIDE/plugins/com.st.stm32cube.ide.mcu.externaltools.gnu-tools-for-stm32.14.3.rel1.win32_1.0.100.202602081740/tools/bin/../lib/gcc/arm-none-eabi/14.3.1/../../../../arm-none-eabi/lib/thumb/v7e-m+fp/hard\libc_nano.a(libc_a-memcpy-stub.o)
 .debug_frame   0x00002b0c       0x20 C:/ST/STM32CubeIDE_2.1.1/STM32CubeIDE/plugins/com.st.stm32cube.ide.mcu.externaltools.gnu-tools-for-stm32.14.3.rel1.win32_1.0.100.202602081740/tools/bin/../lib/gcc/arm-none-eabi/14.3.1/../../../../arm-none-eabi/lib/thumb/v7e-m+fp/hard\libc_nano.a(libc_a-strlen.o)
 .debug_frame   0x00002b2c       0x38 C:/ST/STM32CubeIDE_2.1.1/STM32CubeIDE/plugins/com.st.stm32cube.ide.mcu.externaltools.gnu-tools-for-stm32.14.3.rel1.win32_1.0.100.202602081740/tools/bin/../lib/gcc/arm-none-eabi/14.3.1/../../../../arm-none-eabi/lib/thumb/v7e-m+fp/hard\libc_nano.a(libc_a-freer.o)
 .debug_frame   0x00002b64       0x50 C:/ST/STM32CubeIDE_2.1.1/STM32CubeIDE/plugins/com.st.stm32cube.ide.mcu.externaltools.gnu-tools-for-stm32.14.3.rel1.win32_1.0.100.202602081740/tools/bin/../lib/gcc/arm-none-eabi/14.3.1/../../../../arm-none-eabi/lib/thumb/v7e-m+fp/hard\libc_nano.a(libc_a-mallocr.o)
 .debug_frame   0x00002bb4       0x30 C:/ST/STM32CubeIDE_2.1.1/STM32CubeIDE/plugins/com.st.stm32cube.ide.mcu.externaltools.gnu-tools-for-stm32.14.3.rel1.win32_1.0.100.202602081740/tools/bin/../lib/gcc/arm-none-eabi/14.3.1/../../../../arm-none-eabi/lib/thumb/v7e-m+fp/hard\libc_nano.a(libc_a-mlock.o)
 .debug_frame   0x00002be4       0x90 C:/ST/STM32CubeIDE_2.1.1/STM32CubeIDE/plugins/com.st.stm32cube.ide.mcu.externaltools.gnu-tools-for-stm32.14.3.rel1.win32_1.0.100.202602081740/tools/bin/../lib/gcc/arm-none-eabi/14.3.1/../../../../arm-none-eabi/lib/thumb/v7e-m+fp/hard\libc_nano.a(libc_a-nano-svfprintf.o)
 .debug_frame   0x00002c74       0x78 C:/ST/STM32CubeIDE_2.1.1/STM32CubeIDE/plugins/com.st.stm32cube.ide.mcu.externaltools.gnu-tools-for-stm32.14.3.rel1.win32_1.0.100.202602081740/tools/bin/../lib/gcc/arm-none-eabi/14.3.1/../../../../arm-none-eabi/lib/thumb/v7e-m+fp/hard\libc_nano.a(libc_a-nano-svfscanf.o)
 .debug_frame   0x00002cec       0x60 C:/ST/STM32CubeIDE_2.1.1/STM32CubeIDE/plugins/com.st.stm32cube.ide.mcu.externaltools.gnu-tools-for-stm32.14.3.rel1.win32_1.0.100.202602081740/tools/bin/../lib/gcc/arm-none-eabi/14.3.1/../../../../arm-none-eabi/lib/thumb/v7e-m+fp/hard\libc_nano.a(libc_a-nano-vfprintf_i.o)
 .debug_frame   0x00002d4c       0x64 C:/ST/STM32CubeIDE_2.1.1/STM32CubeIDE/plugins/com.st.stm32cube.ide.mcu.externaltools.gnu-tools-for-stm32.14.3.rel1.win32_1.0.100.202602081740/tools/bin/../lib/gcc/arm-none-eabi/14.3.1/../../../../arm-none-eabi/lib/thumb/v7e-m+fp/hard\libc_nano.a(libc_a-nano-vfscanf_i.o)
 .debug_frame   0x00002db0       0x2c C:/ST/STM32CubeIDE_2.1.1/STM32CubeIDE/plugins/com.st.stm32cube.ide.mcu.externaltools.gnu-tools-for-stm32.14.3.rel1.win32_1.0.100.202602081740/tools/bin/../lib/gcc/arm-none-eabi/14.3.1/../../../../arm-none-eabi/lib/thumb/v7e-m+fp/hard\libc_nano.a(libc_a-sccl.o)
 .debug_frame   0x00002ddc       0x5c C:/ST/STM32CubeIDE_2.1.1/STM32CubeIDE/plugins/com.st.stm32cube.ide.mcu.externaltools.gnu-tools-for-stm32.14.3.rel1.win32_1.0.100.202602081740/tools/bin/../lib/gcc/arm-none-eabi/14.3.1/../../../../arm-none-eabi/lib/thumb/v7e-m+fp/hard\libc_nano.a(libc_a-ungetc.o)
 .debug_frame   0x00002e38       0x28 C:/ST/STM32CubeIDE_2.1.1/STM32CubeIDE/plugins/com.st.stm32cube.ide.mcu.externaltools.gnu-tools-for-stm32.14.3.rel1.win32_1.0.100.202602081740/tools/bin/../lib/gcc/arm-none-eabi/14.3.1/../../../../arm-none-eabi/lib/thumb/v7e-m+fp/hard\libc_nano.a(libc_a-memmove.o)
 .debug_frame   0x00002e60       0x2c C:/ST/STM32CubeIDE_2.1.1/STM32CubeIDE/plugins/com.st.stm32cube.ide.mcu.externaltools.gnu-tools-for-stm32.14.3.rel1.win32_1.0.100.202602081740/tools/bin/../lib/gcc/arm-none-eabi/14.3.1/../../../../arm-none-eabi/lib/thumb/v7e-m+fp/hard\libc_nano.a(libc_a-sbrkr.o)
 .debug_frame   0x00002e8c       0x4c C:/ST/STM32CubeIDE_2.1.1/STM32CubeIDE/plugins/com.st.stm32cube.ide.mcu.externaltools.gnu-tools-for-stm32.14.3.rel1.win32_1.0.100.202602081740/tools/bin/../lib/gcc/arm-none-eabi/14.3.1/../../../../arm-none-eabi/lib/thumb/v7e-m+fp/hard\libc_nano.a(libc_a-memchr.o)
 .debug_frame   0x00002ed8       0x3c C:/ST/STM32CubeIDE_2.1.1/STM32CubeIDE/plugins/com.st.stm32cube.ide.mcu.externaltools.gnu-tools-for-stm32.14.3.rel1.win32_1.0.100.202602081740/tools/bin/../lib/gcc/arm-none-eabi/14.3.1/../../../../arm-none-eabi/lib/thumb/v7e-m+fp/hard\libc_nano.a(libc_a-reallocr.o)
 .debug_frame   0x00002f14       0x64 C:/ST/STM32CubeIDE_2.1.1/STM32CubeIDE/plugins/com.st.stm32cube.ide.mcu.externaltools.gnu-tools-for-stm32.14.3.rel1.win32_1.0.100.202602081740/tools/bin/../lib/gcc/arm-none-eabi/14.3.1/../../../../arm-none-eabi/lib/thumb/v7e-m+fp/hard\libc_nano.a(libc_a-strtol.o)
 .debug_frame   0x00002f78       0x64 C:/ST/STM32CubeIDE_2.1.1/STM32CubeIDE/plugins/com.st.stm32cube.ide.mcu.externaltools.gnu-tools-for-stm32.14.3.rel1.win32_1.0.100.202602081740/tools/bin/../lib/gcc/arm-none-eabi/14.3.1/../../../../arm-none-eabi/lib/thumb/v7e-m+fp/hard\libc_nano.a(libc_a-strtoul.o)
 .debug_frame   0x00002fdc       0x20 C:/ST/STM32CubeIDE_2.1.1/STM32CubeIDE/plugins/com.st.stm32cube.ide.mcu.externaltools.gnu-tools-for-stm32.14.3.rel1.win32_1.0.100.202602081740/tools/bin/../lib/gcc/arm-none-eabi/14.3.1/../../../../arm-none-eabi/lib/thumb/v7e-m+fp/hard\libc_nano.a(libc_a-msizer.o)
 .debug_frame   0x00002ffc       0x2c C:/ST/STM32CubeIDE_2.1.1/STM32CubeIDE/plugins/com.st.stm32cube.ide.mcu.externaltools.gnu-tools-for-stm32.14.3.rel1.win32_1.0.100.202602081740/tools/bin/../lib/gcc/arm-none-eabi/14.3.1/thumb/v7e-m+fp/hard\libgcc.a(_aeabi_uldivmod.o)
 .debug_frame   0x00003028       0x34 C:/ST/STM32CubeIDE_2.1.1/STM32CubeIDE/plugins/com.st.stm32cube.ide.mcu.externaltools.gnu-tools-for-stm32.14.3.rel1.win32_1.0.100.202602081740/tools/bin/../lib/gcc/arm-none-eabi/14.3.1/thumb/v7e-m+fp/hard\libgcc.a(_udivmoddi4.o)

.debug_line_str
                0x00000000       0x9e
 .debug_line_str
                0x00000000       0x9e ./Startup/startup_stm32f411retx.o